/home/felipe/Documents/Estructuras/LedBLink-C/Drivers/STM32L4xx_HAL_Driver/Inc/stm32l4xx_ll_bus.h:563:22:LL_AHB2_GRP1_EnableClock	24	static
/home/felipe/Documents/Estructuras/LedBLink-C/Drivers/STM32L4xx_HAL_Driver/Inc/stm32l4xx_ll_gpio.h:285:22:LL_GPIO_SetPinMode	48	static,ignoring_inline_asm
/home/felipe/Documents/Estructuras/LedBLink-C/Drivers/STM32L4xx_HAL_Driver/Inc/stm32l4xx_ll_gpio.h:956:22:LL_GPIO_SetOutputPin	16	static
/home/felipe/Documents/Estructuras/LedBLink-C/Drivers/STM32L4xx_HAL_Driver/Inc/stm32l4xx_ll_gpio.h:985:22:LL_GPIO_ResetOutputPin	16	static
/home/felipe/Documents/Estructuras/LedBLink-C/Drivers/STM32L4xx_HAL_Driver/Inc/stm32l4xx_ll_gpio.h:1014:22:LL_GPIO_TogglePin	24	static
../Drivers/MFS_Driver/Source/MFS_Dx.c:10:6:MFS_Dx_Init	8	static
../Drivers/MFS_Driver/Source/MFS_Dx.c:21:6:MFS_D1_On	8	static
../Drivers/MFS_Driver/Source/MFS_Dx.c:26:6:MFS_D2_On	8	static
../Drivers/MFS_Driver/Source/MFS_Dx.c:31:6:MFS_D3_On	8	static
../Drivers/MFS_Driver/Source/MFS_Dx.c:36:6:MFS_D4_On	8	static
../Drivers/MFS_Driver/Source/MFS_Dx.c:42:6:MFS_D1_Off	8	static
../Drivers/MFS_Driver/Source/MFS_Dx.c:46:6:MFS_D2_Off	8	static
../Drivers/MFS_Driver/Source/MFS_Dx.c:50:6:MFS_D3_Off	8	static
../Drivers/MFS_Driver/Source/MFS_Dx.c:54:6:MFS_D4_Off	8	static
../Drivers/MFS_Driver/Source/MFS_Dx.c:59:6:MFS_D1_Toggle	8	static
../Drivers/MFS_Driver/Source/MFS_Dx.c:63:6:MFS_D2_Toggle	8	static
../Drivers/MFS_Driver/Source/MFS_Dx.c:67:6:MFS_D3_Toggle	8	static
../Drivers/MFS_Driver/Source/MFS_Dx.c:71:6:MFS_D4_Toggle	8	static
