Archive member included to satisfy reference by file (symbol)

/opt/st/stm32cubeide_1.12.0/plugins/com.st.stm32cube.ide.mcu.externaltools.gnu-tools-for-stm32.10.3-2021.10.linux64_1.0.200.202301161003/tools/bin/../lib/gcc/arm-none-eabi/10.3.1/../../../../arm-none-eabi/lib/thumb/v7e-m+fp/hard/libc_nano.a(lib_a-errno.o)
                              ./Core/Src/syscalls.o (__errno)
/opt/st/stm32cubeide_1.12.0/plugins/com.st.stm32cube.ide.mcu.externaltools.gnu-tools-for-stm32.10.3-2021.10.linux64_1.0.200.202301161003/tools/bin/../lib/gcc/arm-none-eabi/10.3.1/../../../../arm-none-eabi/lib/thumb/v7e-m+fp/hard/libc_nano.a(lib_a-exit.o)
                              /opt/st/stm32cubeide_1.12.0/plugins/com.st.stm32cube.ide.mcu.externaltools.gnu-tools-for-stm32.10.3-2021.10.linux64_1.0.200.202301161003/tools/bin/../lib/gcc/arm-none-eabi/10.3.1/../../../../arm-none-eabi/lib/thumb/v7e-m+fp/hard/crt0.o (exit)
/opt/st/stm32cubeide_1.12.0/plugins/com.st.stm32cube.ide.mcu.externaltools.gnu-tools-for-stm32.10.3-2021.10.linux64_1.0.200.202301161003/tools/bin/../lib/gcc/arm-none-eabi/10.3.1/../../../../arm-none-eabi/lib/thumb/v7e-m+fp/hard/libc_nano.a(lib_a-impure.o)
                              /opt/st/stm32cubeide_1.12.0/plugins/com.st.stm32cube.ide.mcu.externaltools.gnu-tools-for-stm32.10.3-2021.10.linux64_1.0.200.202301161003/tools/bin/../lib/gcc/arm-none-eabi/10.3.1/../../../../arm-none-eabi/lib/thumb/v7e-m+fp/hard/libc_nano.a(lib_a-exit.o) (_global_impure_ptr)
/opt/st/stm32cubeide_1.12.0/plugins/com.st.stm32cube.ide.mcu.externaltools.gnu-tools-for-stm32.10.3-2021.10.linux64_1.0.200.202301161003/tools/bin/../lib/gcc/arm-none-eabi/10.3.1/../../../../arm-none-eabi/lib/thumb/v7e-m+fp/hard/libc_nano.a(lib_a-init.o)
                              /opt/st/stm32cubeide_1.12.0/plugins/com.st.stm32cube.ide.mcu.externaltools.gnu-tools-for-stm32.10.3-2021.10.linux64_1.0.200.202301161003/tools/bin/../lib/gcc/arm-none-eabi/10.3.1/../../../../arm-none-eabi/lib/thumb/v7e-m+fp/hard/crt0.o (__libc_init_array)
/opt/st/stm32cubeide_1.12.0/plugins/com.st.stm32cube.ide.mcu.externaltools.gnu-tools-for-stm32.10.3-2021.10.linux64_1.0.200.202301161003/tools/bin/../lib/gcc/arm-none-eabi/10.3.1/../../../../arm-none-eabi/lib/thumb/v7e-m+fp/hard/libc_nano.a(lib_a-memset.o)
                              /opt/st/stm32cubeide_1.12.0/plugins/com.st.stm32cube.ide.mcu.externaltools.gnu-tools-for-stm32.10.3-2021.10.linux64_1.0.200.202301161003/tools/bin/../lib/gcc/arm-none-eabi/10.3.1/../../../../arm-none-eabi/lib/thumb/v7e-m+fp/hard/crt0.o (memset)

Discarded input sections

 .text          0x0000000000000000        0x0 /opt/st/stm32cubeide_1.12.0/plugins/com.st.stm32cube.ide.mcu.externaltools.gnu-tools-for-stm32.10.3-2021.10.linux64_1.0.200.202301161003/tools/bin/../lib/gcc/arm-none-eabi/10.3.1/thumb/v7e-m+fp/hard/crti.o
 .data          0x0000000000000000        0x0 /opt/st/stm32cubeide_1.12.0/plugins/com.st.stm32cube.ide.mcu.externaltools.gnu-tools-for-stm32.10.3-2021.10.linux64_1.0.200.202301161003/tools/bin/../lib/gcc/arm-none-eabi/10.3.1/thumb/v7e-m+fp/hard/crti.o
 .bss           0x0000000000000000        0x0 /opt/st/stm32cubeide_1.12.0/plugins/com.st.stm32cube.ide.mcu.externaltools.gnu-tools-for-stm32.10.3-2021.10.linux64_1.0.200.202301161003/tools/bin/../lib/gcc/arm-none-eabi/10.3.1/thumb/v7e-m+fp/hard/crti.o
 .data          0x0000000000000000        0x4 /opt/st/stm32cubeide_1.12.0/plugins/com.st.stm32cube.ide.mcu.externaltools.gnu-tools-for-stm32.10.3-2021.10.linux64_1.0.200.202301161003/tools/bin/../lib/gcc/arm-none-eabi/10.3.1/thumb/v7e-m+fp/hard/crtbegin.o
 .rodata        0x0000000000000000       0x24 /opt/st/stm32cubeide_1.12.0/plugins/com.st.stm32cube.ide.mcu.externaltools.gnu-tools-for-stm32.10.3-2021.10.linux64_1.0.200.202301161003/tools/bin/../lib/gcc/arm-none-eabi/10.3.1/thumb/v7e-m+fp/hard/crtbegin.o
 .text          0x0000000000000000       0x7c /opt/st/stm32cubeide_1.12.0/plugins/com.st.stm32cube.ide.mcu.externaltools.gnu-tools-for-stm32.10.3-2021.10.linux64_1.0.200.202301161003/tools/bin/../lib/gcc/arm-none-eabi/10.3.1/../../../../arm-none-eabi/lib/thumb/v7e-m+fp/hard/crt0.o
 .data          0x0000000000000000        0x0 /opt/st/stm32cubeide_1.12.0/plugins/com.st.stm32cube.ide.mcu.externaltools.gnu-tools-for-stm32.10.3-2021.10.linux64_1.0.200.202301161003/tools/bin/../lib/gcc/arm-none-eabi/10.3.1/../../../../arm-none-eabi/lib/thumb/v7e-m+fp/hard/crt0.o
 .bss           0x0000000000000000        0x0 /opt/st/stm32cubeide_1.12.0/plugins/com.st.stm32cube.ide.mcu.externaltools.gnu-tools-for-stm32.10.3-2021.10.linux64_1.0.200.202301161003/tools/bin/../lib/gcc/arm-none-eabi/10.3.1/../../../../arm-none-eabi/lib/thumb/v7e-m+fp/hard/crt0.o
 .ARM.extab     0x0000000000000000        0x0 /opt/st/stm32cubeide_1.12.0/plugins/com.st.stm32cube.ide.mcu.externaltools.gnu-tools-for-stm32.10.3-2021.10.linux64_1.0.200.202301161003/tools/bin/../lib/gcc/arm-none-eabi/10.3.1/../../../../arm-none-eabi/lib/thumb/v7e-m+fp/hard/crt0.o
[...]
Memory Configuration

Name             Origin             Length             Attributes
RAM              0x0000000020000000 0x0000000000018000 xrw
RAM2             0x0000000010000000 0x0000000000008000 xrw
FLASH            0x0000000008000000 0x0000000000100000 xr
*default*        0x0000000000000000 0xffffffffffffffff

Linker script and memory map

LOAD /opt/st/stm32cubeide_1.12.0/plugins/com.st.stm32cube.ide.mcu.externaltools.gnu-tools-for-stm32.10.3-2021.10.linux64_1.0.200.202301161003/tools/bin/../lib/gcc/arm-none-eabi/10.3.1/thumb/v7e-m+fp/hard/crti.o
LOAD /opt/st/stm32cubeide_1.12.0/plugins/com.st.stm32cube.ide.mcu.externaltools.gnu-tools-for-stm32.10.3-2021.10.linux64_1.0.200.202301161003/tools/bin/../lib/gcc/arm-none-eabi/10.3.1/thumb/v7e-m+fp/hard/crtbegin.o
LOAD /opt/st/stm32cubeide_1.12.0/plugins/com.st.stm32cube.ide.mcu.externaltools.gnu-tools-for-stm32.10.3-2021.10.linux64_1.0.200.202301161003/tools/bin/../lib/gcc/arm-none-eabi/10.3.1/../../../../arm-none-eabi/lib/thumb/v7e-m+fp/hard/crt0.o
LOAD ./Core/Src/main.o
LOAD ./Core/Src/stm32l4xx_hal_msp.o
LOAD ./Core/Src/stm32l4xx_it.o
LOAD ./Core/Src/syscalls.o
LOAD ./Core/Src/sysmem.o
LOAD ./Core/Src/system_stm32l4xx.o
LOAD ./Core/Startup/startup_stm32l476rgtx.o
LOAD ./Drivers/STM32L4xx_HAL_Driver/Src/stm32l4xx_hal.o
LOAD ./Drivers/STM32L4xx_HAL_Driver/Src/stm32l4xx_hal_cortex.o
LOAD ./Drivers/STM32L4xx_HAL_Driver/Src/stm32l4xx_hal_dma.o
LOAD ./Drivers/STM32L4xx_HAL_Driver/Src/stm32l4xx_hal_dma_ex.o
LOAD ./Drivers/STM32L4xx_HAL_Driver/Src/stm32l4xx_hal_exti.o
LOAD ./Drivers/STM32L4xx_HAL_Driver/Src/stm32l4xx_hal_flash.o
LOAD ./Drivers/STM32L4xx_HAL_Driver/Src/stm32l4xx_hal_flash_ex.o
LOAD ./Drivers/STM32L4xx_HAL_Driver/Src/stm32l4xx_hal_flash_ramfunc.o
LOAD ./Drivers/STM32L4xx_HAL_Driver/Src/stm32l4xx_hal_gpio.o
LOAD ./Drivers/STM32L4xx_HAL_Driver/Src/stm32l4xx_hal_pwr.o
LOAD ./Drivers/STM32L4xx_HAL_Driver/Src/stm32l4xx_hal_pwr_ex.o
LOAD ./Drivers/STM32L4xx_HAL_Driver/Src/stm32l4xx_hal_rcc.o
LOAD ./Drivers/STM32L4xx_HAL_Driver/Src/stm32l4xx_hal_rcc_ex.o
LOAD ./Drivers/STM32L4xx_HAL_Driver/Src/stm32l4xx_hal_tim.o
LOAD ./Drivers/STM32L4xx_HAL_Driver/Src/stm32l4xx_hal_tim_ex.o
LOAD ./Peripheral/Core/GPIO.o
LOAD ./Peripheral/Core/INTERRUPTS.o
LOAD ./Peripheral/Core/SysConfig.o
START GROUP
LOAD /opt/st/stm32cubeide_1.12.0/plugins/com.st.stm32cube.ide.mcu.externaltools.gnu-tools-for-stm32.10.3-2021.10.linux64_1.0.200.202301161003/tools/bin/../lib/gcc/arm-none-eabi/10.3.1/../../../../arm-none-eabi/lib/thumb/v7e-m+fp/hard/libc_nano.a
LOAD /opt/st/stm32cubeide_1.12.0/plugins/com.st.stm32cube.ide.mcu.externaltools.gnu-tools-for-stm32.10.3-2021.10.linux64_1.0.200.202301161003/tools/bin/../lib/gcc/arm-none-eabi/10.3.1/../../../../arm-none-eabi/lib/thumb/v7e-m+fp/hard/libm.a
END GROUP
START GROUP
LOAD /opt/st/stm32cubeide_1.12.0/plugins/com.st.stm32cube.ide.mcu.externaltools.gnu-tools-for-stm32.10.3-2021.10.linux64_1.0.200.202301161003/tools/bin/../lib/gcc/arm-none-eabi/10.3.1/thumb/v7e-m+fp/hard/libgcc.a
LOAD /opt/st/stm32cubeide_1.12.0/plugins/com.st.stm32cube.ide.mcu.externaltools.gnu-tools-for-stm32.10.3-2021.10.linux64_1.0.200.202301161003/tools/bin/../lib/gcc/arm-none-eabi/10.3.1/../../../../arm-none-eabi/lib/thumb/v7e-m+fp/hard/libc_nano.a
END GROUP
START GROUP
LOAD /opt/st/stm32cubeide_1.12.0/plugins/com.st.stm32cube.ide.mcu.externaltools.gnu-tools-for-stm32.10.3-2021.10.linux64_1.0.200.202301161003/tools/bin/../lib/gcc/arm-none-eabi/10.3.1/thumb/v7e-m+fp/hard/libgcc.a
LOAD /opt/st/stm32cubeide_1.12.0/plugins/com.st.stm32cube.ide.mcu.externaltools.gnu-tools-for-stm32.10.3-2021.10.linux64_1.0.200.202301161003/tools/bin/../lib/gcc/arm-none-eabi/10.3.1/../../../../arm-none-eabi/lib/thumb/v7e-m+fp/hard/libc_nano.a
LOAD /opt/st/stm32cubeide_1.12.0/plugins/com.st.stm32cube.ide.mcu.externaltools.gnu-tools-for-stm32.10.3-2021.10.linux64_1.0.200.202301161003/tools/bin/../lib/gcc/arm-none-eabi/10.3.1/../../../../arm-none-eabi/lib/thumb/v7e-m+fp/hard/libnosys.a
END GROUP
START GROUP
LOAD /opt/st/stm32cubeide_1.12.0/plugins/com.st.stm32cube.ide.mcu.externaltools.gnu-tools-for-stm32.10.3-2021.10.linux64_1.0.200.202301161003/tools/bin/../lib/gcc/arm-none-eabi/10.3.1/thumb/v7e-m+fp/hard/libgcc.a
LOAD /opt/st/stm32cubeide_1.12.0/plugins/com.st.stm32cube.ide.mcu.externaltools.gnu-tools-for-stm32.10.3-2021.10.linux64_1.0.200.202301161003/tools/bin/../lib/gcc/arm-none-eabi/10.3.1/../../../../arm-none-eabi/lib/thumb/v7e-m+fp/hard/libc_nano.a
LOAD /opt/st/stm32cubeide_1.12.0/plugins/com.st.stm32cube.ide.mcu.externaltools.gnu-tools-for-stm32.10.3-2021.10.linux64_1.0.200.202301161003/tools/bin/../lib/gcc/arm-none-eabi/10.3.1/../../../../arm-none-eabi/lib/thumb/v7e-m+fp/hard/libnosys.a
END GROUP
LOAD /opt/st/stm32cubeide_1.12.0/plugins/com.st.stm32cube.ide.mcu.externaltools.gnu-tools-for-stm32.10.3-2021.10.linux64_1.0.200.202301161003/tools/bin/../lib/gcc/arm-none-eabi/10.3.1/thumb/v7e-m+fp/hard/crtend.o
LOAD /opt/st/stm32cubeide_1.12.0/plugins/com.st.stm32cube.ide.mcu.externaltools.gnu-tools-for-stm32.10.3-2021.10.linux64_1.0.200.202301161003/tools/bin/../lib/gcc/arm-none-eabi/10.3.1/thumb/v7e-m+fp/hard/crtn.o
                0x0000000020018000                _estack = (ORIGIN (RAM) + LENGTH (RAM))
                0x0000000000000200                _Min_Heap_Size = 0x200
                0x0000000000000400                _Min_Stack_Size = 0x400

.isr_vector     0x0000000008000000      0x188
                0x0000000008000000                . = ALIGN (0x4)
 *(.isr_vector)
 .isr_vector    0x0000000008000000      0x188 ./Core/Startup/startup_stm32l476rgtx.o
                0x0000000008000000                g_pfnVectors
                0x0000000008000188                . = ALIGN (0x4)

.text           0x0000000008000188     0x1644
                0x0000000008000188                . = ALIGN (0x4)
 *(.text)
 .text          0x0000000008000188       0x40 /opt/st/stm32cubeide_1.12.0/plugins/com.st.stm32cube.ide.mcu.externaltools.gnu-tools-for-stm32.10.3-2021.10.linux64_1.0.200.202301161003/tools/bin/../lib/gcc/arm-none-eabi/10.3.1/thumb/v7e-m+fp/hard/crtbegin.o
 *(.text*)
 .text.main     0x00000000080001c8       0x30 ./Core/Src/main.o
                0x00000000080001c8                main
 .text.HAL_GPIO_EXTI_Callback
                0x00000000080001f8       0x28 ./Core/Src/main.o
                0x00000000080001f8                HAL_GPIO_EXTI_Callback
 .text.HAL_MspInit
                0x0000000008000220       0x48 ./Core/Src/stm32l4xx_hal_msp.o
                0x0000000008000220                HAL_MspInit
 .text.NMI_Handler
                0x0000000008000268        0x6 ./Core/Src/stm32l4xx_it.o
                0x0000000008000268                NMI_Handler
 .text.HardFault_Handler
                0x000000000800026e        0x6 ./Core/Src/stm32l4xx_it.o
                0x000000000800026e                HardFault_Handler
 .text.MemManage_Handler
                0x0000000008000274        0x6 ./Core/Src/stm32l4xx_it.o
                0x0000000008000274                MemManage_Handler
 .text.BusFault_Handler
                0x000000000800027a        0x6 ./Core/Src/stm32l4xx_it.o
                0x000000000800027a                BusFault_Handler
 .text.UsageFault_Handler
                0x0000000008000280        0x6 ./Core/Src/stm32l4xx_it.o
                0x0000000008000280                UsageFault_Handler
 .text.SVC_Handler
                0x0000000008000286        0xe ./Core/Src/stm32l4xx_it.o
                0x0000000008000286                SVC_Handler
 .text.DebugMon_Handler
                0x0000000008000294        0xe ./Core/Src/stm32l4xx_it.o
                0x0000000008000294                DebugMon_Handler
 .text.PendSV_Handler
                0x00000000080002a2        0xe ./Core/Src/stm32l4xx_it.o
                0x00000000080002a2                PendSV_Handler
 .text.SysTick_Handler
                0x00000000080002b0        0xc ./Core/Src/stm32l4xx_it.o
                0x00000000080002b0                SysTick_Handler
 .text.EXTI15_10_IRQHandler
                0x00000000080002bc       0x10 ./Core/Src/stm32l4xx_it.o
                0x00000000080002bc                EXTI15_10_IRQHandler
 .text.SystemInit
                0x00000000080002cc       0x24 ./Core/Src/system_stm32l4xx.o
                0x00000000080002cc                SystemInit
 .text.Reset_Handler
                0x00000000080002f0       0x50 ./Core/Startup/startup_stm32l476rgtx.o
                0x00000000080002f0                Reset_Handler
 .text.Default_Handler
                0x0000000008000340        0x2 ./Core/Startup/startup_stm32l476rgtx.o
                0x0000000008000340                RTC_Alarm_IRQHandler
                0x0000000008000340                EXTI2_IRQHandler
                0x0000000008000340                TIM8_TRG_COM_IRQHandler
                0x0000000008000340                TIM8_CC_IRQHandler
                0x0000000008000340                TIM1_CC_IRQHandler
                0x0000000008000340                TSC_IRQHandler
                0x0000000008000340                TAMP_STAMP_IRQHandler
                0x0000000008000340                EXTI3_IRQHandler
                0x0000000008000340                LPTIM2_IRQHandler
                0x0000000008000340                DFSDM1_FLT1_IRQHandler
                0x0000000008000340                I2C3_ER_IRQHandler
                0x0000000008000340                DFSDM1_FLT2_IRQHandler
                0x0000000008000340                EXTI0_IRQHandler
                0x0000000008000340                I2C2_EV_IRQHandler
                0x0000000008000340                CAN1_RX0_IRQHandler
                0x0000000008000340                FPU_IRQHandler
                0x0000000008000340                TIM1_UP_TIM16_IRQHandler
                0x0000000008000340                ADC1_2_IRQHandler
                0x0000000008000340                SPI1_IRQHandler
                0x0000000008000340                TIM6_DAC_IRQHandler
                0x0000000008000340                TIM8_UP_IRQHandler
                0x0000000008000340                DMA2_Channel2_IRQHandler
                0x0000000008000340                DMA1_Channel4_IRQHandler
                0x0000000008000340                SAI2_IRQHandler
                0x0000000008000340                DFSDM1_FLT3_IRQHandler
                0x0000000008000340                USART3_IRQHandler
                0x0000000008000340                DMA1_Channel7_IRQHandler
                0x0000000008000340                CAN1_RX1_IRQHandler
                0x0000000008000340                LCD_IRQHandler
                0x0000000008000340                UART5_IRQHandler
                0x0000000008000340                ADC3_IRQHandler
                0x0000000008000340                TIM4_IRQHandler
                0x0000000008000340                DMA2_Channel1_IRQHandler
                0x0000000008000340                QUADSPI_IRQHandler
                0x0000000008000340                I2C1_EV_IRQHandler
                0x0000000008000340                DMA1_Channel6_IRQHandler
                0x0000000008000340                UART4_IRQHandler
                0x0000000008000340                DMA2_Channel4_IRQHandler
                0x0000000008000340                TIM3_IRQHandler
                0x0000000008000340                RCC_IRQHandler
                0x0000000008000340                DMA1_Channel1_IRQHandler
                0x0000000008000340                Default_Handler
                0x0000000008000340                DMA2_Channel7_IRQHandler
                0x0000000008000340                TIM7_IRQHandler
                0x0000000008000340                SDMMC1_IRQHandler
                0x0000000008000340                TIM5_IRQHandler
                0x0000000008000340                I2C3_EV_IRQHandler
                0x0000000008000340                EXTI9_5_IRQHandler
                0x0000000008000340                RTC_WKUP_IRQHandler
                0x0000000008000340                PVD_PVM_IRQHandler
                0x0000000008000340                SPI2_IRQHandler
                0x0000000008000340                CAN1_TX_IRQHandler
                0x0000000008000340                DMA2_Channel5_IRQHandler
                0x0000000008000340                DMA1_Channel5_IRQHandler
                0x0000000008000340                EXTI4_IRQHandler
                0x0000000008000340                RNG_IRQHandler
                0x0000000008000340                TIM1_TRG_COM_TIM17_IRQHandler
                0x0000000008000340                DMA1_Channel3_IRQHandler
                0x0000000008000340                COMP_IRQHandler
                0x0000000008000340                WWDG_IRQHandler
                0x0000000008000340                LPUART1_IRQHandler
                0x0000000008000340                DMA2_Channel6_IRQHandler
                0x0000000008000340                TIM2_IRQHandler
                0x0000000008000340                EXTI1_IRQHandler
                0x0000000008000340                USART2_IRQHandler
                0x0000000008000340                DFSDM1_FLT0_IRQHandler
                0x0000000008000340                I2C2_ER_IRQHandler
                0x0000000008000340                DMA1_Channel2_IRQHandler
                0x0000000008000340                TIM8_BRK_IRQHandler
                0x0000000008000340                CAN1_SCE_IRQHandler
                0x0000000008000340                FLASH_IRQHandler
                0x0000000008000340                USART1_IRQHandler
                0x0000000008000340                OTG_FS_IRQHandler
                0x0000000008000340                SPI3_IRQHandler
                0x0000000008000340                I2C1_ER_IRQHandler
                0x0000000008000340                FMC_IRQHandler
                0x0000000008000340                SWPMI1_IRQHandler
                0x0000000008000340                LPTIM1_IRQHandler
                0x0000000008000340                SAI1_IRQHandler
                0x0000000008000340                DMA2_Channel3_IRQHandler
                0x0000000008000340                TIM1_BRK_TIM15_IRQHandler
 *fill*         0x0000000008000342        0x2 
 .text.HAL_Init
                0x0000000008000344       0x40 ./Drivers/STM32L4xx_HAL_Driver/Src/stm32l4xx_hal.o
                0x0000000008000344                HAL_Init
 .text.HAL_InitTick
                0x0000000008000384       0x78 ./Drivers/STM32L4xx_HAL_Driver/Src/stm32l4xx_hal.o
                0x0000000008000384                HAL_InitTick
 .text.HAL_IncTick
                0x00000000080003fc       0x28 ./Drivers/STM32L4xx_HAL_Driver/Src/stm32l4xx_hal.o
                0x00000000080003fc                HAL_IncTick
 .text.HAL_GetTick
                0x0000000008000424       0x18 ./Drivers/STM32L4xx_HAL_Driver/Src/stm32l4xx_hal.o
                0x0000000008000424                HAL_GetTick
 .text.__NVIC_SetPriorityGrouping
                0x000000000800043c       0x48 ./Drivers/STM32L4xx_HAL_Driver/Src/stm32l4xx_hal_cortex.o
 .text.__NVIC_GetPriorityGrouping
                0x0000000008000484       0x1c ./Drivers/STM32L4xx_HAL_Driver/Src/stm32l4xx_hal_cortex.o
 .text.__NVIC_SetPriority
                0x00000000080004a0       0x54 ./Drivers/STM32L4xx_HAL_Driver/Src/stm32l4xx_hal_cortex.o
 .text.NVIC_EncodePriority
                0x00000000080004f4       0x66 ./Drivers/STM32L4xx_HAL_Driver/Src/stm32l4xx_hal_cortex.o
 *fill*         0x000000000800055a        0x2 
 .text.SysTick_Config
                0x000000000800055c       0x44 ./Drivers/STM32L4xx_HAL_Driver/Src/stm32l4xx_hal_cortex.o
 .text.HAL_NVIC_SetPriorityGrouping
                0x00000000080005a0       0x16 ./Drivers/STM32L4xx_HAL_Driver/Src/stm32l4xx_hal_cortex.o
                0x00000000080005a0                HAL_NVIC_SetPriorityGrouping
 .text.HAL_NVIC_SetPriority
                0x00000000080005b6       0x38 ./Drivers/STM32L4xx_HAL_Driver/Src/stm32l4xx_hal_cortex.o
                0x00000000080005b6                HAL_NVIC_SetPriority
 .text.HAL_SYSTICK_Config
                0x00000000080005ee       0x18 ./Drivers/STM32L4xx_HAL_Driver/Src/stm32l4xx_hal_cortex.o
                0x00000000080005ee                HAL_SYSTICK_Config
 *fill*         0x0000000008000606        0x2 
 .text.HAL_GPIO_Init
                0x0000000008000608      0x354 ./Drivers/STM32L4xx_HAL_Driver/Src/stm32l4xx_hal_gpio.o
                0x0000000008000608                HAL_GPIO_Init
 .text.HAL_GPIO_TogglePin
                0x000000000800095c       0x34 ./Drivers/STM32L4xx_HAL_Driver/Src/stm32l4xx_hal_gpio.o
                0x000000000800095c                HAL_GPIO_TogglePin
 .text.HAL_GPIO_EXTI_IRQHandler
                0x0000000008000990       0x30 ./Drivers/STM32L4xx_HAL_Driver/Src/stm32l4xx_hal_gpio.o
                0x0000000008000990                HAL_GPIO_EXTI_IRQHandler
 .text.HAL_PWREx_GetVoltageRange
                0x00000000080009c0       0x1c ./Drivers/STM32L4xx_HAL_Driver/Src/stm32l4xx_hal_pwr_ex.o
                0x00000000080009c0                HAL_PWREx_GetVoltageRange
 .text.HAL_RCC_OscConfig
                0x00000000080009dc      0x7b8 ./Drivers/STM32L4xx_HAL_Driver/Src/stm32l4xx_hal_rcc.o
                0x00000000080009dc                HAL_RCC_OscConfig
 .text.HAL_RCC_ClockConfig
                0x0000000008001194      0x200 ./Drivers/STM32L4xx_HAL_Driver/Src/stm32l4xx_hal_rcc.o
                0x0000000008001194                HAL_RCC_ClockConfig
 .text.HAL_RCC_GetSysClockFreq
                0x0000000008001394      0x118 ./Drivers/STM32L4xx_HAL_Driver/Src/stm32l4xx_hal_rcc.o
                0x0000000008001394                HAL_RCC_GetSysClockFreq
 .text.RCC_SetFlashLatencyFromMSIRange
                0x00000000080014ac       0xc0 ./Drivers/STM32L4xx_HAL_Driver/Src/stm32l4xx_hal_rcc.o
 .text.GPIO_Led_Init
                0x000000000800156c       0x54 ./Peripheral/Core/GPIO.o
                0x000000000800156c                GPIO_Led_Init
 .text.GPIO_Led_Toggle
                0x00000000080015c0       0x12 ./Peripheral/Core/GPIO.o
                0x00000000080015c0                GPIO_Led_Toggle
 *fill*         0x00000000080015d2        0x2 
 .text.__NVIC_EnableIRQ
                0x00000000080015d4       0x3c ./Peripheral/Core/INTERRUPTS.o
 .text.__NVIC_SetPriority
                0x0000000008001610       0x54 ./Peripheral/Core/INTERRUPTS.o
 .text.User_Button_Interrupt_Init
                0x0000000008001664       0x68 ./Peripheral/Core/INTERRUPTS.o
                0x0000000008001664                User_Button_Interrupt_Init
 .text.SysConfigClock
                0x00000000080016cc       0x8e ./Peripheral/Core/SysConfig.o
                0x00000000080016cc                SysConfigClock
 *fill*         0x000000000800175a        0x2 
 .text.__libc_init_array
                0x000000000800175c       0x48 /opt/st/stm32cubeide_1.12.0/plugins/com.st.stm32cube.ide.mcu.externaltools.gnu-tools-for-stm32.10.3-2021.10.linux64_1.0.200.202301161003/tools/bin/../lib/gcc/arm-none-eabi/10.3.1/../../../../arm-none-eabi/lib/thumb/v7e-m+fp/hard/libc_nano.a(lib_a-init.o)
                0x000000000800175c                __libc_init_array
 .text.memset   0x00000000080017a4       0x10 /opt/st/stm32cubeide_1.12.0/plugins/com.st.stm32cube.ide.mcu.externaltools.gnu-tools-for-stm32.10.3-2021.10.linux64_1.0.200.202301161003/tools/bin/../lib/gcc/arm-none-eabi/10.3.1/../../../../arm-none-eabi/lib/thumb/v7e-m+fp/hard/libc_nano.a(lib_a-memset.o)
                0x00000000080017a4                memset
 *(.glue_7)
 .glue_7        0x00000000080017b4        0x0 linker stubs
 *(.glue_7t)
 .glue_7t       0x00000000080017b4        0x0 linker stubs
 *(.eh_frame)
 .eh_frame      0x00000000080017b4        0x0 /opt/st/stm32cubeide_1.12.0/plugins/com.st.stm32cube.ide.mcu.externaltools.gnu-tools-for-stm32.10.3-2021.10.linux64_1.0.200.202301161003/tools/bin/../lib/gcc/arm-none-eabi/10.3.1/thumb/v7e-m+fp/hard/crtbegin.o
 *(.init)
 .init          0x00000000080017b4        0x4 /opt/st/stm32cubeide_1.12.0/plugins/com.st.stm32cube.ide.mcu.externaltools.gnu-tools-for-stm32.10.3-2021.10.linux64_1.0.200.202301161003/tools/bin/../lib/gcc/arm-none-eabi/10.3.1/thumb/v7e-m+fp/hard/crti.o
                0x00000000080017b4                _init
 .init          0x00000000080017b8        0x8 /opt/st/stm32cubeide_1.12.0/plugins/com.st.stm32cube.ide.mcu.externaltools.gnu-tools-for-stm32.10.3-2021.10.linux64_1.0.200.202301161003/tools/bin/../lib/gcc/arm-none-eabi/10.3.1/thumb/v7e-m+fp/hard/crtn.o
 *(.fini)
 .fini          0x00000000080017c0        0x4 /opt/st/stm32cubeide_1.12.0/plugins/com.st.stm32cube.ide.mcu.externaltools.gnu-tools-for-stm32.10.3-2021.10.linux64_1.0.200.202301161003/tools/bin/../lib/gcc/arm-none-eabi/10.3.1/thumb/v7e-m+fp/hard/crti.o
                0x00000000080017c0                _fini
 .fini          0x00000000080017c4        0x8 /opt/st/stm32cubeide_1.12.0/plugins/com.st.stm32cube.ide.mcu.externaltools.gnu-tools-for-stm32.10.3-2021.10.linux64_1.0.200.202301161003/tools/bin/../lib/gcc/arm-none-eabi/10.3.1/thumb/v7e-m+fp/hard/crtn.o
                0x00000000080017cc                . = ALIGN (0x4)
                0x00000000080017cc                _etext = .

.vfp11_veneer   0x00000000080017cc        0x0
 .vfp11_veneer  0x00000000080017cc        0x0 linker stubs

.v4_bx          0x00000000080017cc        0x0
 .v4_bx         0x00000000080017cc        0x0 linker stubs

.iplt           0x00000000080017cc        0x0
 .iplt          0x00000000080017cc        0x0 /opt/st/stm32cubeide_1.12.0/plugins/com.st.stm32cube.ide.mcu.externaltools.gnu-tools-for-stm32.10.3-2021.10.linux64_1.0.200.202301161003/tools/bin/../lib/gcc/arm-none-eabi/10.3.1/thumb/v7e-m+fp/hard/crtbegin.o

.rodata         0x00000000080017cc       0x40
                0x00000000080017cc                . = ALIGN (0x4)
 *(.rodata)
 *(.rodata*)
 .rodata.AHBPrescTable
                0x00000000080017cc       0x10 ./Core/Src/system_stm32l4xx.o
                0x00000000080017cc                AHBPrescTable
 .rodata.MSIRangeTable
                0x00000000080017dc       0x30 ./Core/Src/system_stm32l4xx.o
                0x00000000080017dc                MSIRangeTable
                0x000000000800180c                . = ALIGN (0x4)

.rel.dyn        0x000000000800180c        0x0
 .rel.iplt      0x000000000800180c        0x0 /opt/st/stm32cubeide_1.12.0/plugins/com.st.stm32cube.ide.mcu.externaltools.gnu-tools-for-stm32.10.3-2021.10.linux64_1.0.200.202301161003/tools/bin/../lib/gcc/arm-none-eabi/10.3.1/thumb/v7e-m+fp/hard/crtbegin.o

.ARM.extab      0x000000000800180c        0x0
                0x000000000800180c                . = ALIGN (0x4)
 *(.ARM.extab* .gnu.linkonce.armextab.*)
                0x000000000800180c                . = ALIGN (0x4)

.ARM            0x000000000800180c        0x0
                0x000000000800180c                . = ALIGN (0x4)
                0x000000000800180c                __exidx_start = .
 *(.ARM.exidx*)
                0x000000000800180c                __exidx_end = .
                0x000000000800180c                . = ALIGN (0x4)

.preinit_array  0x000000000800180c        0x0
                0x000000000800180c                . = ALIGN (0x4)
                0x000000000800180c                PROVIDE (__preinit_array_start = .)
 *(.preinit_array*)
                0x000000000800180c                PROVIDE (__preinit_array_end = .)
                0x000000000800180c                . = ALIGN (0x4)

.init_array     0x000000000800180c        0x4
                0x000000000800180c                . = ALIGN (0x4)
                0x000000000800180c                PROVIDE (__init_array_start = .)
 *(SORT_BY_NAME(.init_array.*))
 *(.init_array*)
 .init_array    0x000000000800180c        0x4 /opt/st/stm32cubeide_1.12.0/plugins/com.st.stm32cube.ide.mcu.externaltools.gnu-tools-for-stm32.10.3-2021.10.linux64_1.0.200.202301161003/tools/bin/../lib/gcc/arm-none-eabi/10.3.1/thumb/v7e-m+fp/hard/crtbegin.o
                0x0000000008001810                PROVIDE (__init_array_end = .)
                0x0000000008001810                . = ALIGN (0x4)

.fini_array     0x0000000008001810        0x4
                0x0000000008001810                . = ALIGN (0x4)
                [!provide]                        PROVIDE (__fini_array_start = .)
 *(SORT_BY_NAME(.fini_array.*))
 *(.fini_array*)
 .fini_array    0x0000000008001810        0x4 /opt/st/stm32cubeide_1.12.0/plugins/com.st.stm32cube.ide.mcu.externaltools.gnu-tools-for-stm32.10.3-2021.10.linux64_1.0.200.202301161003/tools/bin/../lib/gcc/arm-none-eabi/10.3.1/thumb/v7e-m+fp/hard/crtbegin.o
                [!provide]                        PROVIDE (__fini_array_end = .)
                0x0000000008001814                . = ALIGN (0x4)
                0x0000000008001814                _sidata = LOADADDR (.data)

.data           0x0000000020000000        0xc load address 0x0000000008001814
                0x0000000020000000                . = ALIGN (0x4)
                0x0000000020000000                _sdata = .
 *(.data)
 *(.data*)
 .data.SystemCoreClock
                0x0000000020000000        0x4 ./Core/Src/system_stm32l4xx.o
                0x0000000020000000                SystemCoreClock
 .data.uwTickPrio
                0x0000000020000004        0x4 ./Drivers/STM32L4xx_HAL_Driver/Src/stm32l4xx_hal.o
                0x0000000020000004                uwTickPrio
 .data.uwTickFreq
                0x0000000020000008        0x1 ./Drivers/STM32L4xx_HAL_Driver/Src/stm32l4xx_hal.o
                0x0000000020000008                uwTickFreq
 *(.RamFunc)
 *(.RamFunc*)
                0x000000002000000c                . = ALIGN (0x4)
 *fill*         0x0000000020000009        0x3 
                0x000000002000000c                _edata = .

.igot.plt       0x000000002000000c        0x0 load address 0x0000000008001820
 .igot.plt      0x000000002000000c        0x0 /opt/st/stm32cubeide_1.12.0/plugins/com.st.stm32cube.ide.mcu.externaltools.gnu-tools-for-stm32.10.3-2021.10.linux64_1.0.200.202301161003/tools/bin/../lib/gcc/arm-none-eabi/10.3.1/thumb/v7e-m+fp/hard/crtbegin.o
                0x000000002000000c                . = ALIGN (0x4)

.bss            0x000000002000000c       0x24 load address 0x0000000008001820
                0x000000002000000c                _sbss = .
                0x000000002000000c                __bss_start__ = _sbss
 *(.bss)
 .bss           0x000000002000000c       0x1c /opt/st/stm32cubeide_1.12.0/plugins/com.st.stm32cube.ide.mcu.externaltools.gnu-tools-for-stm32.10.3-2021.10.linux64_1.0.200.202301161003/tools/bin/../lib/gcc/arm-none-eabi/10.3.1/thumb/v7e-m+fp/hard/crtbegin.o
 *(.bss*)
 .bss.UserButtonFlag
                0x0000000020000028        0x1 ./Core/Src/main.o
                0x0000000020000028                UserButtonFlag
 *fill*         0x0000000020000029        0x3 
 .bss.uwTick    0x000000002000002c        0x4 ./Drivers/STM32L4xx_HAL_Driver/Src/stm32l4xx_hal.o
                0x000000002000002c                uwTick
 *(COMMON)
                0x0000000020000030                . = ALIGN (0x4)
                0x0000000020000030                _ebss = .
                0x0000000020000030                __bss_end__ = _ebss

._user_heap_stack
                0x0000000020000030      0x600 load address 0x0000000008001820
                0x0000000020000030                . = ALIGN (0x8)
                [!provide]                        PROVIDE (end = .)
                0x0000000020000030                PROVIDE (_end = .)
                0x0000000020000230                . = (. + _Min_Heap_Size)
 *fill*         0x0000000020000030      0x200 
                0x0000000020000630                . = (. + _Min_Stack_Size)
 *fill*         0x0000000020000230      0x400 
                0x0000000020000630                . = ALIGN (0x8)

/DISCARD/
 libc.a(*)
 libm.a(*)
 libgcc.a(*)

.ARM.attributes
                0x0000000000000000       0x30
 *(.ARM.attributes)
 .ARM.attributes
                0x0000000000000000       0x1e /opt/st/stm32cubeide_1.12.0/plugins/com.st.stm32cube.ide.mcu.externaltools.gnu-tools-for-stm32.10.3-2021.10.linux64_1.0.200.202301161003/tools/bin/../lib/gcc/arm-none-eabi/10.3.1/thumb/v7e-m+fp/hard/crti.o
 .ARM.attributes
                0x000000000000001e       0x34 /opt/st/stm32cubeide_1.12.0/plugins/com.st.stm32cube.ide.mcu.externaltools.gnu-tools-for-stm32.10.3-2021.10.linux64_1.0.200.202301161003/tools/bin/../lib/gcc/arm-none-eabi/10.3.1/thumb/v7e-m+fp/hard/crtbegin.o
 .ARM.attributes
                0x0000000000000052       0x34 ./Core/Src/main.o
 .ARM.attributes
                0x0000000000000086       0x34 ./Core/Src/stm32l4xx_hal_msp.o
 .ARM.attributes
                0x00000000000000ba       0x34 ./Core/Src/stm32l4xx_it.o
 .ARM.attributes
                0x00000000000000ee       0x34 ./Core/Src/system_stm32l4xx.o
 .ARM.attributes
                0x0000000000000122       0x21 ./Core/Startup/startup_stm32l476rgtx.o
 .ARM.attributes
                0x0000000000000143       0x34 ./Drivers/STM32L4xx_HAL_Driver/Src/stm32l4xx_hal.o
 .ARM.attributes
                0x0000000000000177       0x34 ./Drivers/STM32L4xx_HAL_Driver/Src/stm32l4xx_hal_cortex.o
 .ARM.attributes
                0x00000000000001ab       0x34 ./Drivers/STM32L4xx_HAL_Driver/Src/stm32l4xx_hal_gpio.o
 .ARM.attributes
                0x00000000000001df       0x34 ./Drivers/STM32L4xx_HAL_Driver/Src/stm32l4xx_hal_pwr_ex.o
 .ARM.attributes
                0x0000000000000213       0x34 ./Drivers/STM32L4xx_HAL_Driver/Src/stm32l4xx_hal_rcc.o
 .ARM.attributes
                0x0000000000000247       0x34 ./Peripheral/Core/GPIO.o
 .ARM.attributes
                0x000000000000027b       0x34 ./Peripheral/Core/INTERRUPTS.o
 .ARM.attributes
                0x00000000000002af       0x34 ./Peripheral/Core/SysConfig.o
 .ARM.attributes
                0x00000000000002e3       0x34 /opt/st/stm32cubeide_1.12.0/plugins/com.st.stm32cube.ide.mcu.externaltools.gnu-tools-for-stm32.10.3-2021.10.linux64_1.0.200.202301161003/tools/bin/../lib/gcc/arm-none-eabi/10.3.1/../../../../arm-none-eabi/lib/thumb/v7e-m+fp/hard/libc_nano.a(lib_a-init.o)
 .ARM.attributes
                0x0000000000000317       0x34 /opt/st/stm32cubeide_1.12.0/plugins/com.st.stm32cube.ide.mcu.externaltools.gnu-tools-for-stm32.10.3-2021.10.linux64_1.0.200.202301161003/tools/bin/../lib/gcc/arm-none-eabi/10.3.1/../../../../arm-none-eabi/lib/thumb/v7e-m+fp/hard/libc_nano.a(lib_a-memset.o)
 .ARM.attributes
                0x000000000000034b       0x1e /opt/st/stm32cubeide_1.12.0/plugins/com.st.stm32cube.ide.mcu.externaltools.gnu-tools-for-stm32.10.3-2021.10.linux64_1.0.200.202301161003/tools/bin/../lib/gcc/arm-none-eabi/10.3.1/thumb/v7e-m+fp/hard/crtn.o
OUTPUT(Interrupts.elf elf32-littlearm)
LOAD linker stubs
LOAD /opt/st/stm32cubeide_1.12.0/plugins/com.st.stm32cube.ide.mcu.externaltools.gnu-tools-for-stm32.10.3-2021.10.linux64_1.0.200.202301161003/tools/bin/../lib/gcc/arm-none-eabi/10.3.1/../../../../arm-none-eabi/lib/thumb/v7e-m+fp/hard/libc.a
LOAD /opt/st/stm32cubeide_1.12.0/plugins/com.st.stm32cube.ide.mcu.externaltools.gnu-tools-for-stm32.10.3-2021.10.linux64_1.0.200.202301161003/tools/bin/../lib/gcc/arm-none-eabi/10.3.1/../../../../arm-none-eabi/lib/thumb/v7e-m+fp/hard/libm.a
LOAD /opt/st/stm32cubeide_1.12.0/plugins/com.st.stm32cube.ide.mcu.externaltools.gnu-tools-for-stm32.10.3-2021.10.linux64_1.0.200.202301161003/tools/bin/../lib/gcc/arm-none-eabi/10.3.1/thumb/v7e-m+fp/hard/libgcc.a

.debug_info     0x0000000000000000     0x578c
 .debug_info    0x0000000000000000      0x16c ./Core/Src/main.o
 .debug_info    0x000000000000016c      0x30f ./Core/Src/stm32l4xx_hal_msp.o
 .debug_info    0x000000000000047b      0x166 ./Core/Src/stm32l4xx_it.o
 .debug_info    0x00000000000005e1      0x5c6 ./Core/Src/system_stm32l4xx.o
 .debug_info    0x0000000000000ba7       0x22 ./Core/Startup/startup_stm32l476rgtx.o
 .debug_info    0x0000000000000bc9      0xc57 ./Drivers/STM32L4xx_HAL_Driver/Src/stm32l4xx_hal.o
 .debug_info    0x0000000000001820      0xe21 ./Drivers/STM32L4xx_HAL_Driver/Src/stm32l4xx_hal_cortex.o
 .debug_info    0x0000000000002641      0x821 ./Drivers/STM32L4xx_HAL_Driver/Src/stm32l4xx_hal_gpio.o
 .debug_info    0x0000000000002e62      0x9f0 ./Drivers/STM32L4xx_HAL_Driver/Src/stm32l4xx_hal_pwr_ex.o
 .debug_info    0x0000000000003852      0xced ./Drivers/STM32L4xx_HAL_Driver/Src/stm32l4xx_hal_rcc.o
 .debug_info    0x000000000000453f      0x587 ./Peripheral/Core/GPIO.o
 .debug_info    0x0000000000004ac6      0xa0f ./Peripheral/Core/INTERRUPTS.o
 .debug_info    0x00000000000054d5      0x2b7 ./Peripheral/Core/SysConfig.o

.debug_abbrev   0x0000000000000000     0x13a3
 .debug_abbrev  0x0000000000000000       0xf8 ./Core/Src/main.o
 .debug_abbrev  0x00000000000000f8       0xc2 ./Core/Src/stm32l4xx_hal_msp.o
 .debug_abbrev  0x00000000000001ba       0x9f ./Core/Src/stm32l4xx_it.o
 .debug_abbrev  0x0000000000000259      0x116 ./Core/Src/system_stm32l4xx.o
 .debug_abbrev  0x000000000000036f       0x12 ./Core/Startup/startup_stm32l476rgtx.o
 .debug_abbrev  0x0000000000000381      0x23a ./Drivers/STM32L4xx_HAL_Driver/Src/stm32l4xx_hal.o
 .debug_abbrev  0x00000000000005bb      0x316 ./Drivers/STM32L4xx_HAL_Driver/Src/stm32l4xx_hal_cortex.o
 .debug_abbrev  0x00000000000008d1      0x1bb ./Drivers/STM32L4xx_HAL_Driver/Src/stm32l4xx_hal_gpio.o
 .debug_abbrev  0x0000000000000a8c      0x1f3 ./Drivers/STM32L4xx_HAL_Driver/Src/stm32l4xx_hal_pwr_ex.o
 .debug_abbrev  0x0000000000000c7f      0x2bd ./Drivers/STM32L4xx_HAL_Driver/Src/stm32l4xx_hal_rcc.o
 .debug_abbrev  0x0000000000000f3c      0x1be ./Peripheral/Core/GPIO.o
 .debug_abbrev  0x00000000000010fa      0x1ca ./Peripheral/Core/INTERRUPTS.o
 .debug_abbrev  0x00000000000012c4       0xdf ./Peripheral/Core/SysConfig.o

.debug_aranges  0x0000000000000000      0x620
 .debug_aranges
                0x0000000000000000       0x28 ./Core/Src/main.o
 .debug_aranges
                0x0000000000000028       0x20 ./Core/Src/stm32l4xx_hal_msp.o
 .debug_aranges
                0x0000000000000048       0x68 ./Core/Src/stm32l4xx_it.o
 .debug_aranges
                0x00000000000000b0       0x28 ./Core/Src/system_stm32l4xx.o
 .debug_aranges
                0x00000000000000d8       0x28 ./Core/Startup/startup_stm32l476rgtx.o
 .debug_aranges
                0x0000000000000100      0x130 ./Drivers/STM32L4xx_HAL_Driver/Src/stm32l4xx_hal.o
 .debug_aranges
                0x0000000000000230      0x118 ./Drivers/STM32L4xx_HAL_Driver/Src/stm32l4xx_hal_cortex.o
 .debug_aranges
                0x0000000000000348       0x58 ./Drivers/STM32L4xx_HAL_Driver/Src/stm32l4xx_hal_gpio.o
 .debug_aranges
                0x00000000000003a0      0x160 ./Drivers/STM32L4xx_HAL_Driver/Src/stm32l4xx_hal_pwr_ex.o
 .debug_aranges
                0x0000000000000500       0x90 ./Drivers/STM32L4xx_HAL_Driver/Src/stm32l4xx_hal_rcc.o
 .debug_aranges
                0x0000000000000590       0x40 ./Peripheral/Core/GPIO.o
 .debug_aranges
                0x00000000000005d0       0x30 ./Peripheral/Core/INTERRUPTS.o
 .debug_aranges
                0x0000000000000600       0x20 ./Peripheral/Core/SysConfig.o

.debug_ranges   0x0000000000000000      0x558
 .debug_ranges  0x0000000000000000       0x18 ./Core/Src/main.o
 .debug_ranges  0x0000000000000018       0x10 ./Core/Src/stm32l4xx_hal_msp.o
 .debug_ranges  0x0000000000000028       0x58 ./Core/Src/stm32l4xx_it.o
 .debug_ranges  0x0000000000000080       0x18 ./Core/Src/system_stm32l4xx.o
 .debug_ranges  0x0000000000000098       0x20 ./Core/Startup/startup_stm32l476rgtx.o
 .debug_ranges  0x00000000000000b8      0x120 ./Drivers/STM32L4xx_HAL_Driver/Src/stm32l4xx_hal.o
 .debug_ranges  0x00000000000001d8      0x108 ./Drivers/STM32L4xx_HAL_Driver/Src/stm32l4xx_hal_cortex.o
 .debug_ranges  0x00000000000002e0       0x48 ./Drivers/STM32L4xx_HAL_Driver/Src/stm32l4xx_hal_gpio.o
 .debug_ranges  0x0000000000000328      0x150 ./Drivers/STM32L4xx_HAL_Driver/Src/stm32l4xx_hal_pwr_ex.o
 .debug_ranges  0x0000000000000478       0x80 ./Drivers/STM32L4xx_HAL_Driver/Src/stm32l4xx_hal_rcc.o
 .debug_ranges  0x00000000000004f8       0x30 ./Peripheral/Core/GPIO.o
 .debug_ranges  0x0000000000000528       0x20 ./Peripheral/Core/INTERRUPTS.o
 .debug_ranges  0x0000000000000548       0x10 ./Peripheral/Core/SysConfig.o

.debug_macro    0x0000000000000000    0x25a84
 .debug_macro   0x0000000000000000      0x331 ./Core/Src/main.o
 .debug_macro   0x0000000000000331      0xa78 ./Core/Src/main.o
 .debug_macro   0x0000000000000da9       0x22 ./Core/Src/main.o
 .debug_macro   0x0000000000000dcb       0x22 ./Core/Src/main.o
 .debug_macro   0x0000000000000ded       0x8e ./Core/Src/main.o
 .debug_macro   0x0000000000000e7b       0x51 ./Core/Src/main.o
 .debug_macro   0x0000000000000ecc      0x103 ./Core/Src/main.o
 .debug_macro   0x0000000000000fcf       0x6a ./Core/Src/main.o
 .debug_macro   0x0000000000001039      0x1df ./Core/Src/main.o
 .debug_macro   0x0000000000001218       0x52 ./Core/Src/main.o
 .debug_macro   0x000000000000126a       0x1e ./Core/Src/main.o
 .debug_macro   0x0000000000001288       0x3c ./Core/Src/main.o
 .debug_macro   0x00000000000012c4       0x34 ./Core/Src/main.o
 .debug_macro   0x00000000000012f8       0x16 ./Core/Src/main.o
 .debug_macro   0x000000000000130e       0x97 ./Core/Src/main.o
 .debug_macro   0x00000000000013a5      0x341 ./Core/Src/main.o
 .debug_macro   0x00000000000016e6       0xfd ./Core/Src/main.o
 .debug_macro   0x00000000000017e3       0x10 ./Core/Src/main.o
 .debug_macro   0x00000000000017f3       0x16 ./Core/Src/main.o
 .debug_macro   0x0000000000001809       0x43 ./Core/Src/main.o
 .debug_macro   0x000000000000184c       0x34 ./Core/Src/main.o
 .debug_macro   0x0000000000001880       0x10 ./Core/Src/main.o
 .debug_macro   0x0000000000001890       0x58 ./Core/Src/main.o
 .debug_macro   0x00000000000018e8       0x71 ./Core/Src/main.o
 .debug_macro   0x0000000000001959       0x1c ./Core/Src/main.o
 .debug_macro   0x0000000000001975      0x12a ./Core/Src/main.o
 .debug_macro   0x0000000000001a9f       0x10 ./Core/Src/main.o
 .debug_macro   0x0000000000001aaf       0x1c ./Core/Src/main.o
 .debug_macro   0x0000000000001acb       0x52 ./Core/Src/main.o
 .debug_macro   0x0000000000001b1d       0x22 ./Core/Src/main.o
 .debug_macro   0x0000000000001b3f       0x10 ./Core/Src/main.o
 .debug_macro   0x0000000000001b4f       0x52 ./Core/Src/main.o
 .debug_macro   0x0000000000001ba1       0xd5 ./Core/Src/main.o
 .debug_macro   0x0000000000001c76       0x1c ./Core/Src/main.o
 .debug_macro   0x0000000000001c92       0x3d ./Core/Src/main.o
 .debug_macro   0x0000000000001ccf       0x16 ./Core/Src/main.o
 .debug_macro   0x0000000000001ce5      0x145 ./Core/Src/main.o
 .debug_macro   0x0000000000001e2a      0x19b ./Core/Src/main.o
 .debug_macro   0x0000000000001fc5       0x2e ./Core/Src/main.o
 .debug_macro   0x0000000000001ff3       0x28 ./Core/Src/main.o
 .debug_macro   0x000000000000201b       0x1c ./Core/Src/main.o
 .debug_macro   0x0000000000002037       0x22 ./Core/Src/main.o
 .debug_macro   0x0000000000002059       0xfb ./Core/Src/main.o
 .debug_macro   0x0000000000002154     0x1011 ./Core/Src/main.o
 .debug_macro   0x0000000000003165      0x11f ./Core/Src/main.o
 .debug_macro   0x0000000000003284    0x1a17a ./Core/Src/main.o
 .debug_macro   0x000000000001d3fe       0x6d ./Core/Src/main.o
 .debug_macro   0x000000000001d46b     0x38e6 ./Core/Src/main.o
 .debug_macro   0x0000000000020d51       0x56 ./Core/Src/main.o
 .debug_macro   0x0000000000020da7     0x159e ./Core/Src/main.o
 .debug_macro   0x0000000000022345      0x5a5 ./Core/Src/main.o
 .debug_macro   0x00000000000228ea      0x1b9 ./Core/Src/main.o
 .debug_macro   0x0000000000022aa3      0x18b ./Core/Src/main.o
 .debug_macro   0x0000000000022c2e      0x26b ./Core/Src/main.o
 .debug_macro   0x0000000000022e99      0x23d ./Core/Src/main.o
 .debug_macro   0x00000000000230d6      0x241 ./Core/Src/main.o
 .debug_macro   0x0000000000023317      0x37c ./Core/Src/main.o
 .debug_macro   0x0000000000023693       0xd6 ./Core/Src/main.o
 .debug_macro   0x0000000000023769      0x122 ./Core/Src/main.o
 .debug_macro   0x000000000002388b      0x3ef ./Core/Src/main.o
 .debug_macro   0x0000000000023c7a      0x330 ./Core/Src/main.o
 .debug_macro   0x0000000000023faa       0x28 ./Core/Src/main.o
 .debug_macro   0x0000000000023fd2      0x331 ./Core/Src/stm32l4xx_hal_msp.o
 .debug_macro   0x0000000000024303      0x33b ./Core/Src/stm32l4xx_it.o
 .debug_macro   0x000000000002463e      0x198 ./Core/Src/system_stm32l4xx.o
 .debug_macro   0x00000000000247d6       0x5c ./Core/Src/system_stm32l4xx.o
 .debug_macro   0x0000000000024832      0x1e6 ./Drivers/STM32L4xx_HAL_Driver/Src/stm32l4xx_hal.o
 .debug_macro   0x0000000000024a18      0x198 ./Drivers/STM32L4xx_HAL_Driver/Src/stm32l4xx_hal_cortex.o
 .debug_macro   0x0000000000024bb0      0x19f ./Drivers/STM32L4xx_HAL_Driver/Src/stm32l4xx_hal_gpio.o
 .debug_macro   0x0000000000024d4f      0x1bc ./Drivers/STM32L4xx_HAL_Driver/Src/stm32l4xx_hal_pwr_ex.o
 .debug_macro   0x0000000000024f0b      0x1da ./Drivers/STM32L4xx_HAL_Driver/Src/stm32l4xx_hal_rcc.o
 .debug_macro   0x00000000000250e5      0x335 ./Peripheral/Core/GPIO.o
 .debug_macro   0x000000000002541a      0x335 ./Peripheral/Core/INTERRUPTS.o
 .debug_macro   0x000000000002574f      0x335 ./Peripheral/Core/SysConfig.o

.debug_line     0x0000000000000000     0x7816
 .debug_line    0x0000000000000000      0x89f ./Core/Src/main.o
 .debug_line    0x000000000000089f      0x886 ./Core/Src/stm32l4xx_hal_msp.o
 .debug_line    0x0000000000001125      0x961 ./Core/Src/stm32l4xx_it.o
 .debug_line    0x0000000000001a86      0x6d4 ./Core/Src/system_stm32l4xx.o
 .debug_line    0x000000000000215a       0x88 ./Core/Startup/startup_stm32l476rgtx.o
 .debug_line    0x00000000000021e2      0xa2d ./Drivers/STM32L4xx_HAL_Driver/Src/stm32l4xx_hal.o
 .debug_line    0x0000000000002c0f      0xbd3 ./Drivers/STM32L4xx_HAL_Driver/Src/stm32l4xx_hal_cortex.o
 .debug_line    0x00000000000037e2      0xaa0 ./Drivers/STM32L4xx_HAL_Driver/Src/stm32l4xx_hal_gpio.o
 .debug_line    0x0000000000004282      0xc24 ./Drivers/STM32L4xx_HAL_Driver/Src/stm32l4xx_hal_pwr_ex.o
 .debug_line    0x0000000000004ea6      0xea6 ./Drivers/STM32L4xx_HAL_Driver/Src/stm32l4xx_hal_rcc.o
 .debug_line    0x0000000000005d4c      0x907 ./Peripheral/Core/GPIO.o
 .debug_line    0x0000000000006653      0x905 ./Peripheral/Core/INTERRUPTS.o
 .debug_line    0x0000000000006f58      0x8be ./Peripheral/Core/SysConfig.o

.debug_str      0x0000000000000000    0xe1e29
 .debug_str     0x0000000000000000    0xdffce ./Core/Src/main.o
                                      0xe027e (size before relaxing)
 .debug_str     0x00000000000dffce      0x182 ./Core/Src/stm32l4xx_hal_msp.o
                                      0xe0312 (size before relaxing)
 .debug_str     0x00000000000e0150       0xf7 ./Core/Src/stm32l4xx_it.o
                                      0xe028d (size before relaxing)
 .debug_str     0x00000000000e0247       0xf2 ./Core/Src/system_stm32l4xx.o
                                      0xdc590 (size before relaxing)
 .debug_str     0x00000000000e0339       0x6b ./Core/Startup/startup_stm32l476rgtx.o
 .debug_str     0x00000000000e03a4      0xb0f ./Drivers/STM32L4xx_HAL_Driver/Src/stm32l4xx_hal.o
                                      0xdd18f (size before relaxing)
 .debug_str     0x00000000000e0eb3      0x350 ./Drivers/STM32L4xx_HAL_Driver/Src/stm32l4xx_hal_cortex.o
                                      0xdcdd7 (size before relaxing)
 .debug_str     0x00000000000e1203      0x1a6 ./Drivers/STM32L4xx_HAL_Driver/Src/stm32l4xx_hal_gpio.o
                                      0xdc709 (size before relaxing)
 .debug_str     0x00000000000e13a9      0x503 ./Drivers/STM32L4xx_HAL_Driver/Src/stm32l4xx_hal_pwr_ex.o
                                      0xdcaeb (size before relaxing)
 .debug_str     0x00000000000e18ac      0x4bf ./Drivers/STM32L4xx_HAL_Driver/Src/stm32l4xx_hal_rcc.o
                                      0xdcbd6 (size before relaxing)
 .debug_str     0x00000000000e1d6b       0x6f ./Peripheral/Core/GPIO.o
                                      0xe045c (size before relaxing)
 .debug_str     0x00000000000e1dda       0x20 ./Peripheral/Core/INTERRUPTS.o
                                      0xe096b (size before relaxing)
 .debug_str     0x00000000000e1dfa       0x2f ./Peripheral/Core/SysConfig.o
                                      0xe035d (size before relaxing)

.comment        0x0000000000000000       0x50
 .comment       0x0000000000000000       0x50 ./Core/Src/main.o
                                         0x51 (size before relaxing)
 .comment       0x0000000000000050       0x51 ./Core/Src/stm32l4xx_hal_msp.o
 .comment       0x0000000000000050       0x51 ./Core/Src/stm32l4xx_it.o
 .comment       0x0000000000000050       0x51 ./Core/Src/system_stm32l4xx.o
 .comment       0x0000000000000050       0x51 ./Drivers/STM32L4xx_HAL_Driver/Src/stm32l4xx_hal.o
 .comment       0x0000000000000050       0x51 ./Drivers/STM32L4xx_HAL_Driver/Src/stm32l4xx_hal_cortex.o
 .comment       0x0000000000000050       0x51 ./Drivers/STM32L4xx_HAL_Driver/Src/stm32l4xx_hal_gpio.o
 .comment       0x0000000000000050       0x51 ./Drivers/STM32L4xx_HAL_Driver/Src/stm32l4xx_hal_pwr_ex.o
 .comment       0x0000000000000050       0x51 ./Drivers/STM32L4xx_HAL_Driver/Src/stm32l4xx_hal_rcc.o
 .comment       0x0000000000000050       0x51 ./Peripheral/Core/GPIO.o
 .comment       0x0000000000000050       0x51 ./Peripheral/Core/INTERRUPTS.o
 .comment       0x0000000000000050       0x51 ./Peripheral/Core/SysConfig.o

.debug_frame    0x0000000000000000     0x15d8
 .debug_frame   0x0000000000000000       0x54 ./Core/Src/main.o
 .debug_frame   0x0000000000000054       0x38 ./Core/Src/stm32l4xx_hal_msp.o
 .debug_frame   0x000000000000008c      0x120 ./Core/Src/stm32l4xx_it.o
 .debug_frame   0x00000000000001ac       0x58 ./Core/Src/system_stm32l4xx.o
 .debug_frame   0x0000000000000204      0x498 ./Drivers/STM32L4xx_HAL_Driver/Src/stm32l4xx_hal.o
 .debug_frame   0x000000000000069c      0x498 ./Drivers/STM32L4xx_HAL_Driver/Src/stm32l4xx_hal_cortex.o
 .debug_frame   0x0000000000000b34      0x14c ./Drivers/STM32L4xx_HAL_Driver/Src/stm32l4xx_hal_gpio.o
 .debug_frame   0x0000000000000c80      0x584 ./Drivers/STM32L4xx_HAL_Driver/Src/stm32l4xx_hal_pwr_ex.o
 .debug_frame   0x0000000000001204      0x21c ./Drivers/STM32L4xx_HAL_Driver/Src/stm32l4xx_hal_rcc.o
 .debug_frame   0x0000000000001420       0xb4 ./Peripheral/Core/GPIO.o
 .debug_frame   0x00000000000014d4       0x84 ./Peripheral/Core/INTERRUPTS.o
 .debug_frame   0x0000000000001558       0x34 ./Peripheral/Core/SysConfig.o
 .debug_frame   0x000000000000158c       0x2c /opt/st/stm32cubeide_1.12.0/plugins/com.st.stm32cube.ide.mcu.externaltools.gnu-tools-for-stm32.10.3-2021.10.linux64_1.0.200.202301161003/tools/bin/../lib/gcc/arm-none-eabi/10.3.1/../../../../arm-none-eabi/lib/thumb/v7e-m+fp/hard/libc_nano.a(lib_a-init.o)
 .debug_frame   0x00000000000015b8       0x20 /opt/st/stm32cubeide_1.12.0/plugins/com.st.stm32cube.ide.mcu.externaltools.gnu-tools-for-stm32.10.3-2021.10.linux64_1.0.200.202301161003/tools/bin/../lib/gcc/arm-none-eabi/10.3.1/../../../../arm-none-eabi/lib/thumb/v7e-m+fp/hard/libc_nano.a(lib_a-memset.o)
