Archive member included to satisfy reference by file (symbol)

/opt/st/stm32cubeide_1.12.0/plugins/com.st.stm32cube.ide.mcu.externaltools.gnu-tools-for-stm32.10.3-2021.10.linux64_1.0.200.202301161003/tools/bin/../lib/gcc/arm-none-eabi/10.3.1/../../../../arm-none-eabi/lib/thumb/v7e-m+fp/hard/libc_nano.a(lib_a-exit.o)
                              /opt/st/stm32cubeide_1.12.0/plugins/com.st.stm32cube.ide.mcu.externaltools.gnu-tools-for-stm32.10.3-2021.10.linux64_1.0.200.202301161003/tools/bin/../lib/gcc/arm-none-eabi/10.3.1/../../../../arm-none-eabi/lib/thumb/v7e-m+fp/hard/crt0.o (exit)
/opt/st/stm32cubeide_1.12.0/plugins/com.st.stm32cube.ide.mcu.externaltools.gnu-tools-for-stm32.10.3-2021.10.linux64_1.0.200.202301161003/tools/bin/../lib/gcc/arm-none-eabi/10.3.1/../../../../arm-none-eabi/lib/thumb/v7e-m+fp/hard/libc_nano.a(lib_a-impure.o)
                              /opt/st/stm32cubeide_1.12.0/plugins/com.st.stm32cube.ide.mcu.externaltools.gnu-tools-for-stm32.10.3-2021.10.linux64_1.0.200.202301161003/tools/bin/../lib/gcc/arm-none-eabi/10.3.1/../../../../arm-none-eabi/lib/thumb/v7e-m+fp/hard/libc_nano.a(lib_a-exit.o) (_global_impure_ptr)
/opt/st/stm32cubeide_1.12.0/plugins/com.st.stm32cube.ide.mcu.externaltools.gnu-tools-for-stm32.10.3-2021.10.linux64_1.0.200.202301161003/tools/bin/../lib/gcc/arm-none-eabi/10.3.1/../../../../arm-none-eabi/lib/thumb/v7e-m+fp/hard/libc_nano.a(lib_a-init.o)
                              /opt/st/stm32cubeide_1.12.0/plugins/com.st.stm32cube.ide.mcu.externaltools.gnu-tools-for-stm32.10.3-2021.10.linux64_1.0.200.202301161003/tools/bin/../lib/gcc/arm-none-eabi/10.3.1/../../../../arm-none-eabi/lib/thumb/v7e-m+fp/hard/crt0.o (__libc_init_array)
/opt/st/stm32cubeide_1.12.0/plugins/com.st.stm32cube.ide.mcu.externaltools.gnu-tools-for-stm32.10.3-2021.10.linux64_1.0.200.202301161003/tools/bin/../lib/gcc/arm-none-eabi/10.3.1/../../../../arm-none-eabi/lib/thumb/v7e-m+fp/hard/libc_nano.a(lib_a-memset.o)
                              /opt/st/stm32cubeide_1.12.0/plugins/com.st.stm32cube.ide.mcu.externaltools.gnu-tools-for-stm32.10.3-2021.10.linux64_1.0.200.202301161003/tools/bin/../lib/gcc/arm-none-eabi/10.3.1/../../../../arm-none-eabi/lib/thumb/v7e-m+fp/hard/crt0.o (memset)
/opt/st/stm32cubeide_1.12.0/plugins/com.st.stm32cube.ide.mcu.externaltools.gnu-tools-for-stm32.10.3-2021.10.linux64_1.0.200.202301161003/tools/bin/../lib/gcc/arm-none-eabi/10.3.1/../../../../arm-none-eabi/lib/thumb/v7e-m+fp/hard/libc_nano.a(lib_a-utoa.o)
                              ./Core/Src/main.o (utoa)
/opt/st/stm32cubeide_1.12.0/plugins/com.st.stm32cube.ide.mcu.externaltools.gnu-tools-for-stm32.10.3-2021.10.linux64_1.0.200.202301161003/tools/bin/../lib/gcc/arm-none-eabi/10.3.1/../../../../arm-none-eabi/lib/thumb/v7e-m+fp/hard/libm.a(lib_a-w_pow.o)
                              ./Core/Src/main.o (pow)
/opt/st/stm32cubeide_1.12.0/plugins/com.st.stm32cube.ide.mcu.externaltools.gnu-tools-for-stm32.10.3-2021.10.linux64_1.0.200.202301161003/tools/bin/../lib/gcc/arm-none-eabi/10.3.1/../../../../arm-none-eabi/lib/thumb/v7e-m+fp/hard/libm.a(lib_a-e_pow.o)
                              /opt/st/stm32cubeide_1.12.0/plugins/com.st.stm32cube.ide.mcu.externaltools.gnu-tools-for-stm32.10.3-2021.10.linux64_1.0.200.202301161003/tools/bin/../lib/gcc/arm-none-eabi/10.3.1/../../../../arm-none-eabi/lib/thumb/v7e-m+fp/hard/libm.a(lib_a-w_pow.o) (__ieee754_pow)
/opt/st/stm32cubeide_1.12.0/plugins/com.st.stm32cube.ide.mcu.externaltools.gnu-tools-for-stm32.10.3-2021.10.linux64_1.0.200.202301161003/tools/bin/../lib/gcc/arm-none-eabi/10.3.1/../../../../arm-none-eabi/lib/thumb/v7e-m+fp/hard/libm.a(lib_a-e_sqrt.o)
                              /opt/st/stm32cubeide_1.12.0/plugins/com.st.stm32cube.ide.mcu.externaltools.gnu-tools-for-stm32.10.3-2021.10.linux64_1.0.200.202301161003/tools/bin/../lib/gcc/arm-none-eabi/10.3.1/../../../../arm-none-eabi/lib/thumb/v7e-m+fp/hard/libm.a(lib_a-e_pow.o) (__ieee754_sqrt)
/opt/st/stm32cubeide_1.12.0/plugins/com.st.stm32cube.ide.mcu.externaltools.gnu-tools-for-stm32.10.3-2021.10.linux64_1.0.200.202301161003/tools/bin/../lib/gcc/arm-none-eabi/10.3.1/../../../../arm-none-eabi/lib/thumb/v7e-m+fp/hard/libm.a(lib_a-math_err.o)
                              /opt/st/stm32cubeide_1.12.0/plugins/com.st.stm32cube.ide.mcu.externaltools.gnu-tools-for-stm32.10.3-2021.10.linux64_1.0.200.202301161003/tools/bin/../lib/gcc/arm-none-eabi/10.3.1/../../../../arm-none-eabi/lib/thumb/v7e-m+fp/hard/libm.a(lib_a-e_pow.o) (__math_uflow)
/opt/st/stm32cubeide_1.12.0/plugins/com.st.stm32cube.ide.mcu.externaltools.gnu-tools-for-stm32.10.3-2021.10.linux64_1.0.200.202301161003/tools/bin/../lib/gcc/arm-none-eabi/10.3.1/../../../../arm-none-eabi/lib/thumb/v7e-m+fp/hard/libm.a(lib_a-s_fabs.o)
[...]
Memory Configuration

Name             Origin             Length             Attributes
RAM              0x0000000020000000 0x0000000000018000 xrw
SRAM2            0x0000000010000000 0x0000000000008000 xrw
FLASH            0x0000000008000000 0x0000000000100000 xr
*default*        0x0000000000000000 0xffffffffffffffff

Linker script and memory map

LOAD /opt/st/stm32cubeide_1.12.0/plugins/com.st.stm32cube.ide.mcu.externaltools.gnu-tools-for-stm32.10.3-2021.10.linux64_1.0.200.202301161003/tools/bin/../lib/gcc/arm-none-eabi/10.3.1/thumb/v7e-m+fp/hard/crti.o
LOAD /opt/st/stm32cubeide_1.12.0/plugins/com.st.stm32cube.ide.mcu.externaltools.gnu-tools-for-stm32.10.3-2021.10.linux64_1.0.200.202301161003/tools/bin/../lib/gcc/arm-none-eabi/10.3.1/thumb/v7e-m+fp/hard/crtbegin.o
LOAD /opt/st/stm32cubeide_1.12.0/plugins/com.st.stm32cube.ide.mcu.externaltools.gnu-tools-for-stm32.10.3-2021.10.linux64_1.0.200.202301161003/tools/bin/../lib/gcc/arm-none-eabi/10.3.1/../../../../arm-none-eabi/lib/thumb/v7e-m+fp/hard/crt0.o
LOAD ./Core/Src/main.o
LOAD ./Core/Src/stm32l4xx_it.o
LOAD ./Core/Src/system_stm32l4xx.o
LOAD ./Drivers/ADC/Src/ADC.o
LOAD ./Drivers/LIB/Source/keypad.o
LOAD ./Drivers/LIB/Source/mf_shield.o
LOAD ./Drivers/LIB/Source/systick.o
LOAD ./Drivers/PWM/Src/PWM.o
LOAD ./Drivers/STM32L4xx_HAL_Driver/Src/stm32l4xx_ll_adc.o
LOAD ./Drivers/STM32L4xx_HAL_Driver/Src/stm32l4xx_ll_comp.o
LOAD ./Drivers/STM32L4xx_HAL_Driver/Src/stm32l4xx_ll_crc.o
LOAD ./Drivers/STM32L4xx_HAL_Driver/Src/stm32l4xx_ll_crs.o
LOAD ./Drivers/STM32L4xx_HAL_Driver/Src/stm32l4xx_ll_dac.o
LOAD ./Drivers/STM32L4xx_HAL_Driver/Src/stm32l4xx_ll_dma.o
LOAD ./Drivers/STM32L4xx_HAL_Driver/Src/stm32l4xx_ll_dma2d.o
LOAD ./Drivers/STM32L4xx_HAL_Driver/Src/stm32l4xx_ll_exti.o
LOAD ./Drivers/STM32L4xx_HAL_Driver/Src/stm32l4xx_ll_gpio.o
LOAD ./Drivers/STM32L4xx_HAL_Driver/Src/stm32l4xx_ll_i2c.o
LOAD ./Drivers/STM32L4xx_HAL_Driver/Src/stm32l4xx_ll_lptim.o
LOAD ./Drivers/STM32L4xx_HAL_Driver/Src/stm32l4xx_ll_lpuart.o
LOAD ./Drivers/STM32L4xx_HAL_Driver/Src/stm32l4xx_ll_opamp.o
LOAD ./Drivers/STM32L4xx_HAL_Driver/Src/stm32l4xx_ll_pka.o
LOAD ./Drivers/STM32L4xx_HAL_Driver/Src/stm32l4xx_ll_pwr.o
LOAD ./Drivers/STM32L4xx_HAL_Driver/Src/stm32l4xx_ll_rcc.o
LOAD ./Drivers/STM32L4xx_HAL_Driver/Src/stm32l4xx_ll_rng.o
LOAD ./Drivers/STM32L4xx_HAL_Driver/Src/stm32l4xx_ll_rtc.o
LOAD ./Drivers/STM32L4xx_HAL_Driver/Src/stm32l4xx_ll_spi.o
LOAD ./Drivers/STM32L4xx_HAL_Driver/Src/stm32l4xx_ll_swpmi.o
LOAD ./Drivers/STM32L4xx_HAL_Driver/Src/stm32l4xx_ll_tim.o
LOAD ./Drivers/STM32L4xx_HAL_Driver/Src/stm32l4xx_ll_usart.o
LOAD ./Drivers/STM32L4xx_HAL_Driver/Src/stm32l4xx_ll_utils.o
LOAD ./Drivers/STM32L4xx_LL_Drivers/Src/stm32l4xx_ll_adc.o
LOAD ./Drivers/STM32L4xx_LL_Drivers/Src/stm32l4xx_ll_comp.o
LOAD ./Drivers/STM32L4xx_LL_Drivers/Src/stm32l4xx_ll_crc.o
LOAD ./Drivers/STM32L4xx_LL_Drivers/Src/stm32l4xx_ll_crs.o
LOAD ./Drivers/STM32L4xx_LL_Drivers/Src/stm32l4xx_ll_dac.o
LOAD ./Drivers/STM32L4xx_LL_Drivers/Src/stm32l4xx_ll_dma.o
LOAD ./Drivers/STM32L4xx_LL_Drivers/Src/stm32l4xx_ll_dma2d.o
LOAD ./Drivers/STM32L4xx_LL_Drivers/Src/stm32l4xx_ll_exti.o
LOAD ./Drivers/STM32L4xx_LL_Drivers/Src/stm32l4xx_ll_fmc.o
LOAD ./Drivers/STM32L4xx_LL_Drivers/Src/stm32l4xx_ll_gpio.o
LOAD ./Drivers/STM32L4xx_LL_Drivers/Src/stm32l4xx_ll_i2c.o
LOAD ./Drivers/STM32L4xx_LL_Drivers/Src/stm32l4xx_ll_lptim.o
LOAD ./Drivers/STM32L4xx_LL_Drivers/Src/stm32l4xx_ll_lpuart.o
LOAD ./Drivers/STM32L4xx_LL_Drivers/Src/stm32l4xx_ll_opamp.o
LOAD ./Drivers/STM32L4xx_LL_Drivers/Src/stm32l4xx_ll_pka.o
LOAD ./Drivers/STM32L4xx_LL_Drivers/Src/stm32l4xx_ll_pwr.o
LOAD ./Drivers/STM32L4xx_LL_Drivers/Src/stm32l4xx_ll_rcc.o
LOAD ./Drivers/STM32L4xx_LL_Drivers/Src/stm32l4xx_ll_rng.o
LOAD ./Drivers/STM32L4xx_LL_Drivers/Src/stm32l4xx_ll_rtc.o
LOAD ./Drivers/STM32L4xx_LL_Drivers/Src/stm32l4xx_ll_sdmmc.o
LOAD ./Drivers/STM32L4xx_LL_Drivers/Src/stm32l4xx_ll_spi.o
LOAD ./Drivers/STM32L4xx_LL_Drivers/Src/stm32l4xx_ll_swpmi.o
LOAD ./Drivers/STM32L4xx_LL_Drivers/Src/stm32l4xx_ll_tim.o
LOAD ./Drivers/STM32L4xx_LL_Drivers/Src/stm32l4xx_ll_usart.o
LOAD ./Drivers/STM32L4xx_LL_Drivers/Src/stm32l4xx_ll_usb.o
LOAD ./Startup/startup_stm32l476rgtx.o
START GROUP
LOAD /opt/st/stm32cubeide_1.12.0/plugins/com.st.stm32cube.ide.mcu.externaltools.gnu-tools-for-stm32.10.3-2021.10.linux64_1.0.200.202301161003/tools/bin/../lib/gcc/arm-none-eabi/10.3.1/../../../../arm-none-eabi/lib/thumb/v7e-m+fp/hard/libc_nano.a
LOAD /opt/st/stm32cubeide_1.12.0/plugins/com.st.stm32cube.ide.mcu.externaltools.gnu-tools-for-stm32.10.3-2021.10.linux64_1.0.200.202301161003/tools/bin/../lib/gcc/arm-none-eabi/10.3.1/../../../../arm-none-eabi/lib/thumb/v7e-m+fp/hard/libm.a
END GROUP
START GROUP
LOAD /opt/st/stm32cubeide_1.12.0/plugins/com.st.stm32cube.ide.mcu.externaltools.gnu-tools-for-stm32.10.3-2021.10.linux64_1.0.200.202301161003/tools/bin/../lib/gcc/arm-none-eabi/10.3.1/thumb/v7e-m+fp/hard/libgcc.a
LOAD /opt/st/stm32cubeide_1.12.0/plugins/com.st.stm32cube.ide.mcu.externaltools.gnu-tools-for-stm32.10.3-2021.10.linux64_1.0.200.202301161003/tools/bin/../lib/gcc/arm-none-eabi/10.3.1/../../../../arm-none-eabi/lib/thumb/v7e-m+fp/hard/libc_nano.a
END GROUP
START GROUP
LOAD /opt/st/stm32cubeide_1.12.0/plugins/com.st.stm32cube.ide.mcu.externaltools.gnu-tools-for-stm32.10.3-2021.10.linux64_1.0.200.202301161003/tools/bin/../lib/gcc/arm-none-eabi/10.3.1/thumb/v7e-m+fp/hard/libgcc.a
LOAD /opt/st/stm32cubeide_1.12.0/plugins/com.st.stm32cube.ide.mcu.externaltools.gnu-tools-for-stm32.10.3-2021.10.linux64_1.0.200.202301161003/tools/bin/../lib/gcc/arm-none-eabi/10.3.1/../../../../arm-none-eabi/lib/thumb/v7e-m+fp/hard/libc_nano.a
LOAD /opt/st/stm32cubeide_1.12.0/plugins/com.st.stm32cube.ide.mcu.externaltools.gnu-tools-for-stm32.10.3-2021.10.linux64_1.0.200.202301161003/tools/bin/../lib/gcc/arm-none-eabi/10.3.1/../../../../arm-none-eabi/lib/thumb/v7e-m+fp/hard/libnosys.a
END GROUP
START GROUP
LOAD /opt/st/stm32cubeide_1.12.0/plugins/com.st.stm32cube.ide.mcu.externaltools.gnu-tools-for-stm32.10.3-2021.10.linux64_1.0.200.202301161003/tools/bin/../lib/gcc/arm-none-eabi/10.3.1/thumb/v7e-m+fp/hard/libgcc.a
LOAD /opt/st/stm32cubeide_1.12.0/plugins/com.st.stm32cube.ide.mcu.externaltools.gnu-tools-for-stm32.10.3-2021.10.linux64_1.0.200.202301161003/tools/bin/../lib/gcc/arm-none-eabi/10.3.1/../../../../arm-none-eabi/lib/thumb/v7e-m+fp/hard/libc_nano.a
LOAD /opt/st/stm32cubeide_1.12.0/plugins/com.st.stm32cube.ide.mcu.externaltools.gnu-tools-for-stm32.10.3-2021.10.linux64_1.0.200.202301161003/tools/bin/../lib/gcc/arm-none-eabi/10.3.1/../../../../arm-none-eabi/lib/thumb/v7e-m+fp/hard/libnosys.a
END GROUP
LOAD /opt/st/stm32cubeide_1.12.0/plugins/com.st.stm32cube.ide.mcu.externaltools.gnu-tools-for-stm32.10.3-2021.10.linux64_1.0.200.202301161003/tools/bin/../lib/gcc/arm-none-eabi/10.3.1/thumb/v7e-m+fp/hard/crtend.o
LOAD /opt/st/stm32cubeide_1.12.0/plugins/com.st.stm32cube.ide.mcu.externaltools.gnu-tools-for-stm32.10.3-2021.10.linux64_1.0.200.202301161003/tools/bin/../lib/gcc/arm-none-eabi/10.3.1/thumb/v7e-m+fp/hard/crtn.o
                0x0000000020018000                _estack = (ORIGIN (RAM) + LENGTH (RAM))
                0x0000000000000200                _Min_Heap_Size = 0x200
                0x0000000000000400                _Min_Stack_Size = 0x400

.isr_vector     0x0000000008000000      0x188
                0x0000000008000000                . = ALIGN (0x4)
 *(.isr_vector)
 .isr_vector    0x0000000008000000      0x188 ./Startup/startup_stm32l476rgtx.o
                0x0000000008000000                g_pfnVectors
                0x0000000008000188                . = ALIGN (0x4)

.text           0x0000000008000188     0x2fd0
                0x0000000008000188                . = ALIGN (0x4)
 *(.text)
 .text          0x0000000008000188       0x40 /opt/st/stm32cubeide_1.12.0/plugins/com.st.stm32cube.ide.mcu.externaltools.gnu-tools-for-stm32.10.3-2021.10.linux64_1.0.200.202301161003/tools/bin/../lib/gcc/arm-none-eabi/10.3.1/thumb/v7e-m+fp/hard/crtbegin.o
 .text          0x00000000080001c8      0x378 /opt/st/stm32cubeide_1.12.0/plugins/com.st.stm32cube.ide.mcu.externaltools.gnu-tools-for-stm32.10.3-2021.10.linux64_1.0.200.202301161003/tools/bin/../lib/gcc/arm-none-eabi/10.3.1/thumb/v7e-m+fp/hard/libgcc.a(_arm_addsubdf3.o)
                0x00000000080001c8                __aeabi_drsub
                0x00000000080001d0                __aeabi_dsub
                0x00000000080001d0                __subdf3
                0x00000000080001d4                __adddf3
                0x00000000080001d4                __aeabi_dadd
                0x000000000800044c                __aeabi_ui2d
                0x000000000800044c                __floatunsidf
                0x000000000800046c                __floatsidf
                0x000000000800046c                __aeabi_i2d
                0x0000000008000490                __extendsfdf2
                0x0000000008000490                __aeabi_f2d
                0x00000000080004d4                __aeabi_ul2d
                0x00000000080004d4                __floatundidf
                0x00000000080004e4                __floatdidf
                0x00000000080004e4                __aeabi_l2d
 .text          0x0000000008000540      0x424 /opt/st/stm32cubeide_1.12.0/plugins/com.st.stm32cube.ide.mcu.externaltools.gnu-tools-for-stm32.10.3-2021.10.linux64_1.0.200.202301161003/tools/bin/../lib/gcc/arm-none-eabi/10.3.1/thumb/v7e-m+fp/hard/libgcc.a(_arm_muldivdf3.o)
                0x0000000008000540                __aeabi_dmul
                0x0000000008000540                __muldf3
                0x0000000008000794                __aeabi_ddiv
                0x0000000008000794                __divdf3
 .text          0x0000000008000964      0x110 /opt/st/stm32cubeide_1.12.0/plugins/com.st.stm32cube.ide.mcu.externaltools.gnu-tools-for-stm32.10.3-2021.10.linux64_1.0.200.202301161003/tools/bin/../lib/gcc/arm-none-eabi/10.3.1/thumb/v7e-m+fp/hard/libgcc.a(_arm_cmpdf2.o)
                0x0000000008000964                __gtdf2
                0x0000000008000964                __gedf2
                0x000000000800096c                __ltdf2
                0x000000000800096c                __ledf2
                0x0000000008000974                __cmpdf2
                0x0000000008000974                __eqdf2
                0x0000000008000974                __nedf2
                0x00000000080009f0                __aeabi_cdrcmple
                0x0000000008000a00                __aeabi_cdcmple
                0x0000000008000a00                __aeabi_cdcmpeq
                0x0000000008000a10                __aeabi_dcmpeq
                0x0000000008000a24                __aeabi_dcmplt
                0x0000000008000a38                __aeabi_dcmple
                0x0000000008000a4c                __aeabi_dcmpge
                0x0000000008000a60                __aeabi_dcmpgt
 .text          0x0000000008000a74       0x2c /opt/st/stm32cubeide_1.12.0/plugins/com.st.stm32cube.ide.mcu.externaltools.gnu-tools-for-stm32.10.3-2021.10.linux64_1.0.200.202301161003/tools/bin/../lib/gcc/arm-none-eabi/10.3.1/thumb/v7e-m+fp/hard/libgcc.a(_arm_unorddf2.o)
                0x0000000008000a74                __aeabi_dcmpun
                0x0000000008000a74                __unorddf2
 .text          0x0000000008000aa0       0x40 /opt/st/stm32cubeide_1.12.0/plugins/com.st.stm32cube.ide.mcu.externaltools.gnu-tools-for-stm32.10.3-2021.10.linux64_1.0.200.202301161003/tools/bin/../lib/gcc/arm-none-eabi/10.3.1/thumb/v7e-m+fp/hard/libgcc.a(_arm_fixunsdfsi.o)
                0x0000000008000aa0                __fixunsdfsi
                0x0000000008000aa0                __aeabi_d2uiz
 *(.text*)
 .text.main     0x0000000008000ae0      0x14c ./Core/Src/main.o
                0x0000000008000ae0                main
 .text.NMI_Handler
                0x0000000008000c2c        0xe ./Core/Src/stm32l4xx_it.o
                0x0000000008000c2c                NMI_Handler
 .text.HardFault_Handler
                0x0000000008000c3a        0x6 ./Core/Src/stm32l4xx_it.o
                0x0000000008000c3a                HardFault_Handler
 .text.MemManage_Handler
                0x0000000008000c40        0x6 ./Core/Src/stm32l4xx_it.o
                0x0000000008000c40                MemManage_Handler
 .text.BusFault_Handler
                0x0000000008000c46        0x6 ./Core/Src/stm32l4xx_it.o
                0x0000000008000c46                BusFault_Handler
 .text.UsageFault_Handler
                0x0000000008000c4c        0x6 ./Core/Src/stm32l4xx_it.o
                0x0000000008000c4c                UsageFault_Handler
 .text.SVC_Handler
                0x0000000008000c52        0xe ./Core/Src/stm32l4xx_it.o
                0x0000000008000c52                SVC_Handler
 .text.DebugMon_Handler
                0x0000000008000c60        0xe ./Core/Src/stm32l4xx_it.o
                0x0000000008000c60                DebugMon_Handler
 .text.PendSV_Handler
                0x0000000008000c6e        0xe ./Core/Src/stm32l4xx_it.o
                0x0000000008000c6e                PendSV_Handler
 .text.SysTick_Handler
                0x0000000008000c7c        0xc ./Core/Src/stm32l4xx_it.o
                0x0000000008000c7c                SysTick_Handler
 .text.SysTick_Callback
                0x0000000008000c88       0x1c ./Core/Src/stm32l4xx_it.o
                0x0000000008000c88                SysTick_Callback
 .text.Get_Tick
                0x0000000008000ca4       0x18 ./Core/Src/stm32l4xx_it.o
                0x0000000008000ca4                Get_Tick
 .text.SystemInit
                0x0000000008000cbc       0x6c ./Core/Src/system_stm32l4xx.o
                0x0000000008000cbc                SystemInit
 .text.__NVIC_EnableIRQ
                0x0000000008000d28       0x3c ./Drivers/ADC/Src/ADC.o
 .text.__NVIC_SetPriority
                0x0000000008000d64       0x54 ./Drivers/ADC/Src/ADC.o
 .text.LL_AHB2_GRP1_EnableClock
                0x0000000008000db8       0x30 ./Drivers/ADC/Src/ADC.o
 .text.LL_RCC_MSI_Enable
                0x0000000008000de8       0x20 ./Drivers/ADC/Src/ADC.o
 .text.LL_RCC_MSI_IsReady
                0x0000000008000e08       0x24 ./Drivers/ADC/Src/ADC.o
 .text.LL_RCC_SetSysClkSource
                0x0000000008000e2c       0x28 ./Drivers/ADC/Src/ADC.o
 .text.LL_RCC_GetSysClkSource
                0x0000000008000e54       0x1c ./Drivers/ADC/Src/ADC.o
 .text.LL_RCC_SetAHBPrescaler
                0x0000000008000e70       0x28 ./Drivers/ADC/Src/ADC.o
 .text.LL_RCC_SetAPB1Prescaler
                0x0000000008000e98       0x28 ./Drivers/ADC/Src/ADC.o
 .text.LL_RCC_SetAPB2Prescaler
                0x0000000008000ec0       0x28 ./Drivers/ADC/Src/ADC.o
 .text.LL_RCC_PLL_Enable
                0x0000000008000ee8       0x20 ./Drivers/ADC/Src/ADC.o
 .text.LL_RCC_PLL_IsReady
                0x0000000008000f08       0x28 ./Drivers/ADC/Src/ADC.o
 .text.LL_RCC_PLL_ConfigDomain_SYS
                0x0000000008000f30       0x40 ./Drivers/ADC/Src/ADC.o
 .text.LL_RCC_PLL_EnableDomain_SYS
                0x0000000008000f70       0x20 ./Drivers/ADC/Src/ADC.o
 .text.LL_FLASH_SetLatency
                0x0000000008000f90       0x28 ./Drivers/ADC/Src/ADC.o
 .text.LL_GPIO_SetPinMode
                0x0000000008000fb8       0x7a ./Drivers/ADC/Src/ADC.o
 .text.LL_GPIO_EnablePinAnalogControl
                0x0000000008001032       0x22 ./Drivers/ADC/Src/ADC.o
 .text.LL_ADC_SetCommonClock
                0x0000000008001054       0x26 ./Drivers/ADC/Src/ADC.o
 .text.LL_ADC_REG_SetTriggerSource
                0x000000000800107a       0x26 ./Drivers/ADC/Src/ADC.o
 .text.LL_ADC_REG_SetSequencerLength
                0x00000000080010a0       0x26 ./Drivers/ADC/Src/ADC.o
 .text.LL_ADC_REG_SetSequencerRanks
                0x00000000080010c6       0x58 ./Drivers/ADC/Src/ADC.o
 .text.LL_ADC_REG_SetContinuousMode
                0x000000000800111e       0x26 ./Drivers/ADC/Src/ADC.o
 .text.LL_ADC_REG_SetOverrun
                0x0000000008001144       0x26 ./Drivers/ADC/Src/ADC.o
 .text.LL_ADC_SetChannelSamplingTime
                0x000000000800116a       0x56 ./Drivers/ADC/Src/ADC.o
 .text.LL_ADC_DisableDeepPowerDown
                0x00000000080011c0       0x24 ./Drivers/ADC/Src/ADC.o
 .text.LL_ADC_EnableInternalRegulator
                0x00000000080011e4       0x28 ./Drivers/ADC/Src/ADC.o
 .text.LL_ADC_Enable
                0x000000000800120c       0x28 ./Drivers/ADC/Src/ADC.o
 .text.LL_ADC_IsEnabled
                0x0000000008001234       0x26 ./Drivers/ADC/Src/ADC.o
 .text.LL_ADC_IsDisableOngoing
                0x000000000800125a       0x26 ./Drivers/ADC/Src/ADC.o
 .text.LL_ADC_StartCalibration
                0x0000000008001280       0x32 ./Drivers/ADC/Src/ADC.o
 .text.LL_ADC_REG_StartConversion
                0x00000000080012b2       0x28 ./Drivers/ADC/Src/ADC.o
 .text.LL_ADC_REG_IsConversionOngoing
                0x00000000080012da       0x26 ./Drivers/ADC/Src/ADC.o
 .text.LL_ADC_REG_ReadConversionData12
                0x0000000008001300       0x1a ./Drivers/ADC/Src/ADC.o
 .text.LL_ADC_INJ_IsConversionOngoing
                0x000000000800131a       0x26 ./Drivers/ADC/Src/ADC.o
 .text.LL_ADC_ClearFlag_EOC
                0x0000000008001340       0x1a ./Drivers/ADC/Src/ADC.o
 *fill*         0x000000000800135a        0x2 
 .text.Configure_ADC
                0x000000000800135c       0xec ./Drivers/ADC/Src/ADC.o
                0x000000000800135c                Configure_ADC
 .text.Activate_ADC
                0x0000000008001448       0x8c ./Drivers/ADC/Src/ADC.o
                0x0000000008001448                Activate_ADC
 .text.ConversionStartPoll_ADC_GrpRegular
                0x00000000080014d4       0x3c ./Drivers/ADC/Src/ADC.o
                0x00000000080014d4                ConversionStartPoll_ADC_GrpRegular
 .text.SystemClock_Config
                0x0000000008001510       0x98 ./Drivers/ADC/Src/ADC.o
                0x0000000008001510                SystemClock_Config
 .text.ADCDataToVoltage
                0x00000000080015a8       0x3c ./Drivers/ADC/Src/ADC.o
                0x00000000080015a8                ADCDataToVoltage
 .text.ReadADC_Data
                0x00000000080015e4       0x14 ./Drivers/ADC/Src/ADC.o
                0x00000000080015e4                ReadADC_Data
 .text.LL_AHB2_GRP1_EnableClock
                0x00000000080015f8       0x30 ./Drivers/LIB/Source/mf_shield.o
 .text.LL_GPIO_SetPinMode
                0x0000000008001628       0x7a ./Drivers/LIB/Source/mf_shield.o
 .text.LL_GPIO_SetOutputPin
                0x00000000080016a2       0x1c ./Drivers/LIB/Source/mf_shield.o
 .text.LL_GPIO_ResetOutputPin
                0x00000000080016be       0x1c ./Drivers/LIB/Source/mf_shield.o
 .text.LL_GPIO_TogglePin
                0x00000000080016da       0x32 ./Drivers/LIB/Source/mf_shield.o
 .text.Display_Init
                0x000000000800170c       0x64 ./Drivers/LIB/Source/mf_shield.o
                0x000000000800170c                Display_Init
 .text.FSM_Write_D4
                0x0000000008001770       0xf0 ./Drivers/LIB/Source/mf_shield.o
                0x0000000008001770                FSM_Write_D4
 .text.Write_ASCII_D4
                0x0000000008001860      0x114 ./Drivers/LIB/Source/mf_shield.o
                0x0000000008001860                Write_ASCII_D4
 .text.process_string
                0x0000000008001974       0x8e ./Drivers/LIB/Source/mf_shield.o
                0x0000000008001974                process_string
 *fill*         0x0000000008001a02        0x2 
 .text.__NVIC_EnableIRQ
                0x0000000008001a04       0x3c ./Drivers/PWM/Src/PWM.o
 .text.__NVIC_SetPriority
                0x0000000008001a40       0x54 ./Drivers/PWM/Src/PWM.o
 .text.LL_AHB2_GRP1_EnableClock
                0x0000000008001a94       0x30 ./Drivers/PWM/Src/PWM.o
 .text.LL_APB1_GRP1_EnableClock
                0x0000000008001ac4       0x30 ./Drivers/PWM/Src/PWM.o
 .text.LL_GPIO_SetPinMode
                0x0000000008001af4       0x7a ./Drivers/PWM/Src/PWM.o
 .text.LL_GPIO_SetPinSpeed
                0x0000000008001b6e       0x7a ./Drivers/PWM/Src/PWM.o
 .text.LL_GPIO_SetPinPull
                0x0000000008001be8       0x7a ./Drivers/PWM/Src/PWM.o
 .text.LL_GPIO_SetAFPin_0_7
                0x0000000008001c62       0x7a ./Drivers/PWM/Src/PWM.o
 .text.LL_TIM_EnableCounter
                0x0000000008001cdc       0x20 ./Drivers/PWM/Src/PWM.o
 .text.LL_TIM_EnableARRPreload
                0x0000000008001cfc       0x20 ./Drivers/PWM/Src/PWM.o
 .text.LL_TIM_GetCounter
                0x0000000008001d1c       0x18 ./Drivers/PWM/Src/PWM.o
 .text.LL_TIM_SetPrescaler
                0x0000000008001d34       0x1c ./Drivers/PWM/Src/PWM.o
 .text.LL_TIM_GetPrescaler
                0x0000000008001d50       0x18 ./Drivers/PWM/Src/PWM.o
 .text.LL_TIM_SetAutoReload
                0x0000000008001d68       0x1c ./Drivers/PWM/Src/PWM.o
 .text.LL_TIM_GetAutoReload
                0x0000000008001d84       0x18 ./Drivers/PWM/Src/PWM.o
 .text.LL_TIM_CC_EnableChannel
                0x0000000008001d9c       0x22 ./Drivers/PWM/Src/PWM.o
 *fill*         0x0000000008001dbe        0x2 
 .text.LL_TIM_OC_SetMode
                0x0000000008001dc0       0xb8 ./Drivers/PWM/Src/PWM.o
 .text.LL_TIM_OC_EnablePreload
                0x0000000008001e78       0xa0 ./Drivers/PWM/Src/PWM.o
 .text.LL_TIM_OC_SetCompareCH1
                0x0000000008001f18       0x1c ./Drivers/PWM/Src/PWM.o
 .text.LL_TIM_ClearFlag_CC1
                0x0000000008001f34       0x1c ./Drivers/PWM/Src/PWM.o
 .text.LL_TIM_IsActiveFlag_CC1
                0x0000000008001f50       0x26 ./Drivers/PWM/Src/PWM.o
 .text.LL_TIM_EnableIT_CC1
                0x0000000008001f76       0x20 ./Drivers/PWM/Src/PWM.o
 .text.LL_TIM_GenerateEvent_UPDATE
                0x0000000008001f96       0x20 ./Drivers/PWM/Src/PWM.o
 *fill*         0x0000000008001fb6        0x2 
 .text.Configure_TIMPWMOutput
                0x0000000008001fb8      0x120 ./Drivers/PWM/Src/PWM.o
                0x0000000008001fb8                Configure_TIMPWMOutput
 .text.Configure_DutyCycle
                0x00000000080020d8       0x3c ./Drivers/PWM/Src/PWM.o
                0x00000000080020d8                Configure_DutyCycle
 .text.TIM2_IRQHandler
                0x0000000008002114       0x22 ./Drivers/PWM/Src/PWM.o
                0x0000000008002114                TIM2_IRQHandler
 *fill*         0x0000000008002136        0x2 
 .text.TimerCaptureCompare_Callback
                0x0000000008002138       0x30 ./Drivers/PWM/Src/PWM.o
                0x0000000008002138                TimerCaptureCompare_Callback
 .text.LL_InitTick
                0x0000000008002168       0x34 ./Drivers/STM32L4xx_HAL_Driver/Src/stm32l4xx_ll_utils.o
 .text.LL_Init1msTick
                0x000000000800219c       0x1a ./Drivers/STM32L4xx_HAL_Driver/Src/stm32l4xx_ll_utils.o
                0x000000000800219c                LL_Init1msTick
 *fill*         0x00000000080021b6        0x2 
 .text.LL_SetSystemCoreClock
                0x00000000080021b8       0x20 ./Drivers/STM32L4xx_HAL_Driver/Src/stm32l4xx_ll_utils.o
                0x00000000080021b8                LL_SetSystemCoreClock
 .text.Reset_Handler
                0x00000000080021d8       0x50 ./Startup/startup_stm32l476rgtx.o
                0x00000000080021d8                Reset_Handler
 .text.Default_Handler
                0x0000000008002228        0x2 ./Startup/startup_stm32l476rgtx.o
                0x0000000008002228                EXTI2_IRQHandler
                0x0000000008002228                TIM8_TRG_COM_IRQHandler
                0x0000000008002228                TIM8_CC_IRQHandler
                0x0000000008002228                DMA1_CH4_IRQHandler
                0x0000000008002228                TIM1_CC_IRQHandler
                0x0000000008002228                TSC_IRQHandler
                0x0000000008002228                TAMP_STAMP_IRQHandler
                0x0000000008002228                EXTI3_IRQHandler
                0x0000000008002228                LPTIM2_IRQHandler
                0x0000000008002228                DFSDM1_FLT1_IRQHandler
                0x0000000008002228                I2C3_ER_IRQHandler
                0x0000000008002228                DFSDM1_FLT2_IRQHandler
                0x0000000008002228                TIM6_DACUNDER_IRQHandler
                0x0000000008002228                EXTI0_IRQHandler
                0x0000000008002228                I2C2_EV_IRQHandler
                0x0000000008002228                DMA2_CH1_IRQHandler
                0x0000000008002228                CAN1_RX0_IRQHandler
                0x0000000008002228                FPU_IRQHandler
                0x0000000008002228                TIM1_UP_TIM16_IRQHandler
                0x0000000008002228                DMA2_CH7_IRQHandler
                0x0000000008002228                ADC1_2_IRQHandler
                0x0000000008002228                SPI1_IRQHandler
                0x0000000008002228                DMA1_CH7_IRQHandler
                0x0000000008002228                TIM8_UP_IRQHandler
                0x0000000008002228                RTC_ALARM_IRQHandler
                0x0000000008002228                SAI2_IRQHandler
                0x0000000008002228                DFSDM1_FLT3_IRQHandler
                0x0000000008002228                DMA1_CH6_IRQHandler
                0x0000000008002228                USART3_IRQHandler
                0x0000000008002228                CAN1_RX1_IRQHandler
                0x0000000008002228                LCD_IRQHandler
                0x0000000008002228                UART5_IRQHandler
                0x0000000008002228                ADC3_IRQHandler
                0x0000000008002228                TIM4_IRQHandler
                0x0000000008002228                QUADSPI_IRQHandler
                0x0000000008002228                I2C1_EV_IRQHandler
                0x0000000008002228                DMA2_CH5_IRQHandler
                0x0000000008002228                UART4_IRQHandler
                0x0000000008002228                DMA1_CH3_IRQHandler
                0x0000000008002228                TIM3_IRQHandler
                0x0000000008002228                RCC_IRQHandler
                0x0000000008002228                Default_Handler
                0x0000000008002228                EXTI15_10_IRQHandler
                0x0000000008002228                TIM7_IRQHandler
                0x0000000008002228                SDMMC1_IRQHandler
                0x0000000008002228                TIM5_IRQHandler
                0x0000000008002228                I2C3_EV_IRQHandler
                0x0000000008002228                EXTI9_5_IRQHandler
                0x0000000008002228                DMA1_CH2_IRQHandler
                0x0000000008002228                RTC_WKUP_IRQHandler
                0x0000000008002228                PVD_PVM_IRQHandler
                0x0000000008002228                SPI2_IRQHandler
                0x0000000008002228                DMA1_CH1_IRQHandler
                0x0000000008002228                CAN1_TX_IRQHandler
                0x0000000008002228                EXTI4_IRQHandler
                0x0000000008002228                RNG_IRQHandler
                0x0000000008002228                TIM1_TRG_COM_TIM17_IRQHandler
                0x0000000008002228                COMP_IRQHandler
                0x0000000008002228                WWDG_IRQHandler
                0x0000000008002228                LPUART1_IRQHandler
                0x0000000008002228                EXTI1_IRQHandler
                0x0000000008002228                AES_IRQHandler
                0x0000000008002228                USART2_IRQHandler
                0x0000000008002228                DFSDM1_FLT0_IRQHandler
                0x0000000008002228                I2C2_ER_IRQHandler
                0x0000000008002228                TIM8_BRK_IRQHandler
                0x0000000008002228                CAN1_SCE_IRQHandler
                0x0000000008002228                FLASH_IRQHandler
                0x0000000008002228                USART1_IRQHandler
                0x0000000008002228                OTG_FS_IRQHandler
                0x0000000008002228                SPI3_IRQHandler
                0x0000000008002228                DMA2_CH6_IRQHandler
                0x0000000008002228                DMA2_CH3_IRQHandler
                0x0000000008002228                DMA2_CH2_IRQHandler
                0x0000000008002228                I2C1_ER_IRQHandler
                0x0000000008002228                FMC_IRQHandler
                0x0000000008002228                DMA1_CH5_IRQHandler
                0x0000000008002228                DMA2_CH4_IRQHandler
                0x0000000008002228                SWPMI1_IRQHandler
                0x0000000008002228                LPTIM1_IRQHandler
                0x0000000008002228                SAI1_IRQHandler
                0x0000000008002228                TIM1_BRK_TIM15_IRQHandler
 *fill*         0x000000000800222a        0x2 
 .text.__libc_init_array
                0x000000000800222c       0x48 /opt/st/stm32cubeide_1.12.0/plugins/com.st.stm32cube.ide.mcu.externaltools.gnu-tools-for-stm32.10.3-2021.10.linux64_1.0.200.202301161003/tools/bin/../lib/gcc/arm-none-eabi/10.3.1/../../../../arm-none-eabi/lib/thumb/v7e-m+fp/hard/libc_nano.a(lib_a-init.o)
                0x000000000800222c                __libc_init_array
 .text.__utoa   0x0000000008002274       0x84 /opt/st/stm32cubeide_1.12.0/plugins/com.st.stm32cube.ide.mcu.externaltools.gnu-tools-for-stm32.10.3-2021.10.linux64_1.0.200.202301161003/tools/bin/../lib/gcc/arm-none-eabi/10.3.1/../../../../arm-none-eabi/lib/thumb/v7e-m+fp/hard/libc_nano.a(lib_a-utoa.o)
                0x0000000008002274                __utoa
 .text.utoa     0x00000000080022f8        0x4 /opt/st/stm32cubeide_1.12.0/plugins/com.st.stm32cube.ide.mcu.externaltools.gnu-tools-for-stm32.10.3-2021.10.linux64_1.0.200.202301161003/tools/bin/../lib/gcc/arm-none-eabi/10.3.1/../../../../arm-none-eabi/lib/thumb/v7e-m+fp/hard/libc_nano.a(lib_a-utoa.o)
                0x00000000080022f8                utoa
 .text.pow      0x00000000080022fc       0xe0 /opt/st/stm32cubeide_1.12.0/plugins/com.st.stm32cube.ide.mcu.externaltools.gnu-tools-for-stm32.10.3-2021.10.linux64_1.0.200.202301161003/tools/bin/../lib/gcc/arm-none-eabi/10.3.1/../../../../arm-none-eabi/lib/thumb/v7e-m+fp/hard/libm.a(lib_a-w_pow.o)
                0x00000000080022fc                pow
 *fill*         0x00000000080023dc        0x4 
 .text.__ieee754_pow
                0x00000000080023e0      0xa5c /opt/st/stm32cubeide_1.12.0/plugins/com.st.stm32cube.ide.mcu.externaltools.gnu-tools-for-stm32.10.3-2021.10.linux64_1.0.200.202301161003/tools/bin/../lib/gcc/arm-none-eabi/10.3.1/../../../../arm-none-eabi/lib/thumb/v7e-m+fp/hard/libm.a(lib_a-e_pow.o)
                0x00000000080023e0                __ieee754_pow
 .text.__ieee754_sqrt
                0x0000000008002e3c      0x164 /opt/st/stm32cubeide_1.12.0/plugins/com.st.stm32cube.ide.mcu.externaltools.gnu-tools-for-stm32.10.3-2021.10.linux64_1.0.200.202301161003/tools/bin/../lib/gcc/arm-none-eabi/10.3.1/../../../../arm-none-eabi/lib/thumb/v7e-m+fp/hard/libm.a(lib_a-e_sqrt.o)
                0x0000000008002e3c                __ieee754_sqrt
 .text.with_errno
                0x0000000008002fa0       0x14 /opt/st/stm32cubeide_1.12.0/plugins/com.st.stm32cube.ide.mcu.externaltools.gnu-tools-for-stm32.10.3-2021.10.linux64_1.0.200.202301161003/tools/bin/../lib/gcc/arm-none-eabi/10.3.1/../../../../arm-none-eabi/lib/thumb/v7e-m+fp/hard/libm.a(lib_a-math_err.o)
 .text.xflow    0x0000000008002fb4       0x28 /opt/st/stm32cubeide_1.12.0/plugins/com.st.stm32cube.ide.mcu.externaltools.gnu-tools-for-stm32.10.3-2021.10.linux64_1.0.200.202301161003/tools/bin/../lib/gcc/arm-none-eabi/10.3.1/../../../../arm-none-eabi/lib/thumb/v7e-m+fp/hard/libm.a(lib_a-math_err.o)
 .text.__math_uflow
                0x0000000008002fdc       0x12 /opt/st/stm32cubeide_1.12.0/plugins/com.st.stm32cube.ide.mcu.externaltools.gnu-tools-for-stm32.10.3-2021.10.linux64_1.0.200.202301161003/tools/bin/../lib/gcc/arm-none-eabi/10.3.1/../../../../arm-none-eabi/lib/thumb/v7e-m+fp/hard/libm.a(lib_a-math_err.o)
                0x0000000008002fdc                __math_uflow
 .text.__math_oflow
                0x0000000008002fee       0x12 /opt/st/stm32cubeide_1.12.0/plugins/com.st.stm32cube.ide.mcu.externaltools.gnu-tools-for-stm32.10.3-2021.10.linux64_1.0.200.202301161003/tools/bin/../lib/gcc/arm-none-eabi/10.3.1/../../../../arm-none-eabi/lib/thumb/v7e-m+fp/hard/libm.a(lib_a-math_err.o)
                0x0000000008002fee                __math_oflow
 .text.fabs     0x0000000008003000       0x12 /opt/st/stm32cubeide_1.12.0/plugins/com.st.stm32cube.ide.mcu.externaltools.gnu-tools-for-stm32.10.3-2021.10.linux64_1.0.200.202301161003/tools/bin/../lib/gcc/arm-none-eabi/10.3.1/../../../../arm-none-eabi/lib/thumb/v7e-m+fp/hard/libm.a(lib_a-s_fabs.o)
                0x0000000008003000                fabs
 .text.finite   0x0000000008003012       0x16 /opt/st/stm32cubeide_1.12.0/plugins/com.st.stm32cube.ide.mcu.externaltools.gnu-tools-for-stm32.10.3-2021.10.linux64_1.0.200.202301161003/tools/bin/../lib/gcc/arm-none-eabi/10.3.1/../../../../arm-none-eabi/lib/thumb/v7e-m+fp/hard/libm.a(lib_a-s_finite.o)
                0x0000000008003012                finite
 .text.scalbn   0x0000000008003028      0x10c /opt/st/stm32cubeide_1.12.0/plugins/com.st.stm32cube.ide.mcu.externaltools.gnu-tools-for-stm32.10.3-2021.10.linux64_1.0.200.202301161003/tools/bin/../lib/gcc/arm-none-eabi/10.3.1/../../../../arm-none-eabi/lib/thumb/v7e-m+fp/hard/libm.a(lib_a-s_scalbn.o)
                0x0000000008003028                scalbn
 .text.__errno  0x0000000008003134        0xc /opt/st/stm32cubeide_1.12.0/plugins/com.st.stm32cube.ide.mcu.externaltools.gnu-tools-for-stm32.10.3-2021.10.linux64_1.0.200.202301161003/tools/bin/../lib/gcc/arm-none-eabi/10.3.1/../../../../arm-none-eabi/lib/thumb/v7e-m+fp/hard/libc_nano.a(lib_a-errno.o)
                0x0000000008003134                __errno
 *(.glue_7)
 .glue_7        0x0000000008003140        0x0 linker stubs
 *(.glue_7t)
 .glue_7t       0x0000000008003140        0x0 linker stubs
 *(.eh_frame)
 .eh_frame      0x0000000008003140        0x0 /opt/st/stm32cubeide_1.12.0/plugins/com.st.stm32cube.ide.mcu.externaltools.gnu-tools-for-stm32.10.3-2021.10.linux64_1.0.200.202301161003/tools/bin/../lib/gcc/arm-none-eabi/10.3.1/thumb/v7e-m+fp/hard/crtbegin.o
 *(.init)
 .init          0x0000000008003140        0x4 /opt/st/stm32cubeide_1.12.0/plugins/com.st.stm32cube.ide.mcu.externaltools.gnu-tools-for-stm32.10.3-2021.10.linux64_1.0.200.202301161003/tools/bin/../lib/gcc/arm-none-eabi/10.3.1/thumb/v7e-m+fp/hard/crti.o
                0x0000000008003140                _init
 .init          0x0000000008003144        0x8 /opt/st/stm32cubeide_1.12.0/plugins/com.st.stm32cube.ide.mcu.externaltools.gnu-tools-for-stm32.10.3-2021.10.linux64_1.0.200.202301161003/tools/bin/../lib/gcc/arm-none-eabi/10.3.1/thumb/v7e-m+fp/hard/crtn.o
 *(.fini)
 .fini          0x000000000800314c        0x4 /opt/st/stm32cubeide_1.12.0/plugins/com.st.stm32cube.ide.mcu.externaltools.gnu-tools-for-stm32.10.3-2021.10.linux64_1.0.200.202301161003/tools/bin/../lib/gcc/arm-none-eabi/10.3.1/thumb/v7e-m+fp/hard/crti.o
                0x000000000800314c                _fini
 .fini          0x0000000008003150        0x8 /opt/st/stm32cubeide_1.12.0/plugins/com.st.stm32cube.ide.mcu.externaltools.gnu-tools-for-stm32.10.3-2021.10.linux64_1.0.200.202301161003/tools/bin/../lib/gcc/arm-none-eabi/10.3.1/thumb/v7e-m+fp/hard/crtn.o
                0x0000000008003158                . = ALIGN (0x4)
                0x0000000008003158                _etext = .

.vfp11_veneer   0x0000000008003158        0x0
 .vfp11_veneer  0x0000000008003158        0x0 linker stubs

.v4_bx          0x0000000008003158        0x0
 .v4_bx         0x0000000008003158        0x0 linker stubs

.iplt           0x0000000008003158        0x0
 .iplt          0x0000000008003158        0x0 /opt/st/stm32cubeide_1.12.0/plugins/com.st.stm32cube.ide.mcu.externaltools.gnu-tools-for-stm32.10.3-2021.10.linux64_1.0.200.202301161003/tools/bin/../lib/gcc/arm-none-eabi/10.3.1/thumb/v7e-m+fp/hard/crtbegin.o

.rodata         0x0000000008003158       0xc0
                0x0000000008003158                . = ALIGN (0x4)
 *(.rodata)
 .rodata        0x0000000008003158        0x5 ./Core/Src/main.o
 *(.rodata*)
 *fill*         0x000000000800315d        0x3 
 .rodata.seven_seg_digits_decode_abcdefg
                0x0000000008003160       0x4b ./Drivers/LIB/Source/mf_shield.o
                0x0000000008003160                seven_seg_digits_decode_abcdefg
 *fill*         0x00000000080031ab        0x1 
 .rodata.OFFSET_TAB_CCMRx
                0x00000000080031ac        0x9 ./Drivers/PWM/Src/PWM.o
 *fill*         0x00000000080031b5        0x3 
 .rodata.SHIFT_TAB_OCxx
                0x00000000080031b8        0x9 ./Drivers/PWM/Src/PWM.o
 .rodata.__utoa.str1.1
                0x00000000080031c1       0x25 /opt/st/stm32cubeide_1.12.0/plugins/com.st.stm32cube.ide.mcu.externaltools.gnu-tools-for-stm32.10.3-2021.10.linux64_1.0.200.202301161003/tools/bin/../lib/gcc/arm-none-eabi/10.3.1/../../../../arm-none-eabi/lib/thumb/v7e-m+fp/hard/libc_nano.a(lib_a-utoa.o)
 *fill*         0x00000000080031e6        0x2 
 .rodata.bp     0x00000000080031e8       0x10 /opt/st/stm32cubeide_1.12.0/plugins/com.st.stm32cube.ide.mcu.externaltools.gnu-tools-for-stm32.10.3-2021.10.linux64_1.0.200.202301161003/tools/bin/../lib/gcc/arm-none-eabi/10.3.1/../../../../arm-none-eabi/lib/thumb/v7e-m+fp/hard/libm.a(lib_a-e_pow.o)
 .rodata.dp_h   0x00000000080031f8       0x10 /opt/st/stm32cubeide_1.12.0/plugins/com.st.stm32cube.ide.mcu.externaltools.gnu-tools-for-stm32.10.3-2021.10.linux64_1.0.200.202301161003/tools/bin/../lib/gcc/arm-none-eabi/10.3.1/../../../../arm-none-eabi/lib/thumb/v7e-m+fp/hard/libm.a(lib_a-e_pow.o)
 .rodata.dp_l   0x0000000008003208       0x10 /opt/st/stm32cubeide_1.12.0/plugins/com.st.stm32cube.ide.mcu.externaltools.gnu-tools-for-stm32.10.3-2021.10.linux64_1.0.200.202301161003/tools/bin/../lib/gcc/arm-none-eabi/10.3.1/../../../../arm-none-eabi/lib/thumb/v7e-m+fp/hard/libm.a(lib_a-e_pow.o)
                0x0000000008003218                . = ALIGN (0x4)

.rel.dyn        0x0000000008003218        0x0
 .rel.iplt      0x0000000008003218        0x0 /opt/st/stm32cubeide_1.12.0/plugins/com.st.stm32cube.ide.mcu.externaltools.gnu-tools-for-stm32.10.3-2021.10.linux64_1.0.200.202301161003/tools/bin/../lib/gcc/arm-none-eabi/10.3.1/thumb/v7e-m+fp/hard/crtbegin.o

.ARM.extab      0x0000000008003218        0x0
                0x0000000008003218                . = ALIGN (0x4)
 *(.ARM.extab* .gnu.linkonce.armextab.*)
                0x0000000008003218                . = ALIGN (0x4)

.ARM            0x0000000008003218        0x0
                0x0000000008003218                . = ALIGN (0x4)
                0x0000000008003218                __exidx_start = .
 *(.ARM.exidx*)
                0x0000000008003218                __exidx_end = .
                0x0000000008003218                . = ALIGN (0x4)

.preinit_array  0x0000000008003218        0x0
                0x0000000008003218                . = ALIGN (0x4)
                0x0000000008003218                PROVIDE (__preinit_array_start = .)
 *(.preinit_array*)
                0x0000000008003218                PROVIDE (__preinit_array_end = .)
                0x0000000008003218                . = ALIGN (0x4)

.init_array     0x0000000008003218        0x4
                0x0000000008003218                . = ALIGN (0x4)
                0x0000000008003218                PROVIDE (__init_array_start = .)
 *(SORT_BY_NAME(.init_array.*))
 *(.init_array*)
 .init_array    0x0000000008003218        0x4 /opt/st/stm32cubeide_1.12.0/plugins/com.st.stm32cube.ide.mcu.externaltools.gnu-tools-for-stm32.10.3-2021.10.linux64_1.0.200.202301161003/tools/bin/../lib/gcc/arm-none-eabi/10.3.1/thumb/v7e-m+fp/hard/crtbegin.o
                0x000000000800321c                PROVIDE (__init_array_end = .)
                0x000000000800321c                . = ALIGN (0x4)

.fini_array     0x000000000800321c        0x4
                0x000000000800321c                . = ALIGN (0x4)
                [!provide]                        PROVIDE (__fini_array_start = .)
 *(SORT_BY_NAME(.fini_array.*))
 *(.fini_array*)
 .fini_array    0x000000000800321c        0x4 /opt/st/stm32cubeide_1.12.0/plugins/com.st.stm32cube.ide.mcu.externaltools.gnu-tools-for-stm32.10.3-2021.10.linux64_1.0.200.202301161003/tools/bin/../lib/gcc/arm-none-eabi/10.3.1/thumb/v7e-m+fp/hard/crtbegin.o
                [!provide]                        PROVIDE (__fini_array_end = .)
                0x0000000008003220                . = ALIGN (0x4)
                0x0000000008003220                _sidata = LOADADDR (.data)

.data           0x0000000020000000       0x6c load address 0x0000000008003220
                0x0000000020000000                . = ALIGN (0x4)
                0x0000000020000000                _sdata = .
 *(.data)
 *(.data*)
 .data.ADC_Data
                0x0000000020000000        0x2 ./Core/Src/main.o
                0x0000000020000000                ADC_Data
 .data.max      0x0000000020000002        0x2 ./Core/Src/main.o
                0x0000000020000002                max
 .data.SystemCoreClock
                0x0000000020000004        0x4 ./Core/Src/system_stm32l4xx.o
                0x0000000020000004                SystemCoreClock
 .data._impure_ptr
                0x0000000020000008        0x4 /opt/st/stm32cubeide_1.12.0/plugins/com.st.stm32cube.ide.mcu.externaltools.gnu-tools-for-stm32.10.3-2021.10.linux64_1.0.200.202301161003/tools/bin/../lib/gcc/arm-none-eabi/10.3.1/../../../../arm-none-eabi/lib/thumb/v7e-m+fp/hard/libc_nano.a(lib_a-impure.o)
                0x0000000020000008                _impure_ptr
 .data.impure_data
                0x000000002000000c       0x60 /opt/st/stm32cubeide_1.12.0/plugins/com.st.stm32cube.ide.mcu.externaltools.gnu-tools-for-stm32.10.3-2021.10.linux64_1.0.200.202301161003/tools/bin/../lib/gcc/arm-none-eabi/10.3.1/../../../../arm-none-eabi/lib/thumb/v7e-m+fp/hard/libc_nano.a(lib_a-impure.o)
 *(.RamFunc)
 *(.RamFunc*)
                0x000000002000006c                . = ALIGN (0x4)
                0x000000002000006c                _edata = .
                0x000000000800328c                _sisram2 = LOADADDR (.sram2)

.igot.plt       0x000000002000006c        0x0 load address 0x000000000800328c
 .igot.plt      0x000000002000006c        0x0 /opt/st/stm32cubeide_1.12.0/plugins/com.st.stm32cube.ide.mcu.externaltools.gnu-tools-for-stm32.10.3-2021.10.linux64_1.0.200.202301161003/tools/bin/../lib/gcc/arm-none-eabi/10.3.1/thumb/v7e-m+fp/hard/crtbegin.o

.sram2          0x0000000010000000        0x0 load address 0x000000000800328c
                0x0000000010000000                . = ALIGN (0x4)
                0x0000000010000000                _ssram2 = .
 *(.sram2)
 *(.sram2*)
                0x0000000010000000                . = ALIGN (0x4)
                0x0000000010000000                _esram2 = .
                0x0000000010000000                . = ALIGN (0x4)

.bss            0x000000002000006c       0x40
                0x000000002000006c                _sbss = .
                0x000000002000006c                __bss_start__ = _sbss
 *(.bss)
 .bss           0x000000002000006c       0x1c /opt/st/stm32cubeide_1.12.0/plugins/com.st.stm32cube.ide.mcu.externaltools.gnu-tools-for-stm32.10.3-2021.10.linux64_1.0.200.202301161003/tools/bin/../lib/gcc/arm-none-eabi/10.3.1/thumb/v7e-m+fp/hard/crtbegin.o
 *(.bss*)
 .bss.ADC_Voltage
                0x0000000020000088        0x2 ./Core/Src/main.o
                0x0000000020000088                ADC_Voltage
 *fill*         0x000000002000008a        0x2 
 .bss.porcentaje
                0x000000002000008c        0x4 ./Core/Src/main.o
                0x000000002000008c                porcentaje
 .bss.min       0x0000000020000090        0x2 ./Core/Src/main.o
                0x0000000020000090                min
 *fill*         0x0000000020000092        0x2 
 .bss.msTick    0x0000000020000094        0x4 ./Core/Src/stm32l4xx_it.o
 .bss.last_tick.3
                0x0000000020000098        0x4 ./Drivers/LIB/Source/mf_shield.o
 .bss.state.2   0x000000002000009c        0x4 ./Drivers/LIB/Source/mf_shield.o
 .bss.i.1       0x00000000200000a0        0x1 ./Drivers/LIB/Source/mf_shield.o
 *fill*         0x00000000200000a1        0x3 
 .bss.next_state.0
                0x00000000200000a4        0x4 ./Drivers/LIB/Source/mf_shield.o
 .bss.MeasuredDutyCycle
                0x00000000200000a8        0x4 ./Drivers/PWM/Src/PWM.o
                0x00000000200000a8                MeasuredDutyCycle
 *(COMMON)
                0x00000000200000ac                . = ALIGN (0x4)
                0x00000000200000ac                _ebss = .
                0x00000000200000ac                __bss_end__ = _ebss

._user_heap_stack
                0x00000000200000ac      0x604
                0x00000000200000b0                . = ALIGN (0x8)
 *fill*         0x00000000200000ac        0x4 
                [!provide]                        PROVIDE (end = .)
                [!provide]                        PROVIDE (_end = .)
                0x00000000200002b0                . = (. + _Min_Heap_Size)
 *fill*         0x00000000200000b0      0x200 
                0x00000000200006b0                . = (. + _Min_Stack_Size)
 *fill*         0x00000000200002b0      0x400 
                0x00000000200006b0                . = ALIGN (0x8)

/DISCARD/
 libc.a(*)
 libm.a(*)
 libgcc.a(*)

.ARM.attributes
                0x0000000000000000       0x30
 *(.ARM.attributes)
 .ARM.attributes
                0x0000000000000000       0x1e /opt/st/stm32cubeide_1.12.0/plugins/com.st.stm32cube.ide.mcu.externaltools.gnu-tools-for-stm32.10.3-2021.10.linux64_1.0.200.202301161003/tools/bin/../lib/gcc/arm-none-eabi/10.3.1/thumb/v7e-m+fp/hard/crti.o
 .ARM.attributes
                0x000000000000001e       0x34 /opt/st/stm32cubeide_1.12.0/plugins/com.st.stm32cube.ide.mcu.externaltools.gnu-tools-for-stm32.10.3-2021.10.linux64_1.0.200.202301161003/tools/bin/../lib/gcc/arm-none-eabi/10.3.1/thumb/v7e-m+fp/hard/crtbegin.o
 .ARM.attributes
                0x0000000000000052       0x34 ./Core/Src/main.o
 .ARM.attributes
                0x0000000000000086       0x34 ./Core/Src/stm32l4xx_it.o
 .ARM.attributes
                0x00000000000000ba       0x34 ./Core/Src/system_stm32l4xx.o
 .ARM.attributes
                0x00000000000000ee       0x34 ./Drivers/ADC/Src/ADC.o
 .ARM.attributes
                0x0000000000000122       0x34 ./Drivers/LIB/Source/mf_shield.o
 .ARM.attributes
                0x0000000000000156       0x34 ./Drivers/PWM/Src/PWM.o
 .ARM.attributes
                0x000000000000018a       0x34 ./Drivers/STM32L4xx_HAL_Driver/Src/stm32l4xx_ll_utils.o
 .ARM.attributes
                0x00000000000001be       0x21 ./Startup/startup_stm32l476rgtx.o
 .ARM.attributes
                0x00000000000001df       0x34 /opt/st/stm32cubeide_1.12.0/plugins/com.st.stm32cube.ide.mcu.externaltools.gnu-tools-for-stm32.10.3-2021.10.linux64_1.0.200.202301161003/tools/bin/../lib/gcc/arm-none-eabi/10.3.1/../../../../arm-none-eabi/lib/thumb/v7e-m+fp/hard/libc_nano.a(lib_a-impure.o)
 .ARM.attributes
                0x0000000000000213       0x34 /opt/st/stm32cubeide_1.12.0/plugins/com.st.stm32cube.ide.mcu.externaltools.gnu-tools-for-stm32.10.3-2021.10.linux64_1.0.200.202301161003/tools/bin/../lib/gcc/arm-none-eabi/10.3.1/../../../../arm-none-eabi/lib/thumb/v7e-m+fp/hard/libc_nano.a(lib_a-init.o)
 .ARM.attributes
                0x0000000000000247       0x34 /opt/st/stm32cubeide_1.12.0/plugins/com.st.stm32cube.ide.mcu.externaltools.gnu-tools-for-stm32.10.3-2021.10.linux64_1.0.200.202301161003/tools/bin/../lib/gcc/arm-none-eabi/10.3.1/../../../../arm-none-eabi/lib/thumb/v7e-m+fp/hard/libc_nano.a(lib_a-utoa.o)
 .ARM.attributes
                0x000000000000027b       0x34 /opt/st/stm32cubeide_1.12.0/plugins/com.st.stm32cube.ide.mcu.externaltools.gnu-tools-for-stm32.10.3-2021.10.linux64_1.0.200.202301161003/tools/bin/../lib/gcc/arm-none-eabi/10.3.1/../../../../arm-none-eabi/lib/thumb/v7e-m+fp/hard/libm.a(lib_a-w_pow.o)
 .ARM.attributes
                0x00000000000002af       0x34 /opt/st/stm32cubeide_1.12.0/plugins/com.st.stm32cube.ide.mcu.externaltools.gnu-tools-for-stm32.10.3-2021.10.linux64_1.0.200.202301161003/tools/bin/../lib/gcc/arm-none-eabi/10.3.1/../../../../arm-none-eabi/lib/thumb/v7e-m+fp/hard/libm.a(lib_a-e_pow.o)
 .ARM.attributes
                0x00000000000002e3       0x34 /opt/st/stm32cubeide_1.12.0/plugins/com.st.stm32cube.ide.mcu.externaltools.gnu-tools-for-stm32.10.3-2021.10.linux64_1.0.200.202301161003/tools/bin/../lib/gcc/arm-none-eabi/10.3.1/../../../../arm-none-eabi/lib/thumb/v7e-m+fp/hard/libm.a(lib_a-e_sqrt.o)
 .ARM.attributes
                0x0000000000000317       0x34 /opt/st/stm32cubeide_1.12.0/plugins/com.st.stm32cube.ide.mcu.externaltools.gnu-tools-for-stm32.10.3-2021.10.linux64_1.0.200.202301161003/tools/bin/../lib/gcc/arm-none-eabi/10.3.1/../../../../arm-none-eabi/lib/thumb/v7e-m+fp/hard/libm.a(lib_a-math_err.o)
 .ARM.attributes
                0x000000000000034b       0x34 /opt/st/stm32cubeide_1.12.0/plugins/com.st.stm32cube.ide.mcu.externaltools.gnu-tools-for-stm32.10.3-2021.10.linux64_1.0.200.202301161003/tools/bin/../lib/gcc/arm-none-eabi/10.3.1/../../../../arm-none-eabi/lib/thumb/v7e-m+fp/hard/libm.a(lib_a-s_fabs.o)
 .ARM.attributes
                0x000000000000037f       0x34 /opt/st/stm32cubeide_1.12.0/plugins/com.st.stm32cube.ide.mcu.externaltools.gnu-tools-for-stm32.10.3-2021.10.linux64_1.0.200.202301161003/tools/bin/../lib/gcc/arm-none-eabi/10.3.1/../../../../arm-none-eabi/lib/thumb/v7e-m+fp/hard/libm.a(lib_a-s_finite.o)
 .ARM.attributes
                0x00000000000003b3       0x34 /opt/st/stm32cubeide_1.12.0/plugins/com.st.stm32cube.ide.mcu.externaltools.gnu-tools-for-stm32.10.3-2021.10.linux64_1.0.200.202301161003/tools/bin/../lib/gcc/arm-none-eabi/10.3.1/../../../../arm-none-eabi/lib/thumb/v7e-m+fp/hard/libm.a(lib_a-s_scalbn.o)
 .ARM.attributes
                0x00000000000003e7       0x34 /opt/st/stm32cubeide_1.12.0/plugins/com.st.stm32cube.ide.mcu.externaltools.gnu-tools-for-stm32.10.3-2021.10.linux64_1.0.200.202301161003/tools/bin/../lib/gcc/arm-none-eabi/10.3.1/../../../../arm-none-eabi/lib/thumb/v7e-m+fp/hard/libc_nano.a(lib_a-errno.o)
 .ARM.attributes
                0x000000000000041b       0x1e /opt/st/stm32cubeide_1.12.0/plugins/com.st.stm32cube.ide.mcu.externaltools.gnu-tools-for-stm32.10.3-2021.10.linux64_1.0.200.202301161003/tools/bin/../lib/gcc/arm-none-eabi/10.3.1/thumb/v7e-m+fp/hard/libgcc.a(_arm_addsubdf3.o)
 .ARM.attributes
                0x0000000000000439       0x1e /opt/st/stm32cubeide_1.12.0/plugins/com.st.stm32cube.ide.mcu.externaltools.gnu-tools-for-stm32.10.3-2021.10.linux64_1.0.200.202301161003/tools/bin/../lib/gcc/arm-none-eabi/10.3.1/thumb/v7e-m+fp/hard/libgcc.a(_arm_muldivdf3.o)
 .ARM.attributes
                0x0000000000000457       0x1e /opt/st/stm32cubeide_1.12.0/plugins/com.st.stm32cube.ide.mcu.externaltools.gnu-tools-for-stm32.10.3-2021.10.linux64_1.0.200.202301161003/tools/bin/../lib/gcc/arm-none-eabi/10.3.1/thumb/v7e-m+fp/hard/libgcc.a(_arm_cmpdf2.o)
 .ARM.attributes
                0x0000000000000475       0x1e /opt/st/stm32cubeide_1.12.0/plugins/com.st.stm32cube.ide.mcu.externaltools.gnu-tools-for-stm32.10.3-2021.10.linux64_1.0.200.202301161003/tools/bin/../lib/gcc/arm-none-eabi/10.3.1/thumb/v7e-m+fp/hard/libgcc.a(_arm_unorddf2.o)
 .ARM.attributes
                0x0000000000000493       0x1e /opt/st/stm32cubeide_1.12.0/plugins/com.st.stm32cube.ide.mcu.externaltools.gnu-tools-for-stm32.10.3-2021.10.linux64_1.0.200.202301161003/tools/bin/../lib/gcc/arm-none-eabi/10.3.1/thumb/v7e-m+fp/hard/libgcc.a(_arm_fixunsdfsi.o)
 .ARM.attributes
                0x00000000000004b1       0x1e /opt/st/stm32cubeide_1.12.0/plugins/com.st.stm32cube.ide.mcu.externaltools.gnu-tools-for-stm32.10.3-2021.10.linux64_1.0.200.202301161003/tools/bin/../lib/gcc/arm-none-eabi/10.3.1/thumb/v7e-m+fp/hard/crtn.o
OUTPUT(PWM_LED_Entrega.elf elf32-littlearm)
LOAD linker stubs
LOAD /opt/st/stm32cubeide_1.12.0/plugins/com.st.stm32cube.ide.mcu.externaltools.gnu-tools-for-stm32.10.3-2021.10.linux64_1.0.200.202301161003/tools/bin/../lib/gcc/arm-none-eabi/10.3.1/../../../../arm-none-eabi/lib/thumb/v7e-m+fp/hard/libc.a
LOAD /opt/st/stm32cubeide_1.12.0/plugins/com.st.stm32cube.ide.mcu.externaltools.gnu-tools-for-stm32.10.3-2021.10.linux64_1.0.200.202301161003/tools/bin/../lib/gcc/arm-none-eabi/10.3.1/../../../../arm-none-eabi/lib/thumb/v7e-m+fp/hard/libm.a
LOAD /opt/st/stm32cubeide_1.12.0/plugins/com.st.stm32cube.ide.mcu.externaltools.gnu-tools-for-stm32.10.3-2021.10.linux64_1.0.200.202301161003/tools/bin/../lib/gcc/arm-none-eabi/10.3.1/thumb/v7e-m+fp/hard/libgcc.a

.debug_info     0x0000000000000000     0x491c
 .debug_info    0x0000000000000000      0x2d9 ./Core/Src/main.o
 .debug_info    0x00000000000002d9      0x1f0 ./Core/Src/stm32l4xx_it.o
 .debug_info    0x00000000000004c9      0x5e0 ./Core/Src/system_stm32l4xx.o
 .debug_info    0x0000000000000aa9     0x14d7 ./Drivers/ADC/Src/ADC.o
 .debug_info    0x0000000000001f80      0xa09 ./Drivers/LIB/Source/mf_shield.o
 .debug_info    0x0000000000002989     0x12da ./Drivers/PWM/Src/PWM.o
 .debug_info    0x0000000000003c63      0xc97 ./Drivers/STM32L4xx_HAL_Driver/Src/stm32l4xx_ll_utils.o
 .debug_info    0x00000000000048fa       0x22 ./Startup/startup_stm32l476rgtx.o

.debug_abbrev   0x0000000000000000      0xda4
 .debug_abbrev  0x0000000000000000      0x14d ./Core/Src/main.o
 .debug_abbrev  0x000000000000014d       0xb6 ./Core/Src/stm32l4xx_it.o
 .debug_abbrev  0x0000000000000203      0x13b ./Core/Src/system_stm32l4xx.o
 .debug_abbrev  0x000000000000033e      0x2fc ./Drivers/ADC/Src/ADC.o
 .debug_abbrev  0x000000000000063a      0x289 ./Drivers/LIB/Source/mf_shield.o
 .debug_abbrev  0x00000000000008c3      0x278 ./Drivers/PWM/Src/PWM.o
 .debug_abbrev  0x0000000000000b3b      0x257 ./Drivers/STM32L4xx_HAL_Driver/Src/stm32l4xx_ll_utils.o
 .debug_abbrev  0x0000000000000d92       0x12 ./Startup/startup_stm32l476rgtx.o

.debug_aranges  0x0000000000000000      0x570
 .debug_aranges
                0x0000000000000000       0x20 ./Core/Src/main.o
 .debug_aranges
                0x0000000000000020       0x70 ./Core/Src/stm32l4xx_it.o
 .debug_aranges
                0x0000000000000090       0x28 ./Core/Src/system_stm32l4xx.o
 .debug_aranges
                0x00000000000000b8      0x160 ./Drivers/ADC/Src/ADC.o
 .debug_aranges
                0x0000000000000218      0x108 ./Drivers/LIB/Source/mf_shield.o
 .debug_aranges
                0x0000000000000320       0xf0 ./Drivers/PWM/Src/PWM.o
 .debug_aranges
                0x0000000000000410      0x138 ./Drivers/STM32L4xx_HAL_Driver/Src/stm32l4xx_ll_utils.o
 .debug_aranges
                0x0000000000000548       0x28 ./Startup/startup_stm32l476rgtx.o

.debug_ranges   0x0000000000000000      0x4f8
 .debug_ranges  0x0000000000000000       0x10 ./Core/Src/main.o
 .debug_ranges  0x0000000000000010       0x60 ./Core/Src/stm32l4xx_it.o
 .debug_ranges  0x0000000000000070       0x18 ./Core/Src/system_stm32l4xx.o
 .debug_ranges  0x0000000000000088      0x150 ./Drivers/ADC/Src/ADC.o
 .debug_ranges  0x00000000000001d8       0xf8 ./Drivers/LIB/Source/mf_shield.o
 .debug_ranges  0x00000000000002d0       0xe0 ./Drivers/PWM/Src/PWM.o
 .debug_ranges  0x00000000000003b0      0x128 ./Drivers/STM32L4xx_HAL_Driver/Src/stm32l4xx_ll_utils.o
 .debug_ranges  0x00000000000004d8       0x20 ./Startup/startup_stm32l476rgtx.o

.debug_macro    0x0000000000000000    0x206c4
 .debug_macro   0x0000000000000000      0x24b ./Core/Src/main.o
 .debug_macro   0x000000000000024b      0xa8a ./Core/Src/main.o
 .debug_macro   0x0000000000000cd5       0x1e ./Core/Src/main.o
 .debug_macro   0x0000000000000cf3       0x22 ./Core/Src/main.o
 .debug_macro   0x0000000000000d15       0x4c ./Core/Src/main.o
 .debug_macro   0x0000000000000d61       0x94 ./Core/Src/main.o
 .debug_macro   0x0000000000000df5       0x3c ./Core/Src/main.o
 .debug_macro   0x0000000000000e31       0x34 ./Core/Src/main.o
 .debug_macro   0x0000000000000e65       0x16 ./Core/Src/main.o
 .debug_macro   0x0000000000000e7b      0x10e ./Core/Src/main.o
 .debug_macro   0x0000000000000f89       0x8d ./Core/Src/main.o
 .debug_macro   0x0000000000001016       0x16 ./Core/Src/main.o
 .debug_macro   0x000000000000102c       0x43 ./Core/Src/main.o
 .debug_macro   0x000000000000106f       0x57 ./Core/Src/main.o
 .debug_macro   0x00000000000010c6       0x34 ./Core/Src/main.o
 .debug_macro   0x00000000000010fa       0x10 ./Core/Src/main.o
 .debug_macro   0x000000000000110a       0x58 ./Core/Src/main.o
 .debug_macro   0x0000000000001162       0x71 ./Core/Src/main.o
 .debug_macro   0x00000000000011d3       0x1c ./Core/Src/main.o
 .debug_macro   0x00000000000011ef      0x12a ./Core/Src/main.o
 .debug_macro   0x0000000000001319      0x341 ./Core/Src/main.o
 .debug_macro   0x000000000000165a       0x16 ./Core/Src/main.o
 .debug_macro   0x0000000000001670       0x29 ./Core/Src/main.o
 .debug_macro   0x0000000000001699      0x19b ./Core/Src/main.o
 .debug_macro   0x0000000000001834       0x2e ./Core/Src/main.o
 .debug_macro   0x0000000000001862       0x28 ./Core/Src/main.o
 .debug_macro   0x000000000000188a      0x103 ./Core/Src/main.o
 .debug_macro   0x000000000000198d       0x6a ./Core/Src/main.o
 .debug_macro   0x00000000000019f7      0x1df ./Core/Src/main.o
 .debug_macro   0x0000000000001bd6       0x1c ./Core/Src/main.o
 .debug_macro   0x0000000000001bf2       0x22 ./Core/Src/main.o
 .debug_macro   0x0000000000001c14       0xfb ./Core/Src/main.o
 .debug_macro   0x0000000000001d0f     0x1011 ./Core/Src/main.o
 .debug_macro   0x0000000000002d20      0x11f ./Core/Src/main.o
 .debug_macro   0x0000000000002e3f    0x1a17a ./Core/Src/main.o
 .debug_macro   0x000000000001cfb9       0x6d ./Core/Src/main.o
 .debug_macro   0x000000000001d026      0x1b9 ./Core/Src/main.o
 .debug_macro   0x000000000001d1df      0x720 ./Core/Src/main.o
 .debug_macro   0x000000000001d8ff      0x20d ./Core/Src/main.o
 .debug_macro   0x000000000001db0c      0x2f5 ./Core/Src/main.o
 .debug_macro   0x000000000001de01       0xa7 ./Core/Src/main.o
 .debug_macro   0x000000000001dea8      0x1a6 ./Core/Src/main.o
 .debug_macro   0x000000000001e04e      0x169 ./Core/Src/main.o
 .debug_macro   0x000000000001e1b7      0x12b ./Core/Src/main.o
 .debug_macro   0x000000000001e2e2      0xf8a ./Core/Src/main.o
 .debug_macro   0x000000000001f26c      0x966 ./Core/Src/main.o
 .debug_macro   0x000000000001fbd2       0xb8 ./Core/Src/main.o
 .debug_macro   0x000000000001fc8a       0x22 ./Core/Src/main.o
 .debug_macro   0x000000000001fcac       0x28 ./Core/Src/main.o
 .debug_macro   0x000000000001fcd4      0x177 ./Core/Src/stm32l4xx_it.o
 .debug_macro   0x000000000001fe4b       0x8e ./Core/Src/stm32l4xx_it.o
 .debug_macro   0x000000000001fed9       0x51 ./Core/Src/stm32l4xx_it.o
 .debug_macro   0x000000000001ff2a       0xe6 ./Core/Src/system_stm32l4xx.o
 .debug_macro   0x0000000000020010      0x177 ./Drivers/ADC/Src/ADC.o
 .debug_macro   0x0000000000020187       0x1c ./Drivers/ADC/Src/ADC.o
 .debug_macro   0x00000000000201a3      0x171 ./Drivers/LIB/Source/mf_shield.o
 .debug_macro   0x0000000000020314      0x171 ./Drivers/PWM/Src/PWM.o
 .debug_macro   0x0000000000020485      0x19e ./Drivers/STM32L4xx_HAL_Driver/Src/stm32l4xx_ll_utils.o
 .debug_macro   0x0000000000020623       0xa1 ./Drivers/STM32L4xx_HAL_Driver/Src/stm32l4xx_ll_utils.o

.debug_line     0x0000000000000000     0x48bb
 .debug_line    0x0000000000000000      0x8c3 ./Core/Src/main.o
 .debug_line    0x00000000000008c3      0x805 ./Core/Src/stm32l4xx_it.o
 .debug_line    0x00000000000010c8      0x574 ./Core/Src/system_stm32l4xx.o
 .debug_line    0x000000000000163c      0xd2b ./Drivers/ADC/Src/ADC.o
 .debug_line    0x0000000000002367      0xc72 ./Drivers/LIB/Source/mf_shield.o
 .debug_line    0x0000000000002fd9      0xcc0 ./Drivers/PWM/Src/PWM.o
 .debug_line    0x0000000000003c99      0xb9e ./Drivers/STM32L4xx_HAL_Driver/Src/stm32l4xx_ll_utils.o
 .debug_line    0x0000000000004837       0x84 ./Startup/startup_stm32l476rgtx.o

.debug_str      0x0000000000000000    0xbbdea
 .debug_str     0x0000000000000000    0xb9dea ./Core/Src/main.o
                                      0xba02b (size before relaxing)
 .debug_str     0x00000000000b9dea       0xd7 ./Core/Src/stm32l4xx_it.o
                                      0xb65e5 (size before relaxing)
 .debug_str     0x00000000000b9ec1      0x29c ./Core/Src/system_stm32l4xx.o
                                      0x9eab9 (size before relaxing)
 .debug_str     0x00000000000ba15d      0x9d8 ./Drivers/ADC/Src/ADC.o
                                      0xb7244 (size before relaxing)
 .debug_str     0x00000000000bab35      0x194 ./Drivers/LIB/Source/mf_shield.o
                                      0xb68c0 (size before relaxing)
 .debug_str     0x00000000000bacc9      0x27d ./Drivers/PWM/Src/PWM.o
                                      0xb6f72 (size before relaxing)
 .debug_str     0x00000000000baf46      0xe73 ./Drivers/STM32L4xx_HAL_Driver/Src/stm32l4xx_ll_utils.o
                                      0xa573e (size before relaxing)
 .debug_str     0x00000000000bbdb9       0x31 ./Startup/startup_stm32l476rgtx.o
                                         0x6a (size before relaxing)

.comment        0x0000000000000000       0x50
 .comment       0x0000000000000000       0x50 ./Core/Src/main.o
                                         0x51 (size before relaxing)
 .comment       0x0000000000000050       0x51 ./Core/Src/stm32l4xx_it.o
 .comment       0x0000000000000050       0x51 ./Core/Src/system_stm32l4xx.o
 .comment       0x0000000000000050       0x51 ./Drivers/ADC/Src/ADC.o
 .comment       0x0000000000000050       0x51 ./Drivers/LIB/Source/mf_shield.o
 .comment       0x0000000000000050       0x51 ./Drivers/PWM/Src/PWM.o
 .comment       0x0000000000000050       0x51 ./Drivers/STM32L4xx_HAL_Driver/Src/stm32l4xx_ll_utils.o

.debug_frame    0x0000000000000000     0x1a38
 .debug_frame   0x0000000000000000       0x30 ./Core/Src/main.o
 .debug_frame   0x0000000000000030      0x14c ./Core/Src/stm32l4xx_it.o
 .debug_frame   0x000000000000017c       0x58 ./Core/Src/system_stm32l4xx.o
 .debug_frame   0x00000000000001d4      0x618 ./Drivers/ADC/Src/ADC.o
 .debug_frame   0x00000000000007ec      0x3d4 ./Drivers/LIB/Source/mf_shield.o
 .debug_frame   0x0000000000000bc0      0x428 ./Drivers/PWM/Src/PWM.o
 .debug_frame   0x0000000000000fe8      0x4fc ./Drivers/STM32L4xx_HAL_Driver/Src/stm32l4xx_ll_utils.o
 .debug_frame   0x00000000000014e4       0x2c /opt/st/stm32cubeide_1.12.0/plugins/com.st.stm32cube.ide.mcu.externaltools.gnu-tools-for-stm32.10.3-2021.10.linux64_1.0.200.202301161003/tools/bin/../lib/gcc/arm-none-eabi/10.3.1/../../../../arm-none-eabi/lib/thumb/v7e-m+fp/hard/libc_nano.a(lib_a-init.o)
 .debug_frame   0x0000000000001510       0x48 /opt/st/stm32cubeide_1.12.0/plugins/com.st.stm32cube.ide.mcu.externaltools.gnu-tools-for-stm32.10.3-2021.10.linux64_1.0.200.202301161003/tools/bin/../lib/gcc/arm-none-eabi/10.3.1/../../../../arm-none-eabi/lib/thumb/v7e-m+fp/hard/libc_nano.a(lib_a-utoa.o)
 .debug_frame   0x0000000000001558       0x44 /opt/st/stm32cubeide_1.12.0/plugins/com.st.stm32cube.ide.mcu.externaltools.gnu-tools-for-stm32.10.3-2021.10.linux64_1.0.200.202301161003/tools/bin/../lib/gcc/arm-none-eabi/10.3.1/../../../../arm-none-eabi/lib/thumb/v7e-m+fp/hard/libm.a(lib_a-w_pow.o)
 .debug_frame   0x000000000000159c       0xc8 /opt/st/stm32cubeide_1.12.0/plugins/com.st.stm32cube.ide.mcu.externaltools.gnu-tools-for-stm32.10.3-2021.10.linux64_1.0.200.202301161003/tools/bin/../lib/gcc/arm-none-eabi/10.3.1/../../../../arm-none-eabi/lib/thumb/v7e-m+fp/hard/libm.a(lib_a-e_pow.o)
 .debug_frame   0x0000000000001664       0x30 /opt/st/stm32cubeide_1.12.0/plugins/com.st.stm32cube.ide.mcu.externaltools.gnu-tools-for-stm32.10.3-2021.10.linux64_1.0.200.202301161003/tools/bin/../lib/gcc/arm-none-eabi/10.3.1/../../../../arm-none-eabi/lib/thumb/v7e-m+fp/hard/libm.a(lib_a-e_sqrt.o)
 .debug_frame   0x0000000000001694      0x10c /opt/st/stm32cubeide_1.12.0/plugins/com.st.stm32cube.ide.mcu.externaltools.gnu-tools-for-stm32.10.3-2021.10.linux64_1.0.200.202301161003/tools/bin/../lib/gcc/arm-none-eabi/10.3.1/../../../../arm-none-eabi/lib/thumb/v7e-m+fp/hard/libm.a(lib_a-math_err.o)
 .debug_frame   0x00000000000017a0       0x20 /opt/st/stm32cubeide_1.12.0/plugins/com.st.stm32cube.ide.mcu.externaltools.gnu-tools-for-stm32.10.3-2021.10.linux64_1.0.200.202301161003/tools/bin/../lib/gcc/arm-none-eabi/10.3.1/../../../../arm-none-eabi/lib/thumb/v7e-m+fp/hard/libm.a(lib_a-s_fabs.o)
 .debug_frame   0x00000000000017c0       0x28 /opt/st/stm32cubeide_1.12.0/plugins/com.st.stm32cube.ide.mcu.externaltools.gnu-tools-for-stm32.10.3-2021.10.linux64_1.0.200.202301161003/tools/bin/../lib/gcc/arm-none-eabi/10.3.1/../../../../arm-none-eabi/lib/thumb/v7e-m+fp/hard/libm.a(lib_a-s_finite.o)
 .debug_frame   0x00000000000017e8       0x2c /opt/st/stm32cubeide_1.12.0/plugins/com.st.stm32cube.ide.mcu.externaltools.gnu-tools-for-stm32.10.3-2021.10.linux64_1.0.200.202301161003/tools/bin/../lib/gcc/arm-none-eabi/10.3.1/../../../../arm-none-eabi/lib/thumb/v7e-m+fp/hard/libm.a(lib_a-s_scalbn.o)
 .debug_frame   0x0000000000001814       0x20 /opt/st/stm32cubeide_1.12.0/plugins/com.st.stm32cube.ide.mcu.externaltools.gnu-tools-for-stm32.10.3-2021.10.linux64_1.0.200.202301161003/tools/bin/../lib/gcc/arm-none-eabi/10.3.1/../../../../arm-none-eabi/lib/thumb/v7e-m+fp/hard/libc_nano.a(lib_a-errno.o)
 .debug_frame   0x0000000000001834       0xac /opt/st/stm32cubeide_1.12.0/plugins/com.st.stm32cube.ide.mcu.externaltools.gnu-tools-for-stm32.10.3-2021.10.linux64_1.0.200.202301161003/tools/bin/../lib/gcc/arm-none-eabi/10.3.1/thumb/v7e-m+fp/hard/libgcc.a(_arm_addsubdf3.o)
 .debug_frame   0x00000000000018e0       0x50 /opt/st/stm32cubeide_1.12.0/plugins/com.st.stm32cube.ide.mcu.externaltools.gnu-tools-for-stm32.10.3-2021.10.linux64_1.0.200.202301161003/tools/bin/../lib/gcc/arm-none-eabi/10.3.1/thumb/v7e-m+fp/hard/libgcc.a(_arm_muldivdf3.o)
 .debug_frame   0x0000000000001930       0xc4 /opt/st/stm32cubeide_1.12.0/plugins/com.st.stm32cube.ide.mcu.externaltools.gnu-tools-for-stm32.10.3-2021.10.linux64_1.0.200.202301161003/tools/bin/../lib/gcc/arm-none-eabi/10.3.1/thumb/v7e-m+fp/hard/libgcc.a(_arm_cmpdf2.o)
 .debug_frame   0x00000000000019f4       0x20 /opt/st/stm32cubeide_1.12.0/plugins/com.st.stm32cube.ide.mcu.externaltools.gnu-tools-for-stm32.10.3-2021.10.linux64_1.0.200.202301161003/tools/bin/../lib/gcc/arm-none-eabi/10.3.1/thumb/v7e-m+fp/hard/libgcc.a(_arm_unorddf2.o)
 .debug_frame   0x0000000000001a14       0x24 /opt/st/stm32cubeide_1.12.0/plugins/com.st.stm32cube.ide.mcu.externaltools.gnu-tools-for-stm32.10.3-2021.10.linux64_1.0.200.202301161003/tools/bin/../lib/gcc/arm-none-eabi/10.3.1/thumb/v7e-m+fp/hard/libgcc.a(_arm_fixunsdfsi.o)
