/home/felipe/Documents/Estructuras/PWM_LED_Entrega/Drivers/CMSIS/Include/core_cm4.h:1679:22:__NVIC_EnableIRQ	16	static,ignoring_inline_asm
/home/felipe/Documents/Estructuras/PWM_LED_Entrega/Drivers/CMSIS/Include/core_cm4.h:1809:22:__NVIC_SetPriority	16	static
/home/felipe/Documents/Estructuras/PWM_LED_Entrega/Drivers/STM32L4xx_HAL_Driver/Inc/stm32l4xx_ll_bus.h:563:22:LL_AHB2_GRP1_EnableClock	24	static
/home/felipe/Documents/Estructuras/PWM_LED_Entrega/Drivers/STM32L4xx_HAL_Driver/Inc/stm32l4xx_ll_bus.h:1087:22:LL_APB1_GRP1_EnableClock	24	static
/home/felipe/Documents/Estructuras/PWM_LED_Entrega/Drivers/STM32L4xx_HAL_Driver/Inc/stm32l4xx_ll_gpio.h:285:22:LL_GPIO_SetPinMode	48	static,ignoring_inline_asm
/home/felipe/Documents/Estructuras/PWM_LED_Entrega/Drivers/STM32L4xx_HAL_Driver/Inc/stm32l4xx_ll_gpio.h:425:22:LL_GPIO_SetPinSpeed	48	static,ignoring_inline_asm
/home/felipe/Documents/Estructuras/PWM_LED_Entrega/Drivers/STM32L4xx_HAL_Driver/Inc/stm32l4xx_ll_gpio.h:496:22:LL_GPIO_SetPinPull	48	static,ignoring_inline_asm
/home/felipe/Documents/Estructuras/PWM_LED_Entrega/Drivers/STM32L4xx_HAL_Driver/Inc/stm32l4xx_ll_gpio.h:568:22:LL_GPIO_SetAFPin_0_7	48	static,ignoring_inline_asm
/home/felipe/Documents/Estructuras/PWM_LED_Entrega/Drivers/STM32L4xx_HAL_Driver/Inc/stm32l4xx_ll_tim.h:1486:22:LL_TIM_EnableCounter	16	static
/home/felipe/Documents/Estructuras/PWM_LED_Entrega/Drivers/STM32L4xx_HAL_Driver/Inc/stm32l4xx_ll_tim.h:1666:22:LL_TIM_EnableARRPreload	16	static
/home/felipe/Documents/Estructuras/PWM_LED_Entrega/Drivers/STM32L4xx_HAL_Driver/Inc/stm32l4xx_ll_tim.h:1752:26:LL_TIM_GetCounter	16	static
/home/felipe/Documents/Estructuras/PWM_LED_Entrega/Drivers/STM32L4xx_HAL_Driver/Inc/stm32l4xx_ll_tim.h:1781:22:LL_TIM_SetPrescaler	16	static
/home/felipe/Documents/Estructuras/PWM_LED_Entrega/Drivers/STM32L4xx_HAL_Driver/Inc/stm32l4xx_ll_tim.h:1792:26:LL_TIM_GetPrescaler	16	static
/home/felipe/Documents/Estructuras/PWM_LED_Entrega/Drivers/STM32L4xx_HAL_Driver/Inc/stm32l4xx_ll_tim.h:1808:22:LL_TIM_SetAutoReload	16	static
/home/felipe/Documents/Estructuras/PWM_LED_Entrega/Drivers/STM32L4xx_HAL_Driver/Inc/stm32l4xx_ll_tim.h:1821:26:LL_TIM_GetAutoReload	16	static
/home/felipe/Documents/Estructuras/PWM_LED_Entrega/Drivers/STM32L4xx_HAL_Driver/Inc/stm32l4xx_ll_tim.h:2010:22:LL_TIM_CC_EnableChannel	16	static
/home/felipe/Documents/Estructuras/PWM_LED_Entrega/Drivers/STM32L4xx_HAL_Driver/Inc/stm32l4xx_ll_tim.h:2158:22:LL_TIM_OC_SetMode	32	static
/home/felipe/Documents/Estructuras/PWM_LED_Entrega/Drivers/STM32L4xx_HAL_Driver/Inc/stm32l4xx_ll_tim.h:2435:22:LL_TIM_OC_EnablePreload	24	static
/home/felipe/Documents/Estructuras/PWM_LED_Entrega/Drivers/STM32L4xx_HAL_Driver/Inc/stm32l4xx_ll_tim.h:2606:22:LL_TIM_OC_SetCompareCH1	16	static
/home/felipe/Documents/Estructuras/PWM_LED_Entrega/Drivers/STM32L4xx_HAL_Driver/Inc/stm32l4xx_ll_tim.h:4104:22:LL_TIM_ClearFlag_CC1	16	static
/home/felipe/Documents/Estructuras/PWM_LED_Entrega/Drivers/STM32L4xx_HAL_Driver/Inc/stm32l4xx_ll_tim.h:4115:26:LL_TIM_IsActiveFlag_CC1	16	static
/home/felipe/Documents/Estructuras/PWM_LED_Entrega/Drivers/STM32L4xx_HAL_Driver/Inc/stm32l4xx_ll_tim.h:4478:22:LL_TIM_EnableIT_CC1	16	static
/home/felipe/Documents/Estructuras/PWM_LED_Entrega/Drivers/STM32L4xx_HAL_Driver/Inc/stm32l4xx_ll_tim.h:4954:22:LL_TIM_GenerateEvent_UPDATE	16	static
../Drivers/PWM/Src/PWM.c:11:7:Configure_TIMPWMOutput	16	static
../Drivers/PWM/Src/PWM.c:95:6:Configure_DutyCycle	24	static
../Drivers/PWM/Src/PWM.c:111:6:TIM2_IRQHandler	8	static
../Drivers/PWM/Src/PWM.c:129:6:TimerCaptureCompare_Callback	16	static
