Archive member included to satisfy reference by file (symbol)

/opt/st/stm32cubeide_1.12.0/plugins/com.st.stm32cube.ide.mcu.externaltools.gnu-tools-for-stm32.10.3-2021.10.linux64_1.0.200.202301161003/tools/bin/../lib/gcc/arm-none-eabi/10.3.1/../../../../arm-none-eabi/lib/thumb/v7e-m+fp/hard/libc_nano.a(lib_a-errno.o)
                              ./Core/Src/syscalls.o (__errno)
/opt/st/stm32cubeide_1.12.0/plugins/com.st.stm32cube.ide.mcu.externaltools.gnu-tools-for-stm32.10.3-2021.10.linux64_1.0.200.202301161003/tools/bin/../lib/gcc/arm-none-eabi/10.3.1/../../../../arm-none-eabi/lib/thumb/v7e-m+fp/hard/libc_nano.a(lib_a-exit.o)
                              /opt/st/stm32cubeide_1.12.0/plugins/com.st.stm32cube.ide.mcu.externaltools.gnu-tools-for-stm32.10.3-2021.10.linux64_1.0.200.202301161003/tools/bin/../lib/gcc/arm-none-eabi/10.3.1/../../../../arm-none-eabi/lib/thumb/v7e-m+fp/hard/crt0.o (exit)
/opt/st/stm32cubeide_1.12.0/plugins/com.st.stm32cube.ide.mcu.externaltools.gnu-tools-for-stm32.10.3-2021.10.linux64_1.0.200.202301161003/tools/bin/../lib/gcc/arm-none-eabi/10.3.1/../../../../arm-none-eabi/lib/thumb/v7e-m+fp/hard/libc_nano.a(lib_a-impure.o)
                              /opt/st/stm32cubeide_1.12.0/plugins/com.st.stm32cube.ide.mcu.externaltools.gnu-tools-for-stm32.10.3-2021.10.linux64_1.0.200.202301161003/tools/bin/../lib/gcc/arm-none-eabi/10.3.1/../../../../arm-none-eabi/lib/thumb/v7e-m+fp/hard/libc_nano.a(lib_a-exit.o) (_global_impure_ptr)
/opt/st/stm32cubeide_1.12.0/plugins/com.st.stm32cube.ide.mcu.externaltools.gnu-tools-for-stm32.10.3-2021.10.linux64_1.0.200.202301161003/tools/bin/../lib/gcc/arm-none-eabi/10.3.1/../../../../arm-none-eabi/lib/thumb/v7e-m+fp/hard/libc_nano.a(lib_a-init.o)
                              /opt/st/stm32cubeide_1.12.0/plugins/com.st.stm32cube.ide.mcu.externaltools.gnu-tools-for-stm32.10.3-2021.10.linux64_1.0.200.202301161003/tools/bin/../lib/gcc/arm-none-eabi/10.3.1/../../../../arm-none-eabi/lib/thumb/v7e-m+fp/hard/crt0.o (__libc_init_array)
/opt/st/stm32cubeide_1.12.0/plugins/com.st.stm32cube.ide.mcu.externaltools.gnu-tools-for-stm32.10.3-2021.10.linux64_1.0.200.202301161003/tools/bin/../lib/gcc/arm-none-eabi/10.3.1/../../../../arm-none-eabi/lib/thumb/v7e-m+fp/hard/libc_nano.a(lib_a-memset.o)
                              /opt/st/stm32cubeide_1.12.0/plugins/com.st.stm32cube.ide.mcu.externaltools.gnu-tools-for-stm32.10.3-2021.10.linux64_1.0.200.202301161003/tools/bin/../lib/gcc/arm-none-eabi/10.3.1/../../../../arm-none-eabi/lib/thumb/v7e-m+fp/hard/crt0.o (memset)
/opt/st/stm32cubeide_1.12.0/plugins/com.st.stm32cube.ide.mcu.externaltools.gnu-tools-for-stm32.10.3-2021.10.linux64_1.0.200.202301161003/tools/bin/../lib/gcc/arm-none-eabi/10.3.1/../../../../arm-none-eabi/lib/thumb/v7e-m+fp/hard/libc_nano.a(lib_a-strlen.o)
                              ./Peripherals/Core/LCD.o (strlen)

Discarded input sections

 .text          0x0000000000000000        0x0 /opt/st/stm32cubeide_1.12.0/plugins/com.st.stm32cube.ide.mcu.externaltools.gnu-tools-for-stm32.10.3-2021.10.linux64_1.0.200.202301161003/tools/bin/../lib/gcc/arm-none-eabi/10.3.1/thumb/v7e-m+fp/hard/crti.o
 .data          0x0000000000000000        0x0 /opt/st/stm32cubeide_1.12.0/plugins/com.st.stm32cube.ide.mcu.externaltools.gnu-tools-for-stm32.10.3-2021.10.linux64_1.0.200.202301161003/tools/bin/../lib/gcc/arm-none-eabi/10.3.1/thumb/v7e-m+fp/hard/crti.o
 .bss           0x0000000000000000        0x0 /opt/st/stm32cubeide_1.12.0/plugins/com.st.stm32cube.ide.mcu.externaltools.gnu-tools-for-stm32.10.3-2021.10.linux64_1.0.200.202301161003/tools/bin/../lib/gcc/arm-none-eabi/10.3.1/thumb/v7e-m+fp/hard/crti.o
 .data          0x0000000000000000        0x4 /opt/st/stm32cubeide_1.12.0/plugins/com.st.stm32cube.ide.mcu.externaltools.gnu-tools-for-stm32.10.3-2021.10.linux64_1.0.200.202301161003/tools/bin/../lib/gcc/arm-none-eabi/10.3.1/thumb/v7e-m+fp/hard/crtbegin.o
 .rodata        0x0000000000000000       0x24 /opt/st/stm32cubeide_1.12.0/plugins/com.st.stm32cube.ide.mcu.externaltools.gnu-tools-for-stm32.10.3-2021.10.linux64_1.0.200.202301161003/tools/bin/../lib/gcc/arm-none-eabi/10.3.1/thumb/v7e-m+fp/hard/crtbegin.o
 .text          0x0000000000000000       0x7c /opt/st/stm32cubeide_1.12.0/plugins/com.st.stm32cube.ide.mcu.externaltools.gnu-tools-for-stm32.10.3-2021.10.linux64_1.0.200.202301161003/tools/bin/../lib/gcc/arm-none-eabi/10.3.1/../../../../arm-none-eabi/lib/thumb/v7e-m+fp/hard/crt0.o
 .data          0x0000000000000000        0x0 /opt/st/stm32cubeide_1.12.0/plugins/com.st.stm32cube.ide.mcu.externaltools.gnu-tools-for-stm32.10.3-2021.10.linux64_1.0.200.202301161003/tools/bin/../lib/gcc/arm-none-eabi/10.3.1/../../../../arm-none-eabi/lib/thumb/v7e-m+fp/hard/crt0.o
[...]
Memory Configuration

Name             Origin             Length             Attributes
RAM              0x0000000020000000 0x0000000000018000 xrw
RAM2             0x0000000010000000 0x0000000000008000 xrw
FLASH            0x0000000008000000 0x0000000000100000 xr
*default*        0x0000000000000000 0xffffffffffffffff

Linker script and memory map

LOAD /opt/st/stm32cubeide_1.12.0/plugins/com.st.stm32cube.ide.mcu.externaltools.gnu-tools-for-stm32.10.3-2021.10.linux64_1.0.200.202301161003/tools/bin/../lib/gcc/arm-none-eabi/10.3.1/thumb/v7e-m+fp/hard/crti.o
LOAD /opt/st/stm32cubeide_1.12.0/plugins/com.st.stm32cube.ide.mcu.externaltools.gnu-tools-for-stm32.10.3-2021.10.linux64_1.0.200.202301161003/tools/bin/../lib/gcc/arm-none-eabi/10.3.1/thumb/v7e-m+fp/hard/crtbegin.o
LOAD /opt/st/stm32cubeide_1.12.0/plugins/com.st.stm32cube.ide.mcu.externaltools.gnu-tools-for-stm32.10.3-2021.10.linux64_1.0.200.202301161003/tools/bin/../lib/gcc/arm-none-eabi/10.3.1/../../../../arm-none-eabi/lib/thumb/v7e-m+fp/hard/crt0.o
LOAD ./Core/Src/main.o
LOAD ./Core/Src/stm32l4xx_hal_msp.o
LOAD ./Core/Src/stm32l4xx_it.o
LOAD ./Core/Src/syscalls.o
LOAD ./Core/Src/sysmem.o
LOAD ./Core/Src/system_stm32l4xx.o
LOAD ./Core/Startup/startup_stm32l476rgtx.o
LOAD ./Drivers/STM32L4xx_HAL_Driver/Src/stm32l4xx_hal.o
LOAD ./Drivers/STM32L4xx_HAL_Driver/Src/stm32l4xx_hal_cortex.o
LOAD ./Drivers/STM32L4xx_HAL_Driver/Src/stm32l4xx_hal_dma.o
LOAD ./Drivers/STM32L4xx_HAL_Driver/Src/stm32l4xx_hal_dma_ex.o
LOAD ./Drivers/STM32L4xx_HAL_Driver/Src/stm32l4xx_hal_exti.o
LOAD ./Drivers/STM32L4xx_HAL_Driver/Src/stm32l4xx_hal_flash.o
LOAD ./Drivers/STM32L4xx_HAL_Driver/Src/stm32l4xx_hal_flash_ex.o
LOAD ./Drivers/STM32L4xx_HAL_Driver/Src/stm32l4xx_hal_flash_ramfunc.o
LOAD ./Drivers/STM32L4xx_HAL_Driver/Src/stm32l4xx_hal_gpio.o
LOAD ./Drivers/STM32L4xx_HAL_Driver/Src/stm32l4xx_hal_pwr.o
LOAD ./Drivers/STM32L4xx_HAL_Driver/Src/stm32l4xx_hal_pwr_ex.o
LOAD ./Drivers/STM32L4xx_HAL_Driver/Src/stm32l4xx_hal_rcc.o
LOAD ./Drivers/STM32L4xx_HAL_Driver/Src/stm32l4xx_hal_rcc_ex.o
LOAD ./Drivers/STM32L4xx_HAL_Driver/Src/stm32l4xx_hal_tim.o
LOAD ./Drivers/STM32L4xx_HAL_Driver/Src/stm32l4xx_hal_tim_ex.o
LOAD ./Peripherals/Core/GPIO.o
LOAD ./Peripherals/Core/INTERRUPTS.o
LOAD ./Peripherals/Core/LCD.o
LOAD ./Peripherals/Core/SysConfig.o
LOAD ./Peripherals/Core/Timer.o
START GROUP
LOAD /opt/st/stm32cubeide_1.12.0/plugins/com.st.stm32cube.ide.mcu.externaltools.gnu-tools-for-stm32.10.3-2021.10.linux64_1.0.200.202301161003/tools/bin/../lib/gcc/arm-none-eabi/10.3.1/../../../../arm-none-eabi/lib/thumb/v7e-m+fp/hard/libc_nano.a
LOAD /opt/st/stm32cubeide_1.12.0/plugins/com.st.stm32cube.ide.mcu.externaltools.gnu-tools-for-stm32.10.3-2021.10.linux64_1.0.200.202301161003/tools/bin/../lib/gcc/arm-none-eabi/10.3.1/../../../../arm-none-eabi/lib/thumb/v7e-m+fp/hard/libm.a
END GROUP
START GROUP
LOAD /opt/st/stm32cubeide_1.12.0/plugins/com.st.stm32cube.ide.mcu.externaltools.gnu-tools-for-stm32.10.3-2021.10.linux64_1.0.200.202301161003/tools/bin/../lib/gcc/arm-none-eabi/10.3.1/thumb/v7e-m+fp/hard/libgcc.a
LOAD /opt/st/stm32cubeide_1.12.0/plugins/com.st.stm32cube.ide.mcu.externaltools.gnu-tools-for-stm32.10.3-2021.10.linux64_1.0.200.202301161003/tools/bin/../lib/gcc/arm-none-eabi/10.3.1/../../../../arm-none-eabi/lib/thumb/v7e-m+fp/hard/libc_nano.a
END GROUP
START GROUP
LOAD /opt/st/stm32cubeide_1.12.0/plugins/com.st.stm32cube.ide.mcu.externaltools.gnu-tools-for-stm32.10.3-2021.10.linux64_1.0.200.202301161003/tools/bin/../lib/gcc/arm-none-eabi/10.3.1/thumb/v7e-m+fp/hard/libgcc.a
LOAD /opt/st/stm32cubeide_1.12.0/plugins/com.st.stm32cube.ide.mcu.externaltools.gnu-tools-for-stm32.10.3-2021.10.linux64_1.0.200.202301161003/tools/bin/../lib/gcc/arm-none-eabi/10.3.1/../../../../arm-none-eabi/lib/thumb/v7e-m+fp/hard/libc_nano.a
LOAD /opt/st/stm32cubeide_1.12.0/plugins/com.st.stm32cube.ide.mcu.externaltools.gnu-tools-for-stm32.10.3-2021.10.linux64_1.0.200.202301161003/tools/bin/../lib/gcc/arm-none-eabi/10.3.1/../../../../arm-none-eabi/lib/thumb/v7e-m+fp/hard/libnosys.a
END GROUP
START GROUP
LOAD /opt/st/stm32cubeide_1.12.0/plugins/com.st.stm32cube.ide.mcu.externaltools.gnu-tools-for-stm32.10.3-2021.10.linux64_1.0.200.202301161003/tools/bin/../lib/gcc/arm-none-eabi/10.3.1/thumb/v7e-m+fp/hard/libgcc.a
LOAD /opt/st/stm32cubeide_1.12.0/plugins/com.st.stm32cube.ide.mcu.externaltools.gnu-tools-for-stm32.10.3-2021.10.linux64_1.0.200.202301161003/tools/bin/../lib/gcc/arm-none-eabi/10.3.1/../../../../arm-none-eabi/lib/thumb/v7e-m+fp/hard/libc_nano.a
LOAD /opt/st/stm32cubeide_1.12.0/plugins/com.st.stm32cube.ide.mcu.externaltools.gnu-tools-for-stm32.10.3-2021.10.linux64_1.0.200.202301161003/tools/bin/../lib/gcc/arm-none-eabi/10.3.1/../../../../arm-none-eabi/lib/thumb/v7e-m+fp/hard/libnosys.a
END GROUP
LOAD /opt/st/stm32cubeide_1.12.0/plugins/com.st.stm32cube.ide.mcu.externaltools.gnu-tools-for-stm32.10.3-2021.10.linux64_1.0.200.202301161003/tools/bin/../lib/gcc/arm-none-eabi/10.3.1/thumb/v7e-m+fp/hard/crtend.o
LOAD /opt/st/stm32cubeide_1.12.0/plugins/com.st.stm32cube.ide.mcu.externaltools.gnu-tools-for-stm32.10.3-2021.10.linux64_1.0.200.202301161003/tools/bin/../lib/gcc/arm-none-eabi/10.3.1/thumb/v7e-m+fp/hard/crtn.o
                0x0000000020018000                _estack = (ORIGIN (RAM) + LENGTH (RAM))
                0x0000000000000200                _Min_Heap_Size = 0x200
                0x0000000000000400                _Min_Stack_Size = 0x400

.isr_vector     0x0000000008000000      0x188
                0x0000000008000000                . = ALIGN (0x4)
 *(.isr_vector)
 .isr_vector    0x0000000008000000      0x188 ./Core/Startup/startup_stm32l476rgtx.o
                0x0000000008000000                g_pfnVectors
                0x0000000008000188                . = ALIGN (0x4)

.text           0x0000000008000188     0x2184
                0x0000000008000188                . = ALIGN (0x4)
 *(.text)
 .text          0x0000000008000188       0x40 /opt/st/stm32cubeide_1.12.0/plugins/com.st.stm32cube.ide.mcu.externaltools.gnu-tools-for-stm32.10.3-2021.10.linux64_1.0.200.202301161003/tools/bin/../lib/gcc/arm-none-eabi/10.3.1/thumb/v7e-m+fp/hard/crtbegin.o
 *(.text*)
 .text.main     0x00000000080001c8       0x28 ./Core/Src/main.o
                0x00000000080001c8                main
 .text.HAL_TIM_PeriodElapsedCallback
                0x00000000080001f0       0x24 ./Core/Src/main.o
                0x00000000080001f0                HAL_TIM_PeriodElapsedCallback
 .text.HAL_MspInit
                0x0000000008000214       0x48 ./Core/Src/stm32l4xx_hal_msp.o
                0x0000000008000214                HAL_MspInit
 .text.NMI_Handler
                0x000000000800025c        0x6 ./Core/Src/stm32l4xx_it.o
                0x000000000800025c                NMI_Handler
 .text.HardFault_Handler
                0x0000000008000262        0x6 ./Core/Src/stm32l4xx_it.o
                0x0000000008000262                HardFault_Handler
 .text.MemManage_Handler
                0x0000000008000268        0x6 ./Core/Src/stm32l4xx_it.o
                0x0000000008000268                MemManage_Handler
 .text.BusFault_Handler
                0x000000000800026e        0x6 ./Core/Src/stm32l4xx_it.o
                0x000000000800026e                BusFault_Handler
 .text.UsageFault_Handler
                0x0000000008000274        0x6 ./Core/Src/stm32l4xx_it.o
                0x0000000008000274                UsageFault_Handler
 .text.SVC_Handler
                0x000000000800027a        0xe ./Core/Src/stm32l4xx_it.o
                0x000000000800027a                SVC_Handler
 .text.DebugMon_Handler
                0x0000000008000288        0xe ./Core/Src/stm32l4xx_it.o
                0x0000000008000288                DebugMon_Handler
 .text.PendSV_Handler
                0x0000000008000296        0xe ./Core/Src/stm32l4xx_it.o
                0x0000000008000296                PendSV_Handler
 .text.SysTick_Handler
                0x00000000080002a4        0xc ./Core/Src/stm32l4xx_it.o
                0x00000000080002a4                SysTick_Handler
 .text.TIM3_IRQHandler
                0x00000000080002b0       0x14 ./Core/Src/stm32l4xx_it.o
                0x00000000080002b0                TIM3_IRQHandler
 .text.SystemInit
                0x00000000080002c4       0x24 ./Core/Src/system_stm32l4xx.o
                0x00000000080002c4                SystemInit
 .text.Reset_Handler
                0x00000000080002e8       0x50 ./Core/Startup/startup_stm32l476rgtx.o
                0x00000000080002e8                Reset_Handler
 .text.Default_Handler
                0x0000000008000338        0x2 ./Core/Startup/startup_stm32l476rgtx.o
                0x0000000008000338                RTC_Alarm_IRQHandler
                0x0000000008000338                EXTI2_IRQHandler
                0x0000000008000338                TIM8_TRG_COM_IRQHandler
                0x0000000008000338                TIM8_CC_IRQHandler
                0x0000000008000338                TIM1_CC_IRQHandler
                0x0000000008000338                TSC_IRQHandler
                0x0000000008000338                TAMP_STAMP_IRQHandler
                0x0000000008000338                EXTI3_IRQHandler
                0x0000000008000338                LPTIM2_IRQHandler
                0x0000000008000338                DFSDM1_FLT1_IRQHandler
                0x0000000008000338                I2C3_ER_IRQHandler
                0x0000000008000338                DFSDM1_FLT2_IRQHandler
                0x0000000008000338                EXTI0_IRQHandler
                0x0000000008000338                I2C2_EV_IRQHandler
                0x0000000008000338                CAN1_RX0_IRQHandler
                0x0000000008000338                FPU_IRQHandler
                0x0000000008000338                TIM1_UP_TIM16_IRQHandler
                0x0000000008000338                ADC1_2_IRQHandler
                0x0000000008000338                SPI1_IRQHandler
                0x0000000008000338                TIM6_DAC_IRQHandler
                0x0000000008000338                TIM8_UP_IRQHandler
                0x0000000008000338                DMA2_Channel2_IRQHandler
                0x0000000008000338                DMA1_Channel4_IRQHandler
                0x0000000008000338                SAI2_IRQHandler
                0x0000000008000338                DFSDM1_FLT3_IRQHandler
                0x0000000008000338                USART3_IRQHandler
                0x0000000008000338                DMA1_Channel7_IRQHandler
                0x0000000008000338                CAN1_RX1_IRQHandler
                0x0000000008000338                LCD_IRQHandler
                0x0000000008000338                UART5_IRQHandler
                0x0000000008000338                ADC3_IRQHandler
                0x0000000008000338                TIM4_IRQHandler
                0x0000000008000338                DMA2_Channel1_IRQHandler
                0x0000000008000338                QUADSPI_IRQHandler
                0x0000000008000338                I2C1_EV_IRQHandler
                0x0000000008000338                DMA1_Channel6_IRQHandler
                0x0000000008000338                UART4_IRQHandler
                0x0000000008000338                DMA2_Channel4_IRQHandler
                0x0000000008000338                RCC_IRQHandler
                0x0000000008000338                DMA1_Channel1_IRQHandler
                0x0000000008000338                Default_Handler
                0x0000000008000338                DMA2_Channel7_IRQHandler
                0x0000000008000338                EXTI15_10_IRQHandler
                0x0000000008000338                TIM7_IRQHandler
                0x0000000008000338                SDMMC1_IRQHandler
                0x0000000008000338                TIM5_IRQHandler
                0x0000000008000338                I2C3_EV_IRQHandler
                0x0000000008000338                EXTI9_5_IRQHandler
                0x0000000008000338                RTC_WKUP_IRQHandler
                0x0000000008000338                PVD_PVM_IRQHandler
                0x0000000008000338                SPI2_IRQHandler
                0x0000000008000338                CAN1_TX_IRQHandler
                0x0000000008000338                DMA2_Channel5_IRQHandler
                0x0000000008000338                DMA1_Channel5_IRQHandler
                0x0000000008000338                EXTI4_IRQHandler
                0x0000000008000338                RNG_IRQHandler
                0x0000000008000338                TIM1_TRG_COM_TIM17_IRQHandler
                0x0000000008000338                DMA1_Channel3_IRQHandler
                0x0000000008000338                COMP_IRQHandler
                0x0000000008000338                WWDG_IRQHandler
                0x0000000008000338                LPUART1_IRQHandler
                0x0000000008000338                DMA2_Channel6_IRQHandler
                0x0000000008000338                TIM2_IRQHandler
                0x0000000008000338                EXTI1_IRQHandler
                0x0000000008000338                USART2_IRQHandler
                0x0000000008000338                DFSDM1_FLT0_IRQHandler
                0x0000000008000338                I2C2_ER_IRQHandler
                0x0000000008000338                DMA1_Channel2_IRQHandler
                0x0000000008000338                TIM8_BRK_IRQHandler
                0x0000000008000338                CAN1_SCE_IRQHandler
                0x0000000008000338                FLASH_IRQHandler
                0x0000000008000338                USART1_IRQHandler
                0x0000000008000338                OTG_FS_IRQHandler
                0x0000000008000338                SPI3_IRQHandler
                0x0000000008000338                I2C1_ER_IRQHandler
                0x0000000008000338                FMC_IRQHandler
                0x0000000008000338                SWPMI1_IRQHandler
                0x0000000008000338                LPTIM1_IRQHandler
                0x0000000008000338                SAI1_IRQHandler
                0x0000000008000338                DMA2_Channel3_IRQHandler
                0x0000000008000338                TIM1_BRK_TIM15_IRQHandler
 *fill*         0x000000000800033a        0x2 
 .text.HAL_Init
                0x000000000800033c       0x40 ./Drivers/STM32L4xx_HAL_Driver/Src/stm32l4xx_hal.o
                0x000000000800033c                HAL_Init
 .text.HAL_InitTick
                0x000000000800037c       0x78 ./Drivers/STM32L4xx_HAL_Driver/Src/stm32l4xx_hal.o
                0x000000000800037c                HAL_InitTick
 .text.HAL_IncTick
                0x00000000080003f4       0x28 ./Drivers/STM32L4xx_HAL_Driver/Src/stm32l4xx_hal.o
                0x00000000080003f4                HAL_IncTick
 .text.HAL_GetTick
                0x000000000800041c       0x18 ./Drivers/STM32L4xx_HAL_Driver/Src/stm32l4xx_hal.o
                0x000000000800041c                HAL_GetTick
 .text.__NVIC_SetPriorityGrouping
                0x0000000008000434       0x48 ./Drivers/STM32L4xx_HAL_Driver/Src/stm32l4xx_hal_cortex.o
 .text.__NVIC_GetPriorityGrouping
                0x000000000800047c       0x1c ./Drivers/STM32L4xx_HAL_Driver/Src/stm32l4xx_hal_cortex.o
 .text.__NVIC_EnableIRQ
                0x0000000008000498       0x3c ./Drivers/STM32L4xx_HAL_Driver/Src/stm32l4xx_hal_cortex.o
 .text.__NVIC_SetPriority
                0x00000000080004d4       0x54 ./Drivers/STM32L4xx_HAL_Driver/Src/stm32l4xx_hal_cortex.o
 .text.NVIC_EncodePriority
                0x0000000008000528       0x66 ./Drivers/STM32L4xx_HAL_Driver/Src/stm32l4xx_hal_cortex.o
 *fill*         0x000000000800058e        0x2 
 .text.SysTick_Config
                0x0000000008000590       0x44 ./Drivers/STM32L4xx_HAL_Driver/Src/stm32l4xx_hal_cortex.o
 .text.HAL_NVIC_SetPriorityGrouping
                0x00000000080005d4       0x16 ./Drivers/STM32L4xx_HAL_Driver/Src/stm32l4xx_hal_cortex.o
                0x00000000080005d4                HAL_NVIC_SetPriorityGrouping
 .text.HAL_NVIC_SetPriority
                0x00000000080005ea       0x38 ./Drivers/STM32L4xx_HAL_Driver/Src/stm32l4xx_hal_cortex.o
                0x00000000080005ea                HAL_NVIC_SetPriority
 .text.HAL_NVIC_EnableIRQ
                0x0000000008000622       0x1c ./Drivers/STM32L4xx_HAL_Driver/Src/stm32l4xx_hal_cortex.o
                0x0000000008000622                HAL_NVIC_EnableIRQ
 .text.HAL_SYSTICK_Config
                0x000000000800063e       0x18 ./Drivers/STM32L4xx_HAL_Driver/Src/stm32l4xx_hal_cortex.o
                0x000000000800063e                HAL_SYSTICK_Config
 *fill*         0x0000000008000656        0x2 
 .text.HAL_GPIO_Init
                0x0000000008000658      0x354 ./Drivers/STM32L4xx_HAL_Driver/Src/stm32l4xx_hal_gpio.o
                0x0000000008000658                HAL_GPIO_Init
 .text.HAL_GPIO_TogglePin
                0x00000000080009ac       0x34 ./Drivers/STM32L4xx_HAL_Driver/Src/stm32l4xx_hal_gpio.o
                0x00000000080009ac                HAL_GPIO_TogglePin
 .text.HAL_PWREx_GetVoltageRange
                0x00000000080009e0       0x1c ./Drivers/STM32L4xx_HAL_Driver/Src/stm32l4xx_hal_pwr_ex.o
                0x00000000080009e0                HAL_PWREx_GetVoltageRange
 .text.HAL_RCC_OscConfig
                0x00000000080009fc      0x7b8 ./Drivers/STM32L4xx_HAL_Driver/Src/stm32l4xx_hal_rcc.o
                0x00000000080009fc                HAL_RCC_OscConfig
 .text.HAL_RCC_ClockConfig
                0x00000000080011b4      0x200 ./Drivers/STM32L4xx_HAL_Driver/Src/stm32l4xx_hal_rcc.o
                0x00000000080011b4                HAL_RCC_ClockConfig
 .text.HAL_RCC_GetSysClockFreq
                0x00000000080013b4      0x118 ./Drivers/STM32L4xx_HAL_Driver/Src/stm32l4xx_hal_rcc.o
                0x00000000080013b4                HAL_RCC_GetSysClockFreq
 .text.RCC_SetFlashLatencyFromMSIRange
                0x00000000080014cc       0xc0 ./Drivers/STM32L4xx_HAL_Driver/Src/stm32l4xx_hal_rcc.o
 .text.HAL_TIM_Base_Init
                0x000000000800158c       0xc8 ./Drivers/STM32L4xx_HAL_Driver/Src/stm32l4xx_hal_tim.o
                0x000000000800158c                HAL_TIM_Base_Init
 .text.HAL_TIM_Base_MspInit
                0x0000000008001654       0x14 ./Drivers/STM32L4xx_HAL_Driver/Src/stm32l4xx_hal_tim.o
                0x0000000008001654                HAL_TIM_Base_MspInit
 .text.HAL_TIM_Base_Start_IT
                0x0000000008001668       0xe0 ./Drivers/STM32L4xx_HAL_Driver/Src/stm32l4xx_hal_tim.o
                0x0000000008001668                HAL_TIM_Base_Start_IT
 .text.HAL_TIM_IRQHandler
                0x0000000008001748      0x282 ./Drivers/STM32L4xx_HAL_Driver/Src/stm32l4xx_hal_tim.o
                0x0000000008001748                HAL_TIM_IRQHandler
 .text.HAL_TIM_ConfigClockSource
                0x00000000080019ca      0x192 ./Drivers/STM32L4xx_HAL_Driver/Src/stm32l4xx_hal_tim.o
                0x00000000080019ca                HAL_TIM_ConfigClockSource
 .text.HAL_TIM_PeriodElapsedHalfCpltCallback
                0x0000000008001b5c       0x14 ./Drivers/STM32L4xx_HAL_Driver/Src/stm32l4xx_hal_tim.o
                0x0000000008001b5c                HAL_TIM_PeriodElapsedHalfCpltCallback
 .text.HAL_TIM_OC_DelayElapsedCallback
                0x0000000008001b70       0x14 ./Drivers/STM32L4xx_HAL_Driver/Src/stm32l4xx_hal_tim.o
                0x0000000008001b70                HAL_TIM_OC_DelayElapsedCallback
 .text.HAL_TIM_IC_CaptureCallback
                0x0000000008001b84       0x14 ./Drivers/STM32L4xx_HAL_Driver/Src/stm32l4xx_hal_tim.o
                0x0000000008001b84                HAL_TIM_IC_CaptureCallback
 .text.HAL_TIM_IC_CaptureHalfCpltCallback
                0x0000000008001b98       0x14 ./Drivers/STM32L4xx_HAL_Driver/Src/stm32l4xx_hal_tim.o
                0x0000000008001b98                HAL_TIM_IC_CaptureHalfCpltCallback
 .text.HAL_TIM_PWM_PulseFinishedCallback
                0x0000000008001bac       0x14 ./Drivers/STM32L4xx_HAL_Driver/Src/stm32l4xx_hal_tim.o
                0x0000000008001bac                HAL_TIM_PWM_PulseFinishedCallback
 .text.HAL_TIM_PWM_PulseFinishedHalfCpltCallback
                0x0000000008001bc0       0x14 ./Drivers/STM32L4xx_HAL_Driver/Src/stm32l4xx_hal_tim.o
                0x0000000008001bc0                HAL_TIM_PWM_PulseFinishedHalfCpltCallback
 .text.HAL_TIM_TriggerCallback
                0x0000000008001bd4       0x14 ./Drivers/STM32L4xx_HAL_Driver/Src/stm32l4xx_hal_tim.o
                0x0000000008001bd4                HAL_TIM_TriggerCallback
 .text.HAL_TIM_TriggerHalfCpltCallback
                0x0000000008001be8       0x14 ./Drivers/STM32L4xx_HAL_Driver/Src/stm32l4xx_hal_tim.o
                0x0000000008001be8                HAL_TIM_TriggerHalfCpltCallback
 .text.HAL_TIM_ErrorCallback
                0x0000000008001bfc       0x14 ./Drivers/STM32L4xx_HAL_Driver/Src/stm32l4xx_hal_tim.o
                0x0000000008001bfc                HAL_TIM_ErrorCallback
 .text.TIM_Base_SetConfig
                0x0000000008001c10      0x134 ./Drivers/STM32L4xx_HAL_Driver/Src/stm32l4xx_hal_tim.o
                0x0000000008001c10                TIM_Base_SetConfig
 .text.TIM_TI1_ConfigInputStage
                0x0000000008001d44       0x5e ./Drivers/STM32L4xx_HAL_Driver/Src/stm32l4xx_hal_tim.o
 .text.TIM_TI2_ConfigInputStage
                0x0000000008001da2       0x60 ./Drivers/STM32L4xx_HAL_Driver/Src/stm32l4xx_hal_tim.o
 .text.TIM_ITRx_SetConfig
                0x0000000008001e02       0x36 ./Drivers/STM32L4xx_HAL_Driver/Src/stm32l4xx_hal_tim.o
 .text.TIM_ETR_SetConfig
                0x0000000008001e38       0x40 ./Drivers/STM32L4xx_HAL_Driver/Src/stm32l4xx_hal_tim.o
                0x0000000008001e38                TIM_ETR_SetConfig
 .text.TIM_ResetCallback
                0x0000000008001e78       0xbc ./Drivers/STM32L4xx_HAL_Driver/Src/stm32l4xx_hal_tim.o
                0x0000000008001e78                TIM_ResetCallback
 .text.HAL_TIMEx_MasterConfigSynchronization
                0x0000000008001f34      0x110 ./Drivers/STM32L4xx_HAL_Driver/Src/stm32l4xx_hal_tim_ex.o
                0x0000000008001f34                HAL_TIMEx_MasterConfigSynchronization
 .text.HAL_TIMEx_CommutCallback
                0x0000000008002044       0x14 ./Drivers/STM32L4xx_HAL_Driver/Src/stm32l4xx_hal_tim_ex.o
                0x0000000008002044                HAL_TIMEx_CommutCallback
 .text.HAL_TIMEx_CommutHalfCpltCallback
                0x0000000008002058       0x14 ./Drivers/STM32L4xx_HAL_Driver/Src/stm32l4xx_hal_tim_ex.o
                0x0000000008002058                HAL_TIMEx_CommutHalfCpltCallback
 .text.HAL_TIMEx_BreakCallback
                0x000000000800206c       0x14 ./Drivers/STM32L4xx_HAL_Driver/Src/stm32l4xx_hal_tim_ex.o
                0x000000000800206c                HAL_TIMEx_BreakCallback
 .text.HAL_TIMEx_Break2Callback
                0x0000000008002080       0x14 ./Drivers/STM32L4xx_HAL_Driver/Src/stm32l4xx_hal_tim_ex.o
                0x0000000008002080                HAL_TIMEx_Break2Callback
 .text.Global_GPIO_Init
                0x0000000008002094       0x78 ./Peripherals/Core/GPIO.o
                0x0000000008002094                Global_GPIO_Init
 .text.GPIO_Led_Init
                0x000000000800210c       0x38 ./Peripherals/Core/GPIO.o
                0x000000000800210c                GPIO_Led_Init
 .text.GPIO_Led_Toggle
                0x0000000008002144       0x12 ./Peripherals/Core/GPIO.o
                0x0000000008002144                GPIO_Led_Toggle
 .text.SysConfigClock
                0x0000000008002156       0x8e ./Peripherals/Core/SysConfig.o
                0x0000000008002156                SysConfigClock
 .text.Timer_Init
                0x00000000080021e4       0xb8 ./Peripherals/Core/Timer.o
                0x00000000080021e4                Timer_Init
 .text.__libc_init_array
                0x000000000800229c       0x48 /opt/st/stm32cubeide_1.12.0/plugins/com.st.stm32cube.ide.mcu.externaltools.gnu-tools-for-stm32.10.3-2021.10.linux64_1.0.200.202301161003/tools/bin/../lib/gcc/arm-none-eabi/10.3.1/../../../../arm-none-eabi/lib/thumb/v7e-m+fp/hard/libc_nano.a(lib_a-init.o)
                0x000000000800229c                __libc_init_array
 .text.memset   0x00000000080022e4       0x10 /opt/st/stm32cubeide_1.12.0/plugins/com.st.stm32cube.ide.mcu.externaltools.gnu-tools-for-stm32.10.3-2021.10.linux64_1.0.200.202301161003/tools/bin/../lib/gcc/arm-none-eabi/10.3.1/../../../../arm-none-eabi/lib/thumb/v7e-m+fp/hard/libc_nano.a(lib_a-memset.o)
                0x00000000080022e4                memset
 *(.glue_7)
 .glue_7        0x00000000080022f4        0x0 linker stubs
 *(.glue_7t)
 .glue_7t       0x00000000080022f4        0x0 linker stubs
 *(.eh_frame)
 .eh_frame      0x00000000080022f4        0x0 /opt/st/stm32cubeide_1.12.0/plugins/com.st.stm32cube.ide.mcu.externaltools.gnu-tools-for-stm32.10.3-2021.10.linux64_1.0.200.202301161003/tools/bin/../lib/gcc/arm-none-eabi/10.3.1/thumb/v7e-m+fp/hard/crtbegin.o
 *(.init)
 .init          0x00000000080022f4        0x4 /opt/st/stm32cubeide_1.12.0/plugins/com.st.stm32cube.ide.mcu.externaltools.gnu-tools-for-stm32.10.3-2021.10.linux64_1.0.200.202301161003/tools/bin/../lib/gcc/arm-none-eabi/10.3.1/thumb/v7e-m+fp/hard/crti.o
                0x00000000080022f4                _init
 .init          0x00000000080022f8        0x8 /opt/st/stm32cubeide_1.12.0/plugins/com.st.stm32cube.ide.mcu.externaltools.gnu-tools-for-stm32.10.3-2021.10.linux64_1.0.200.202301161003/tools/bin/../lib/gcc/arm-none-eabi/10.3.1/thumb/v7e-m+fp/hard/crtn.o
 *(.fini)
 .fini          0x0000000008002300        0x4 /opt/st/stm32cubeide_1.12.0/plugins/com.st.stm32cube.ide.mcu.externaltools.gnu-tools-for-stm32.10.3-2021.10.linux64_1.0.200.202301161003/tools/bin/../lib/gcc/arm-none-eabi/10.3.1/thumb/v7e-m+fp/hard/crti.o
                0x0000000008002300                _fini
 .fini          0x0000000008002304        0x8 /opt/st/stm32cubeide_1.12.0/plugins/com.st.stm32cube.ide.mcu.externaltools.gnu-tools-for-stm32.10.3-2021.10.linux64_1.0.200.202301161003/tools/bin/../lib/gcc/arm-none-eabi/10.3.1/thumb/v7e-m+fp/hard/crtn.o
                0x000000000800230c                . = ALIGN (0x4)
                0x000000000800230c                _etext = .

.vfp11_veneer   0x000000000800230c        0x0
 .vfp11_veneer  0x000000000800230c        0x0 linker stubs

.v4_bx          0x000000000800230c        0x0
 .v4_bx         0x000000000800230c        0x0 linker stubs

.iplt           0x000000000800230c        0x0
 .iplt          0x000000000800230c        0x0 /opt/st/stm32cubeide_1.12.0/plugins/com.st.stm32cube.ide.mcu.externaltools.gnu-tools-for-stm32.10.3-2021.10.linux64_1.0.200.202301161003/tools/bin/../lib/gcc/arm-none-eabi/10.3.1/thumb/v7e-m+fp/hard/crtbegin.o

.rodata         0x000000000800230c       0x40
                0x000000000800230c                . = ALIGN (0x4)
 *(.rodata)
 *(.rodata*)
 .rodata.AHBPrescTable
                0x000000000800230c       0x10 ./Core/Src/system_stm32l4xx.o
                0x000000000800230c                AHBPrescTable
 .rodata.MSIRangeTable
                0x000000000800231c       0x30 ./Core/Src/system_stm32l4xx.o
                0x000000000800231c                MSIRangeTable
                0x000000000800234c                . = ALIGN (0x4)

.rel.dyn        0x000000000800234c        0x0
 .rel.iplt      0x000000000800234c        0x0 /opt/st/stm32cubeide_1.12.0/plugins/com.st.stm32cube.ide.mcu.externaltools.gnu-tools-for-stm32.10.3-2021.10.linux64_1.0.200.202301161003/tools/bin/../lib/gcc/arm-none-eabi/10.3.1/thumb/v7e-m+fp/hard/crtbegin.o

.ARM.extab      0x000000000800234c        0x0
                0x000000000800234c                . = ALIGN (0x4)
 *(.ARM.extab* .gnu.linkonce.armextab.*)
                0x000000000800234c                . = ALIGN (0x4)

.ARM            0x000000000800234c        0x0
                0x000000000800234c                . = ALIGN (0x4)
                0x000000000800234c                __exidx_start = .
 *(.ARM.exidx*)
                0x000000000800234c                __exidx_end = .
                0x000000000800234c                . = ALIGN (0x4)

.preinit_array  0x000000000800234c        0x0
                0x000000000800234c                . = ALIGN (0x4)
                0x000000000800234c                PROVIDE (__preinit_array_start = .)
 *(.preinit_array*)
                0x000000000800234c                PROVIDE (__preinit_array_end = .)
                0x000000000800234c                . = ALIGN (0x4)

.init_array     0x000000000800234c        0x4
                0x000000000800234c                . = ALIGN (0x4)
                0x000000000800234c                PROVIDE (__init_array_start = .)
 *(SORT_BY_NAME(.init_array.*))
 *(.init_array*)
 .init_array    0x000000000800234c        0x4 /opt/st/stm32cubeide_1.12.0/plugins/com.st.stm32cube.ide.mcu.externaltools.gnu-tools-for-stm32.10.3-2021.10.linux64_1.0.200.202301161003/tools/bin/../lib/gcc/arm-none-eabi/10.3.1/thumb/v7e-m+fp/hard/crtbegin.o
                0x0000000008002350                PROVIDE (__init_array_end = .)
                0x0000000008002350                . = ALIGN (0x4)

.fini_array     0x0000000008002350        0x4
                0x0000000008002350                . = ALIGN (0x4)
                [!provide]                        PROVIDE (__fini_array_start = .)
 *(SORT_BY_NAME(.fini_array.*))
 *(.fini_array*)
 .fini_array    0x0000000008002350        0x4 /opt/st/stm32cubeide_1.12.0/plugins/com.st.stm32cube.ide.mcu.externaltools.gnu-tools-for-stm32.10.3-2021.10.linux64_1.0.200.202301161003/tools/bin/../lib/gcc/arm-none-eabi/10.3.1/thumb/v7e-m+fp/hard/crtbegin.o
                [!provide]                        PROVIDE (__fini_array_end = .)
                0x0000000008002354                . = ALIGN (0x4)
                0x0000000008002354                _sidata = LOADADDR (.data)

.data           0x0000000020000000        0xc load address 0x0000000008002354
                0x0000000020000000                . = ALIGN (0x4)
                0x0000000020000000                _sdata = .
 *(.data)
 *(.data*)
 .data.SystemCoreClock
                0x0000000020000000        0x4 ./Core/Src/system_stm32l4xx.o
                0x0000000020000000                SystemCoreClock
 .data.uwTickPrio
                0x0000000020000004        0x4 ./Drivers/STM32L4xx_HAL_Driver/Src/stm32l4xx_hal.o
                0x0000000020000004                uwTickPrio
 .data.uwTickFreq
                0x0000000020000008        0x1 ./Drivers/STM32L4xx_HAL_Driver/Src/stm32l4xx_hal.o
                0x0000000020000008                uwTickFreq
 *(.RamFunc)
 *(.RamFunc*)
                0x000000002000000c                . = ALIGN (0x4)
 *fill*         0x0000000020000009        0x3 
                0x000000002000000c                _edata = .

.igot.plt       0x000000002000000c        0x0 load address 0x0000000008002360
 .igot.plt      0x000000002000000c        0x0 /opt/st/stm32cubeide_1.12.0/plugins/com.st.stm32cube.ide.mcu.externaltools.gnu-tools-for-stm32.10.3-2021.10.linux64_1.0.200.202301161003/tools/bin/../lib/gcc/arm-none-eabi/10.3.1/thumb/v7e-m+fp/hard/crtbegin.o
                0x000000002000000c                . = ALIGN (0x4)

.bss            0x000000002000000c       0xdc load address 0x0000000008002360
                0x000000002000000c                _sbss = .
                0x000000002000000c                __bss_start__ = _sbss
 *(.bss)
 .bss           0x000000002000000c       0x1c /opt/st/stm32cubeide_1.12.0/plugins/com.st.stm32cube.ide.mcu.externaltools.gnu-tools-for-stm32.10.3-2021.10.linux64_1.0.200.202301161003/tools/bin/../lib/gcc/arm-none-eabi/10.3.1/thumb/v7e-m+fp/hard/crtbegin.o
 *(.bss*)
 .bss.uwTick    0x0000000020000028        0x4 ./Drivers/STM32L4xx_HAL_Driver/Src/stm32l4xx_hal.o
                0x0000000020000028                uwTick
 .bss.Tim3      0x000000002000002c       0xbc ./Peripherals/Core/Timer.o
                0x000000002000002c                Tim3
 *(COMMON)
                0x00000000200000e8                . = ALIGN (0x4)
                0x00000000200000e8                _ebss = .
                0x00000000200000e8                __bss_end__ = _ebss

._user_heap_stack
                0x00000000200000e8      0x600 load address 0x0000000008002360
                0x00000000200000e8                . = ALIGN (0x8)
                [!provide]                        PROVIDE (end = .)
                0x00000000200000e8                PROVIDE (_end = .)
                0x00000000200002e8                . = (. + _Min_Heap_Size)
 *fill*         0x00000000200000e8      0x200 
                0x00000000200006e8                . = (. + _Min_Stack_Size)
 *fill*         0x00000000200002e8      0x400 
                0x00000000200006e8                . = ALIGN (0x8)

/DISCARD/
 libc.a(*)
 libm.a(*)
 libgcc.a(*)

.ARM.attributes
                0x0000000000000000       0x30
 *(.ARM.attributes)
 .ARM.attributes
                0x0000000000000000       0x1e /opt/st/stm32cubeide_1.12.0/plugins/com.st.stm32cube.ide.mcu.externaltools.gnu-tools-for-stm32.10.3-2021.10.linux64_1.0.200.202301161003/tools/bin/../lib/gcc/arm-none-eabi/10.3.1/thumb/v7e-m+fp/hard/crti.o
 .ARM.attributes
                0x000000000000001e       0x34 /opt/st/stm32cubeide_1.12.0/plugins/com.st.stm32cube.ide.mcu.externaltools.gnu-tools-for-stm32.10.3-2021.10.linux64_1.0.200.202301161003/tools/bin/../lib/gcc/arm-none-eabi/10.3.1/thumb/v7e-m+fp/hard/crtbegin.o
 .ARM.attributes
                0x0000000000000052       0x34 ./Core/Src/main.o
 .ARM.attributes
                0x0000000000000086       0x34 ./Core/Src/stm32l4xx_hal_msp.o
 .ARM.attributes
                0x00000000000000ba       0x34 ./Core/Src/stm32l4xx_it.o
 .ARM.attributes
                0x00000000000000ee       0x34 ./Core/Src/system_stm32l4xx.o
 .ARM.attributes
                0x0000000000000122       0x21 ./Core/Startup/startup_stm32l476rgtx.o
 .ARM.attributes
                0x0000000000000143       0x34 ./Drivers/STM32L4xx_HAL_Driver/Src/stm32l4xx_hal.o
 .ARM.attributes
                0x0000000000000177       0x34 ./Drivers/STM32L4xx_HAL_Driver/Src/stm32l4xx_hal_cortex.o
 .ARM.attributes
                0x00000000000001ab       0x34 ./Drivers/STM32L4xx_HAL_Driver/Src/stm32l4xx_hal_gpio.o
 .ARM.attributes
                0x00000000000001df       0x34 ./Drivers/STM32L4xx_HAL_Driver/Src/stm32l4xx_hal_pwr_ex.o
 .ARM.attributes
                0x0000000000000213       0x34 ./Drivers/STM32L4xx_HAL_Driver/Src/stm32l4xx_hal_rcc.o
 .ARM.attributes
                0x0000000000000247       0x34 ./Drivers/STM32L4xx_HAL_Driver/Src/stm32l4xx_hal_tim.o
 .ARM.attributes
                0x000000000000027b       0x34 ./Drivers/STM32L4xx_HAL_Driver/Src/stm32l4xx_hal_tim_ex.o
 .ARM.attributes
                0x00000000000002af       0x34 ./Peripherals/Core/GPIO.o
 .ARM.attributes
                0x00000000000002e3       0x34 ./Peripherals/Core/SysConfig.o
 .ARM.attributes
                0x0000000000000317       0x34 ./Peripherals/Core/Timer.o
 .ARM.attributes
                0x000000000000034b       0x34 /opt/st/stm32cubeide_1.12.0/plugins/com.st.stm32cube.ide.mcu.externaltools.gnu-tools-for-stm32.10.3-2021.10.linux64_1.0.200.202301161003/tools/bin/../lib/gcc/arm-none-eabi/10.3.1/../../../../arm-none-eabi/lib/thumb/v7e-m+fp/hard/libc_nano.a(lib_a-init.o)
 .ARM.attributes
                0x000000000000037f       0x34 /opt/st/stm32cubeide_1.12.0/plugins/com.st.stm32cube.ide.mcu.externaltools.gnu-tools-for-stm32.10.3-2021.10.linux64_1.0.200.202301161003/tools/bin/../lib/gcc/arm-none-eabi/10.3.1/../../../../arm-none-eabi/lib/thumb/v7e-m+fp/hard/libc_nano.a(lib_a-memset.o)
 .ARM.attributes
                0x00000000000003b3       0x1e /opt/st/stm32cubeide_1.12.0/plugins/com.st.stm32cube.ide.mcu.externaltools.gnu-tools-for-stm32.10.3-2021.10.linux64_1.0.200.202301161003/tools/bin/../lib/gcc/arm-none-eabi/10.3.1/thumb/v7e-m+fp/hard/crtn.o
OUTPUT(Timer.elf elf32-littlearm)
LOAD linker stubs
LOAD /opt/st/stm32cubeide_1.12.0/plugins/com.st.stm32cube.ide.mcu.externaltools.gnu-tools-for-stm32.10.3-2021.10.linux64_1.0.200.202301161003/tools/bin/../lib/gcc/arm-none-eabi/10.3.1/../../../../arm-none-eabi/lib/thumb/v7e-m+fp/hard/libc.a
LOAD /opt/st/stm32cubeide_1.12.0/plugins/com.st.stm32cube.ide.mcu.externaltools.gnu-tools-for-stm32.10.3-2021.10.linux64_1.0.200.202301161003/tools/bin/../lib/gcc/arm-none-eabi/10.3.1/../../../../arm-none-eabi/lib/thumb/v7e-m+fp/hard/libm.a
LOAD /opt/st/stm32cubeide_1.12.0/plugins/com.st.stm32cube.ide.mcu.externaltools.gnu-tools-for-stm32.10.3-2021.10.linux64_1.0.200.202301161003/tools/bin/../lib/gcc/arm-none-eabi/10.3.1/thumb/v7e-m+fp/hard/libgcc.a

.debug_info     0x0000000000000000     0xb578
 .debug_info    0x0000000000000000      0x90e ./Core/Src/main.o
 .debug_info    0x000000000000090e      0x30f ./Core/Src/stm32l4xx_hal_msp.o
 .debug_info    0x0000000000000c1d      0x90e ./Core/Src/stm32l4xx_it.o
 .debug_info    0x000000000000152b      0x5c6 ./Core/Src/system_stm32l4xx.o
 .debug_info    0x0000000000001af1       0x22 ./Core/Startup/startup_stm32l476rgtx.o
 .debug_info    0x0000000000001b13      0xc57 ./Drivers/STM32L4xx_HAL_Driver/Src/stm32l4xx_hal.o
 .debug_info    0x000000000000276a      0xe21 ./Drivers/STM32L4xx_HAL_Driver/Src/stm32l4xx_hal_cortex.o
 .debug_info    0x000000000000358b      0x821 ./Drivers/STM32L4xx_HAL_Driver/Src/stm32l4xx_hal_gpio.o
 .debug_info    0x0000000000003dac      0x9f0 ./Drivers/STM32L4xx_HAL_Driver/Src/stm32l4xx_hal_pwr_ex.o
 .debug_info    0x000000000000479c      0xced ./Drivers/STM32L4xx_HAL_Driver/Src/stm32l4xx_hal_rcc.o
 .debug_info    0x0000000000005489     0x3093 ./Drivers/STM32L4xx_HAL_Driver/Src/stm32l4xx_hal_tim.o
 .debug_info    0x000000000000851c     0x197b ./Drivers/STM32L4xx_HAL_Driver/Src/stm32l4xx_hal_tim_ex.o
 .debug_info    0x0000000000009e97      0x5dc ./Peripherals/Core/GPIO.o
 .debug_info    0x000000000000a473      0x2b7 ./Peripherals/Core/SysConfig.o
 .debug_info    0x000000000000a72a      0xe4e ./Peripherals/Core/Timer.o

.debug_abbrev   0x0000000000000000     0x1a79
 .debug_abbrev  0x0000000000000000      0x1eb ./Core/Src/main.o
 .debug_abbrev  0x00000000000001eb       0xc2 ./Core/Src/stm32l4xx_hal_msp.o
 .debug_abbrev  0x00000000000002ad      0x195 ./Core/Src/stm32l4xx_it.o
 .debug_abbrev  0x0000000000000442      0x116 ./Core/Src/system_stm32l4xx.o
 .debug_abbrev  0x0000000000000558       0x12 ./Core/Startup/startup_stm32l476rgtx.o
 .debug_abbrev  0x000000000000056a      0x23a ./Drivers/STM32L4xx_HAL_Driver/Src/stm32l4xx_hal.o
 .debug_abbrev  0x00000000000007a4      0x316 ./Drivers/STM32L4xx_HAL_Driver/Src/stm32l4xx_hal_cortex.o
 .debug_abbrev  0x0000000000000aba      0x1bb ./Drivers/STM32L4xx_HAL_Driver/Src/stm32l4xx_hal_gpio.o
 .debug_abbrev  0x0000000000000c75      0x1f3 ./Drivers/STM32L4xx_HAL_Driver/Src/stm32l4xx_hal_pwr_ex.o
 .debug_abbrev  0x0000000000000e68      0x2bd ./Drivers/STM32L4xx_HAL_Driver/Src/stm32l4xx_hal_rcc.o
 .debug_abbrev  0x0000000000001125      0x275 ./Drivers/STM32L4xx_HAL_Driver/Src/stm32l4xx_hal_tim.o
 .debug_abbrev  0x000000000000139a      0x27d ./Drivers/STM32L4xx_HAL_Driver/Src/stm32l4xx_hal_tim_ex.o
 .debug_abbrev  0x0000000000001617      0x1c9 ./Peripherals/Core/GPIO.o
 .debug_abbrev  0x00000000000017e0       0xdf ./Peripherals/Core/SysConfig.o
 .debug_abbrev  0x00000000000018bf      0x1ba ./Peripherals/Core/Timer.o

.debug_aranges  0x0000000000000000      0xb90
 .debug_aranges
                0x0000000000000000       0x28 ./Core/Src/main.o
 .debug_aranges
                0x0000000000000028       0x20 ./Core/Src/stm32l4xx_hal_msp.o
 .debug_aranges
                0x0000000000000048       0x68 ./Core/Src/stm32l4xx_it.o
 .debug_aranges
                0x00000000000000b0       0x28 ./Core/Src/system_stm32l4xx.o
 .debug_aranges
                0x00000000000000d8       0x28 ./Core/Startup/startup_stm32l476rgtx.o
 .debug_aranges
                0x0000000000000100      0x130 ./Drivers/STM32L4xx_HAL_Driver/Src/stm32l4xx_hal.o
 .debug_aranges
                0x0000000000000230      0x118 ./Drivers/STM32L4xx_HAL_Driver/Src/stm32l4xx_hal_cortex.o
 .debug_aranges
                0x0000000000000348       0x58 ./Drivers/STM32L4xx_HAL_Driver/Src/stm32l4xx_hal_gpio.o
 .debug_aranges
                0x00000000000003a0      0x160 ./Drivers/STM32L4xx_HAL_Driver/Src/stm32l4xx_hal_pwr_ex.o
 .debug_aranges
                0x0000000000000500       0x90 ./Drivers/STM32L4xx_HAL_Driver/Src/stm32l4xx_hal_rcc.o
 .debug_aranges
                0x0000000000000590      0x3f8 ./Drivers/STM32L4xx_HAL_Driver/Src/stm32l4xx_hal_tim.o
 .debug_aranges
                0x0000000000000988      0x180 ./Drivers/STM32L4xx_HAL_Driver/Src/stm32l4xx_hal_tim_ex.o
 .debug_aranges
                0x0000000000000b08       0x48 ./Peripherals/Core/GPIO.o
 .debug_aranges
                0x0000000000000b50       0x20 ./Peripherals/Core/SysConfig.o
 .debug_aranges
                0x0000000000000b70       0x20 ./Peripherals/Core/Timer.o

.debug_ranges   0x0000000000000000      0xaa8
 .debug_ranges  0x0000000000000000       0x18 ./Core/Src/main.o
 .debug_ranges  0x0000000000000018       0x10 ./Core/Src/stm32l4xx_hal_msp.o
 .debug_ranges  0x0000000000000028       0x58 ./Core/Src/stm32l4xx_it.o
 .debug_ranges  0x0000000000000080       0x18 ./Core/Src/system_stm32l4xx.o
 .debug_ranges  0x0000000000000098       0x20 ./Core/Startup/startup_stm32l476rgtx.o
 .debug_ranges  0x00000000000000b8      0x120 ./Drivers/STM32L4xx_HAL_Driver/Src/stm32l4xx_hal.o
 .debug_ranges  0x00000000000001d8      0x108 ./Drivers/STM32L4xx_HAL_Driver/Src/stm32l4xx_hal_cortex.o
 .debug_ranges  0x00000000000002e0       0x48 ./Drivers/STM32L4xx_HAL_Driver/Src/stm32l4xx_hal_gpio.o
 .debug_ranges  0x0000000000000328      0x150 ./Drivers/STM32L4xx_HAL_Driver/Src/stm32l4xx_hal_pwr_ex.o
 .debug_ranges  0x0000000000000478       0x80 ./Drivers/STM32L4xx_HAL_Driver/Src/stm32l4xx_hal_rcc.o
 .debug_ranges  0x00000000000004f8      0x3e8 ./Drivers/STM32L4xx_HAL_Driver/Src/stm32l4xx_hal_tim.o
 .debug_ranges  0x00000000000008e0      0x170 ./Drivers/STM32L4xx_HAL_Driver/Src/stm32l4xx_hal_tim_ex.o
 .debug_ranges  0x0000000000000a50       0x38 ./Peripherals/Core/GPIO.o
 .debug_ranges  0x0000000000000a88       0x10 ./Peripherals/Core/SysConfig.o
 .debug_ranges  0x0000000000000a98       0x10 ./Peripherals/Core/Timer.o

.debug_macro    0x0000000000000000    0x26d2f
 .debug_macro   0x0000000000000000      0x388 ./Core/Src/main.o
 .debug_macro   0x0000000000000388      0xa78 ./Core/Src/main.o
 .debug_macro   0x0000000000000e00      0x1a1 ./Core/Src/main.o
 .debug_macro   0x0000000000000fa1       0x2e ./Core/Src/main.o
 .debug_macro   0x0000000000000fcf       0x28 ./Core/Src/main.o
 .debug_macro   0x0000000000000ff7       0x22 ./Core/Src/main.o
 .debug_macro   0x0000000000001019       0x8e ./Core/Src/main.o
 .debug_macro   0x00000000000010a7       0x51 ./Core/Src/main.o
 .debug_macro   0x00000000000010f8      0x103 ./Core/Src/main.o
 .debug_macro   0x00000000000011fb       0x6a ./Core/Src/main.o
 .debug_macro   0x0000000000001265      0x1df ./Core/Src/main.o
 .debug_macro   0x0000000000001444       0x1c ./Core/Src/main.o
 .debug_macro   0x0000000000001460       0x22 ./Core/Src/main.o
 .debug_macro   0x0000000000001482       0xfb ./Core/Src/main.o
 .debug_macro   0x000000000000157d     0x1011 ./Core/Src/main.o
 .debug_macro   0x000000000000258e      0x11f ./Core/Src/main.o
 .debug_macro   0x00000000000026ad    0x1a17a ./Core/Src/main.o
 .debug_macro   0x000000000001c827       0x6d ./Core/Src/main.o
 .debug_macro   0x000000000001c894     0x38e6 ./Core/Src/main.o
 .debug_macro   0x000000000002017a      0x174 ./Core/Src/main.o
 .debug_macro   0x00000000000202ee       0x5c ./Core/Src/main.o
 .debug_macro   0x000000000002034a     0x159e ./Core/Src/main.o
 .debug_macro   0x00000000000218e8      0x5a5 ./Core/Src/main.o
 .debug_macro   0x0000000000021e8d      0x1b9 ./Core/Src/main.o
 .debug_macro   0x0000000000022046      0x18b ./Core/Src/main.o
 .debug_macro   0x00000000000221d1      0x26b ./Core/Src/main.o
 .debug_macro   0x000000000002243c      0x23d ./Core/Src/main.o
 .debug_macro   0x0000000000022679      0x241 ./Core/Src/main.o
 .debug_macro   0x00000000000228ba      0x37c ./Core/Src/main.o
 .debug_macro   0x0000000000022c36       0xd6 ./Core/Src/main.o
 .debug_macro   0x0000000000022d0c      0x122 ./Core/Src/main.o
 .debug_macro   0x0000000000022e2e      0x3ef ./Core/Src/main.o
 .debug_macro   0x000000000002321d      0xa91 ./Core/Src/main.o
 .debug_macro   0x0000000000023cae      0x1e6 ./Core/Src/main.o
 .debug_macro   0x0000000000023e94      0x330 ./Core/Src/main.o
 .debug_macro   0x00000000000241c4       0x22 ./Core/Src/main.o
 .debug_macro   0x00000000000241e6       0x52 ./Core/Src/main.o
 .debug_macro   0x0000000000024238       0x1e ./Core/Src/main.o
 .debug_macro   0x0000000000024256       0x3c ./Core/Src/main.o
 .debug_macro   0x0000000000024292       0x34 ./Core/Src/main.o
 .debug_macro   0x00000000000242c6       0x16 ./Core/Src/main.o
 .debug_macro   0x00000000000242dc       0x35 ./Core/Src/main.o
 .debug_macro   0x0000000000024311      0x341 ./Core/Src/main.o
 .debug_macro   0x0000000000024652       0x10 ./Core/Src/main.o
 .debug_macro   0x0000000000024662       0x16 ./Core/Src/main.o
 .debug_macro   0x0000000000024678       0x43 ./Core/Src/main.o
 .debug_macro   0x00000000000246bb       0x34 ./Core/Src/main.o
 .debug_macro   0x00000000000246ef       0x10 ./Core/Src/main.o
 .debug_macro   0x00000000000246ff       0x58 ./Core/Src/main.o
 .debug_macro   0x0000000000024757       0x71 ./Core/Src/main.o
 .debug_macro   0x00000000000247c8       0x1c ./Core/Src/main.o
 .debug_macro   0x00000000000247e4      0x12a ./Core/Src/main.o
 .debug_macro   0x000000000002490e       0x10 ./Core/Src/main.o
 .debug_macro   0x000000000002491e       0x1c ./Core/Src/main.o
 .debug_macro   0x000000000002493a       0x52 ./Core/Src/main.o
 .debug_macro   0x000000000002498c       0x22 ./Core/Src/main.o
 .debug_macro   0x00000000000249ae       0x10 ./Core/Src/main.o
 .debug_macro   0x00000000000249be       0x52 ./Core/Src/main.o
 .debug_macro   0x0000000000024a10       0xd5 ./Core/Src/main.o
 .debug_macro   0x0000000000024ae5       0x1c ./Core/Src/main.o
 .debug_macro   0x0000000000024b01       0x3d ./Core/Src/main.o
 .debug_macro   0x0000000000024b3e       0x16 ./Core/Src/main.o
 .debug_macro   0x0000000000024b54      0x145 ./Core/Src/main.o
 .debug_macro   0x0000000000024c99       0x16 ./Core/Src/main.o
 .debug_macro   0x0000000000024caf       0x20 ./Core/Src/main.o
 .debug_macro   0x0000000000024ccf       0x16 ./Core/Src/main.o
 .debug_macro   0x0000000000024ce5       0x70 ./Core/Src/main.o
 .debug_macro   0x0000000000024d55      0x388 ./Core/Src/stm32l4xx_hal_msp.o
 .debug_macro   0x00000000000250dd      0x392 ./Core/Src/stm32l4xx_it.o
 .debug_macro   0x000000000002546f      0x1ac ./Core/Src/system_stm32l4xx.o
 .debug_macro   0x000000000002561b      0x1fa ./Drivers/STM32L4xx_HAL_Driver/Src/stm32l4xx_hal.o
 .debug_macro   0x0000000000025815      0x1ac ./Drivers/STM32L4xx_HAL_Driver/Src/stm32l4xx_hal_cortex.o
 .debug_macro   0x00000000000259c1      0x1b3 ./Drivers/STM32L4xx_HAL_Driver/Src/stm32l4xx_hal_gpio.o
 .debug_macro   0x0000000000025b74      0x1d0 ./Drivers/STM32L4xx_HAL_Driver/Src/stm32l4xx_hal_pwr_ex.o
 .debug_macro   0x0000000000025d44      0x1ee ./Drivers/STM32L4xx_HAL_Driver/Src/stm32l4xx_hal_rcc.o
 .debug_macro   0x0000000000025f32      0x1ad ./Drivers/STM32L4xx_HAL_Driver/Src/stm32l4xx_hal_tim.o
 .debug_macro   0x00000000000260df      0x1ac ./Drivers/STM32L4xx_HAL_Driver/Src/stm32l4xx_hal_tim_ex.o
 .debug_macro   0x000000000002628b      0x38c ./Peripherals/Core/GPIO.o
 .debug_macro   0x0000000000026617      0x38c ./Peripherals/Core/SysConfig.o
 .debug_macro   0x00000000000269a3      0x38c ./Peripherals/Core/Timer.o

.debug_line     0x0000000000000000     0xd7c8
 .debug_line    0x0000000000000000      0x90f ./Core/Src/main.o
 .debug_line    0x000000000000090f      0x8f9 ./Core/Src/stm32l4xx_hal_msp.o
 .debug_line    0x0000000000001208      0x9d4 ./Core/Src/stm32l4xx_it.o
 .debug_line    0x0000000000001bdc      0x705 ./Core/Src/system_stm32l4xx.o
 .debug_line    0x00000000000022e1       0x88 ./Core/Startup/startup_stm32l476rgtx.o
 .debug_line    0x0000000000002369      0xa5e ./Drivers/STM32L4xx_HAL_Driver/Src/stm32l4xx_hal.o
 .debug_line    0x0000000000002dc7      0xc04 ./Drivers/STM32L4xx_HAL_Driver/Src/stm32l4xx_hal_cortex.o
 .debug_line    0x00000000000039cb      0xad1 ./Drivers/STM32L4xx_HAL_Driver/Src/stm32l4xx_hal_gpio.o
 .debug_line    0x000000000000449c      0xc55 ./Drivers/STM32L4xx_HAL_Driver/Src/stm32l4xx_hal_pwr_ex.o
 .debug_line    0x00000000000050f1      0xed7 ./Drivers/STM32L4xx_HAL_Driver/Src/stm32l4xx_hal_rcc.o
 .debug_line    0x0000000000005fc8     0x4097 ./Drivers/STM32L4xx_HAL_Driver/Src/stm32l4xx_hal_tim.o
 .debug_line    0x000000000000a05f     0x1b84 ./Drivers/STM32L4xx_HAL_Driver/Src/stm32l4xx_hal_tim_ex.o
 .debug_line    0x000000000000bbe3      0x98f ./Peripherals/Core/GPIO.o
 .debug_line    0x000000000000c572      0x932 ./Peripherals/Core/SysConfig.o
 .debug_line    0x000000000000cea4      0x924 ./Peripherals/Core/Timer.o

.debug_str      0x0000000000000000    0xed46e
 .debug_str     0x0000000000000000    0xe9da6 ./Core/Src/main.o
                                      0xea21d (size before relaxing)
 .debug_str     0x00000000000e9da6      0x177 ./Core/Src/stm32l4xx_hal_msp.o
                                      0xe9b24 (size before relaxing)
 .debug_str     0x00000000000e9f1d       0xec ./Core/Src/stm32l4xx_it.o
                                      0xea228 (size before relaxing)
 .debug_str     0x00000000000ea009       0xfc ./Core/Src/system_stm32l4xx.o
                                      0xe5c1c (size before relaxing)
 .debug_str     0x00000000000ea105       0x36 ./Core/Startup/startup_stm32l476rgtx.o
                                         0x65 (size before relaxing)
 .debug_str     0x00000000000ea13b      0xb0f ./Drivers/STM32L4xx_HAL_Driver/Src/stm32l4xx_hal.o
                                      0xe681b (size before relaxing)
 .debug_str     0x00000000000eac4a      0x344 ./Drivers/STM32L4xx_HAL_Driver/Src/stm32l4xx_hal_cortex.o
                                      0xe6463 (size before relaxing)
 .debug_str     0x00000000000eaf8e      0x1ea ./Drivers/STM32L4xx_HAL_Driver/Src/stm32l4xx_hal_gpio.o
                                      0xe5d95 (size before relaxing)
 .debug_str     0x00000000000eb178      0x503 ./Drivers/STM32L4xx_HAL_Driver/Src/stm32l4xx_hal_pwr_ex.o
                                      0xe6177 (size before relaxing)
 .debug_str     0x00000000000eb67b      0x4bf ./Drivers/STM32L4xx_HAL_Driver/Src/stm32l4xx_hal_rcc.o
                                      0xe6262 (size before relaxing)
 .debug_str     0x00000000000ebb3a     0x12b4 ./Drivers/STM32L4xx_HAL_Driver/Src/stm32l4xx_hal_tim.o
                                      0xe75e3 (size before relaxing)
 .debug_str     0x00000000000ecdee      0x5b0 ./Drivers/STM32L4xx_HAL_Driver/Src/stm32l4xx_hal_tim_ex.o
                                      0xe6adb (size before relaxing)
 .debug_str     0x00000000000ed39e       0x6a ./Peripherals/Core/GPIO.o
                                      0xe9c80 (size before relaxing)
 .debug_str     0x00000000000ed408       0x30 ./Peripherals/Core/SysConfig.o
                                      0xe9b70 (size before relaxing)
 .debug_str     0x00000000000ed438       0x36 ./Peripherals/Core/Timer.o
                                      0xea907 (size before relaxing)

.comment        0x0000000000000000       0x50
 .comment       0x0000000000000000       0x50 ./Core/Src/main.o
                                         0x51 (size before relaxing)
 .comment       0x0000000000000050       0x51 ./Core/Src/stm32l4xx_hal_msp.o
 .comment       0x0000000000000050       0x51 ./Core/Src/stm32l4xx_it.o
 .comment       0x0000000000000050       0x51 ./Core/Src/system_stm32l4xx.o
 .comment       0x0000000000000050       0x51 ./Drivers/STM32L4xx_HAL_Driver/Src/stm32l4xx_hal.o
 .comment       0x0000000000000050       0x51 ./Drivers/STM32L4xx_HAL_Driver/Src/stm32l4xx_hal_cortex.o
 .comment       0x0000000000000050       0x51 ./Drivers/STM32L4xx_HAL_Driver/Src/stm32l4xx_hal_gpio.o
 .comment       0x0000000000000050       0x51 ./Drivers/STM32L4xx_HAL_Driver/Src/stm32l4xx_hal_pwr_ex.o
 .comment       0x0000000000000050       0x51 ./Drivers/STM32L4xx_HAL_Driver/Src/stm32l4xx_hal_rcc.o
 .comment       0x0000000000000050       0x51 ./Drivers/STM32L4xx_HAL_Driver/Src/stm32l4xx_hal_tim.o
 .comment       0x0000000000000050       0x51 ./Drivers/STM32L4xx_HAL_Driver/Src/stm32l4xx_hal_tim_ex.o
 .comment       0x0000000000000050       0x51 ./Peripherals/Core/GPIO.o
 .comment       0x0000000000000050       0x51 ./Peripherals/Core/SysConfig.o
 .comment       0x0000000000000050       0x51 ./Peripherals/Core/Timer.o

.debug_frame    0x0000000000000000     0x2ef0
 .debug_frame   0x0000000000000000       0x50 ./Core/Src/main.o
 .debug_frame   0x0000000000000050       0x38 ./Core/Src/stm32l4xx_hal_msp.o
 .debug_frame   0x0000000000000088      0x120 ./Core/Src/stm32l4xx_it.o
 .debug_frame   0x00000000000001a8       0x58 ./Core/Src/system_stm32l4xx.o
 .debug_frame   0x0000000000000200      0x498 ./Drivers/STM32L4xx_HAL_Driver/Src/stm32l4xx_hal.o
 .debug_frame   0x0000000000000698      0x498 ./Drivers/STM32L4xx_HAL_Driver/Src/stm32l4xx_hal_cortex.o
 .debug_frame   0x0000000000000b30      0x14c ./Drivers/STM32L4xx_HAL_Driver/Src/stm32l4xx_hal_gpio.o
 .debug_frame   0x0000000000000c7c      0x584 ./Drivers/STM32L4xx_HAL_Driver/Src/stm32l4xx_hal_pwr_ex.o
 .debug_frame   0x0000000000001200      0x21c ./Drivers/STM32L4xx_HAL_Driver/Src/stm32l4xx_hal_rcc.o
 .debug_frame   0x000000000000141c     0x1294 ./Drivers/STM32L4xx_HAL_Driver/Src/stm32l4xx_hal_tim.o
 .debug_frame   0x00000000000026b0      0x6b0 ./Drivers/STM32L4xx_HAL_Driver/Src/stm32l4xx_hal_tim_ex.o
 .debug_frame   0x0000000000002d60       0xdc ./Peripherals/Core/GPIO.o
 .debug_frame   0x0000000000002e3c       0x34 ./Peripherals/Core/SysConfig.o
 .debug_frame   0x0000000000002e70       0x34 ./Peripherals/Core/Timer.o
 .debug_frame   0x0000000000002ea4       0x2c /opt/st/stm32cubeide_1.12.0/plugins/com.st.stm32cube.ide.mcu.externaltools.gnu-tools-for-stm32.10.3-2021.10.linux64_1.0.200.202301161003/tools/bin/../lib/gcc/arm-none-eabi/10.3.1/../../../../arm-none-eabi/lib/thumb/v7e-m+fp/hard/libc_nano.a(lib_a-init.o)
 .debug_frame   0x0000000000002ed0       0x20 /opt/st/stm32cubeide_1.12.0/plugins/com.st.stm32cube.ide.mcu.externaltools.gnu-tools-for-stm32.10.3-2021.10.linux64_1.0.200.202301161003/tools/bin/../lib/gcc/arm-none-eabi/10.3.1/../../../../arm-none-eabi/lib/thumb/v7e-m+fp/hard/libc_nano.a(lib_a-memset.o)
