/home/felipe/Documents/Estructuras/PWM_LED_Entrega/Drivers/CMSIS/Include/core_cm4.h:1679:22:__NVIC_EnableIRQ	16	static,ignoring_inline_asm
/home/felipe/Documents/Estructuras/PWM_LED_Entrega/Drivers/CMSIS/Include/core_cm4.h:1809:22:__NVIC_SetPriority	16	static
/home/felipe/Documents/Estructuras/PWM_LED_Entrega/Drivers/STM32L4xx_HAL_Driver/Inc/stm32l4xx_ll_bus.h:563:22:LL_AHB2_GRP1_EnableClock	24	static
/home/felipe/Documents/Estructuras/PWM_LED_Entrega/Drivers/STM32L4xx_HAL_Driver/Inc/stm32l4xx_ll_rcc.h:2487:22:LL_RCC_MSI_Enable	4	static
/home/felipe/Documents/Estructuras/PWM_LED_Entrega/Drivers/STM32L4xx_HAL_Driver/Inc/stm32l4xx_ll_rcc.h:2507:26:LL_RCC_MSI_IsReady	4	static
/home/felipe/Documents/Estructuras/PWM_LED_Entrega/Drivers/STM32L4xx_HAL_Driver/Inc/stm32l4xx_ll_rcc.h:2740:22:LL_RCC_SetSysClkSource	16	static
/home/felipe/Documents/Estructuras/PWM_LED_Entrega/Drivers/STM32L4xx_HAL_Driver/Inc/stm32l4xx_ll_rcc.h:2754:26:LL_RCC_GetSysClkSource	4	static
/home/felipe/Documents/Estructuras/PWM_LED_Entrega/Drivers/STM32L4xx_HAL_Driver/Inc/stm32l4xx_ll_rcc.h:2774:22:LL_RCC_SetAHBPrescaler	16	static
/home/felipe/Documents/Estructuras/PWM_LED_Entrega/Drivers/STM32L4xx_HAL_Driver/Inc/stm32l4xx_ll_rcc.h:2790:22:LL_RCC_SetAPB1Prescaler	16	static
/home/felipe/Documents/Estructuras/PWM_LED_Entrega/Drivers/STM32L4xx_HAL_Driver/Inc/stm32l4xx_ll_rcc.h:2806:22:LL_RCC_SetAPB2Prescaler	16	static
/home/felipe/Documents/Estructuras/PWM_LED_Entrega/Drivers/STM32L4xx_HAL_Driver/Inc/stm32l4xx_ll_rcc.h:3731:22:LL_RCC_PLL_Enable	4	static
/home/felipe/Documents/Estructuras/PWM_LED_Entrega/Drivers/STM32L4xx_HAL_Driver/Inc/stm32l4xx_ll_rcc.h:3752:26:LL_RCC_PLL_IsReady	4	static
/home/felipe/Documents/Estructuras/PWM_LED_Entrega/Drivers/STM32L4xx_HAL_Driver/Inc/stm32l4xx_ll_rcc.h:3798:22:LL_RCC_PLL_ConfigDomain_SYS	24	static
/home/felipe/Documents/Estructuras/PWM_LED_Entrega/Drivers/STM32L4xx_HAL_Driver/Inc/stm32l4xx_ll_rcc.h:4197:22:LL_RCC_PLL_EnableDomain_SYS	4	static
/home/felipe/Documents/Estructuras/PWM_LED_Entrega/Drivers/STM32L4xx_HAL_Driver/Inc/stm32l4xx_ll_system.h:1401:22:LL_FLASH_SetLatency	16	static
/home/felipe/Documents/Estructuras/PWM_LED_Entrega/Drivers/STM32L4xx_HAL_Driver/Inc/stm32l4xx_ll_gpio.h:285:22:LL_GPIO_SetPinMode	48	static,ignoring_inline_asm
/home/felipe/Documents/Estructuras/PWM_LED_Entrega/Drivers/STM32L4xx_HAL_Driver/Inc/stm32l4xx_ll_gpio.h:717:22:LL_GPIO_EnablePinAnalogControl	16	static
/home/felipe/Documents/Estructuras/PWM_LED_Entrega/Drivers/STM32L4xx_HAL_Driver/Inc/stm32l4xx_ll_adc.h:2443:22:LL_ADC_SetCommonClock	16	static
/home/felipe/Documents/Estructuras/PWM_LED_Entrega/Drivers/STM32L4xx_HAL_Driver/Inc/stm32l4xx_ll_adc.h:3182:22:LL_ADC_REG_SetTriggerSource	16	static
/home/felipe/Documents/Estructuras/PWM_LED_Entrega/Drivers/STM32L4xx_HAL_Driver/Inc/stm32l4xx_ll_adc.h:3342:22:LL_ADC_REG_SetSequencerLength	16	static
/home/felipe/Documents/Estructuras/PWM_LED_Entrega/Drivers/STM32L4xx_HAL_Driver/Inc/stm32l4xx_ll_adc.h:3550:22:LL_ADC_REG_SetSequencerRanks	32	static
/home/felipe/Documents/Estructuras/PWM_LED_Entrega/Drivers/STM32L4xx_HAL_Driver/Inc/stm32l4xx_ll_adc.h:3688:22:LL_ADC_REG_SetContinuousMode	16	static
/home/felipe/Documents/Estructuras/PWM_LED_Entrega/Drivers/STM32L4xx_HAL_Driver/Inc/stm32l4xx_ll_adc.h:3842:22:LL_ADC_REG_SetOverrun	16	static
/home/felipe/Documents/Estructuras/PWM_LED_Entrega/Drivers/STM32L4xx_HAL_Driver/Inc/stm32l4xx_ll_adc.h:4716:22:LL_ADC_SetChannelSamplingTime	32	static
/home/felipe/Documents/Estructuras/PWM_LED_Entrega/Drivers/STM32L4xx_HAL_Driver/Inc/stm32l4xx_ll_adc.h:5925:22:LL_ADC_DisableDeepPowerDown	16	static
/home/felipe/Documents/Estructuras/PWM_LED_Entrega/Drivers/STM32L4xx_HAL_Driver/Inc/stm32l4xx_ll_adc.h:5958:22:LL_ADC_EnableInternalRegulator	16	static
/home/felipe/Documents/Estructuras/PWM_LED_Entrega/Drivers/STM32L4xx_HAL_Driver/Inc/stm32l4xx_ll_adc.h:6009:22:LL_ADC_Enable	16	static
/home/felipe/Documents/Estructuras/PWM_LED_Entrega/Drivers/STM32L4xx_HAL_Driver/Inc/stm32l4xx_ll_adc.h:6048:26:LL_ADC_IsEnabled	16	static
/home/felipe/Documents/Estructuras/PWM_LED_Entrega/Drivers/STM32L4xx_HAL_Driver/Inc/stm32l4xx_ll_adc.h:6059:26:LL_ADC_IsDisableOngoing	16	static
/home/felipe/Documents/Estructuras/PWM_LED_Entrega/Drivers/STM32L4xx_HAL_Driver/Inc/stm32l4xx_ll_adc.h:6087:22:LL_ADC_StartCalibration	16	static
/home/felipe/Documents/Estructuras/PWM_LED_Entrega/Drivers/STM32L4xx_HAL_Driver/Inc/stm32l4xx_ll_adc.h:6134:22:LL_ADC_REG_StartConversion	16	static
/home/felipe/Documents/Estructuras/PWM_LED_Entrega/Drivers/STM32L4xx_HAL_Driver/Inc/stm32l4xx_ll_adc.h:6170:26:LL_ADC_REG_IsConversionOngoing	16	static
/home/felipe/Documents/Estructuras/PWM_LED_Entrega/Drivers/STM32L4xx_HAL_Driver/Inc/stm32l4xx_ll_adc.h:6210:26:LL_ADC_REG_ReadConversionData12	16	static
/home/felipe/Documents/Estructuras/PWM_LED_Entrega/Drivers/STM32L4xx_HAL_Driver/Inc/stm32l4xx_ll_adc.h:6353:26:LL_ADC_INJ_IsConversionOngoing	16	static
/home/felipe/Documents/Estructuras/PWM_LED_Entrega/Drivers/STM32L4xx_HAL_Driver/Inc/stm32l4xx_ll_adc.h:6655:22:LL_ADC_ClearFlag_EOC	16	static
../Drivers/ADC/Src/ADC.c:9:6:Configure_ADC	16	static
../Drivers/ADC/Src/ADC.c:130:6:Activate_ADC	16	static
../Drivers/ADC/Src/ADC.c:189:6:ConversionStartPoll_ADC_GrpRegular	8	static
../Drivers/ADC/Src/ADC.c:213:6:SystemClock_Config	8	static
../Drivers/ADC/Src/ADC.c:262:7:ADCDataToVoltage	16	static
../Drivers/ADC/Src/ADC.c:266:10:ReadADC_Data	8	static
