/home/felipe/Documents/Estructuras/ADC_Display/Drivers/CMSIS/Include/core_cm4.h:1679:22:__NVIC_EnableIRQ	16	static,ignoring_inline_asm
/home/felipe/Documents/Estructuras/ADC_Display/Drivers/CMSIS/Include/core_cm4.h:1809:22:__NVIC_SetPriority	16	static
/home/felipe/Documents/Estructuras/ADC_Display/Drivers/STM32L4xx_LL_Drivers/Inc/stm32l4xx_ll_bus.h:563:22:LL_AHB2_GRP1_EnableClock	24	static
/home/felipe/Documents/Estructuras/ADC_Display/Drivers/STM32L4xx_LL_Drivers/Inc/stm32l4xx_ll_bus.h:1673:22:LL_APB2_GRP1_EnableClock	24	static
/home/felipe/Documents/Estructuras/ADC_Display/Drivers/STM32L4xx_LL_Drivers/Inc/stm32l4xx_ll_rcc.h:2487:22:LL_RCC_MSI_Enable	4	static
/home/felipe/Documents/Estructuras/ADC_Display/Drivers/STM32L4xx_LL_Drivers/Inc/stm32l4xx_ll_rcc.h:2507:26:LL_RCC_MSI_IsReady	4	static
/home/felipe/Documents/Estructuras/ADC_Display/Drivers/STM32L4xx_LL_Drivers/Inc/stm32l4xx_ll_rcc.h:2740:22:LL_RCC_SetSysClkSource	16	static
/home/felipe/Documents/Estructuras/ADC_Display/Drivers/STM32L4xx_LL_Drivers/Inc/stm32l4xx_ll_rcc.h:2754:26:LL_RCC_GetSysClkSource	4	static
/home/felipe/Documents/Estructuras/ADC_Display/Drivers/STM32L4xx_LL_Drivers/Inc/stm32l4xx_ll_rcc.h:2774:22:LL_RCC_SetAHBPrescaler	16	static
/home/felipe/Documents/Estructuras/ADC_Display/Drivers/STM32L4xx_LL_Drivers/Inc/stm32l4xx_ll_rcc.h:2790:22:LL_RCC_SetAPB1Prescaler	16	static
/home/felipe/Documents/Estructuras/ADC_Display/Drivers/STM32L4xx_LL_Drivers/Inc/stm32l4xx_ll_rcc.h:2806:22:LL_RCC_SetAPB2Prescaler	16	static
/home/felipe/Documents/Estructuras/ADC_Display/Drivers/STM32L4xx_LL_Drivers/Inc/stm32l4xx_ll_rcc.h:3731:22:LL_RCC_PLL_Enable	4	static
/home/felipe/Documents/Estructuras/ADC_Display/Drivers/STM32L4xx_LL_Drivers/Inc/stm32l4xx_ll_rcc.h:3752:26:LL_RCC_PLL_IsReady	4	static
/home/felipe/Documents/Estructuras/ADC_Display/Drivers/STM32L4xx_LL_Drivers/Inc/stm32l4xx_ll_rcc.h:3798:22:LL_RCC_PLL_ConfigDomain_SYS	24	static
/home/felipe/Documents/Estructuras/ADC_Display/Drivers/STM32L4xx_LL_Drivers/Inc/stm32l4xx_ll_rcc.h:4197:22:LL_RCC_PLL_EnableDomain_SYS	4	static
/home/felipe/Documents/Estructuras/ADC_Display/Drivers/STM32L4xx_LL_Drivers/Inc/stm32l4xx_ll_system.h:773:22:LL_SYSCFG_SetEXTISource	32	static,ignoring_inline_asm
/home/felipe/Documents/Estructuras/ADC_Display/Drivers/STM32L4xx_LL_Drivers/Inc/stm32l4xx_ll_system.h:1401:22:LL_FLASH_SetLatency	16	static
/home/felipe/Documents/Estructuras/ADC_Display/Drivers/STM32L4xx_LL_Drivers/Inc/stm32l4xx_ll_cortex.h:229:26:LL_SYSTICK_IsActiveCounterFlag	4	static
/home/felipe/Documents/Estructuras/ADC_Display/Drivers/STM32L4xx_LL_Drivers/Inc/stm32l4xx_ll_gpio.h:285:22:LL_GPIO_SetPinMode	48	static,ignoring_inline_asm
/home/felipe/Documents/Estructuras/ADC_Display/Drivers/STM32L4xx_LL_Drivers/Inc/stm32l4xx_ll_gpio.h:496:22:LL_GPIO_SetPinPull	48	static,ignoring_inline_asm
/home/felipe/Documents/Estructuras/ADC_Display/Drivers/STM32L4xx_LL_Drivers/Inc/stm32l4xx_ll_gpio.h:717:22:LL_GPIO_EnablePinAnalogControl	16	static
/home/felipe/Documents/Estructuras/ADC_Display/Drivers/STM32L4xx_LL_Drivers/Inc/stm32l4xx_ll_gpio.h:956:22:LL_GPIO_SetOutputPin	16	static
/home/felipe/Documents/Estructuras/ADC_Display/Drivers/STM32L4xx_LL_Drivers/Inc/stm32l4xx_ll_gpio.h:985:22:LL_GPIO_ResetOutputPin	16	static
/home/felipe/Documents/Estructuras/ADC_Display/Drivers/STM32L4xx_LL_Drivers/Inc/stm32l4xx_ll_gpio.h:1014:22:LL_GPIO_TogglePin	24	static
/home/felipe/Documents/Estructuras/ADC_Display/Drivers/STM32L4xx_LL_Drivers/Inc/stm32l4xx_ll_exti.h:305:22:LL_EXTI_EnableIT_0_31	16	static
/home/felipe/Documents/Estructuras/ADC_Display/Drivers/STM32L4xx_LL_Drivers/Inc/stm32l4xx_ll_exti.h:931:22:LL_EXTI_EnableFallingTrig_0_31	16	static
/home/felipe/Documents/Estructuras/ADC_Display/Drivers/STM32L4xx_LL_Drivers/Inc/stm32l4xx_ll_adc.h:2443:22:LL_ADC_SetCommonClock	16	static
/home/felipe/Documents/Estructuras/ADC_Display/Drivers/STM32L4xx_LL_Drivers/Inc/stm32l4xx_ll_adc.h:3182:22:LL_ADC_REG_SetTriggerSource	16	static
/home/felipe/Documents/Estructuras/ADC_Display/Drivers/STM32L4xx_LL_Drivers/Inc/stm32l4xx_ll_adc.h:3342:22:LL_ADC_REG_SetSequencerLength	16	static
/home/felipe/Documents/Estructuras/ADC_Display/Drivers/STM32L4xx_LL_Drivers/Inc/stm32l4xx_ll_adc.h:3550:22:LL_ADC_REG_SetSequencerRanks	32	static
/home/felipe/Documents/Estructuras/ADC_Display/Drivers/STM32L4xx_LL_Drivers/Inc/stm32l4xx_ll_adc.h:3688:22:LL_ADC_REG_SetContinuousMode	16	static
/home/felipe/Documents/Estructuras/ADC_Display/Drivers/STM32L4xx_LL_Drivers/Inc/stm32l4xx_ll_adc.h:3842:22:LL_ADC_REG_SetOverrun	16	static
/home/felipe/Documents/Estructuras/ADC_Display/Drivers/STM32L4xx_LL_Drivers/Inc/stm32l4xx_ll_adc.h:4716:22:LL_ADC_SetChannelSamplingTime	32	static
/home/felipe/Documents/Estructuras/ADC_Display/Drivers/STM32L4xx_LL_Drivers/Inc/stm32l4xx_ll_adc.h:5925:22:LL_ADC_DisableDeepPowerDown	16	static
/home/felipe/Documents/Estructuras/ADC_Display/Drivers/STM32L4xx_LL_Drivers/Inc/stm32l4xx_ll_adc.h:5958:22:LL_ADC_EnableInternalRegulator	16	static
/home/felipe/Documents/Estructuras/ADC_Display/Drivers/STM32L4xx_LL_Drivers/Inc/stm32l4xx_ll_adc.h:6009:22:LL_ADC_Enable	16	static
/home/felipe/Documents/Estructuras/ADC_Display/Drivers/STM32L4xx_LL_Drivers/Inc/stm32l4xx_ll_adc.h:6048:26:LL_ADC_IsEnabled	16	static
/home/felipe/Documents/Estructuras/ADC_Display/Drivers/STM32L4xx_LL_Drivers/Inc/stm32l4xx_ll_adc.h:6059:26:LL_ADC_IsDisableOngoing	16	static
/home/felipe/Documents/Estructuras/ADC_Display/Drivers/STM32L4xx_LL_Drivers/Inc/stm32l4xx_ll_adc.h:6087:22:LL_ADC_StartCalibration	16	static
/home/felipe/Documents/Estructuras/ADC_Display/Drivers/STM32L4xx_LL_Drivers/Inc/stm32l4xx_ll_adc.h:6103:26:LL_ADC_IsCalibrationOnGoing	16	static
/home/felipe/Documents/Estructuras/ADC_Display/Drivers/STM32L4xx_LL_Drivers/Inc/stm32l4xx_ll_adc.h:6134:22:LL_ADC_REG_StartConversion	16	static
/home/felipe/Documents/Estructuras/ADC_Display/Drivers/STM32L4xx_LL_Drivers/Inc/stm32l4xx_ll_adc.h:6170:26:LL_ADC_REG_IsConversionOngoing	16	static
/home/felipe/Documents/Estructuras/ADC_Display/Drivers/STM32L4xx_LL_Drivers/Inc/stm32l4xx_ll_adc.h:6210:26:LL_ADC_REG_ReadConversionData12	16	static
/home/felipe/Documents/Estructuras/ADC_Display/Drivers/STM32L4xx_LL_Drivers/Inc/stm32l4xx_ll_adc.h:6353:26:LL_ADC_INJ_IsConversionOngoing	16	static
/home/felipe/Documents/Estructuras/ADC_Display/Drivers/STM32L4xx_LL_Drivers/Inc/stm32l4xx_ll_adc.h:6520:26:LL_ADC_IsActiveFlag_ADRDY	16	static
/home/felipe/Documents/Estructuras/ADC_Display/Drivers/STM32L4xx_LL_Drivers/Inc/stm32l4xx_ll_adc.h:6531:26:LL_ADC_IsActiveFlag_EOC	16	static
/home/felipe/Documents/Estructuras/ADC_Display/Drivers/STM32L4xx_LL_Drivers/Inc/stm32l4xx_ll_adc.h:6655:22:LL_ADC_ClearFlag_EOC	16	static
/home/felipe/Documents/Estructuras/ADC_Display/Drivers/STM32L4xx_LL_Drivers/Inc/stm32l4xx_ll_adc.h:7193:22:LL_ADC_DisableIT_OVR	16	static
../Src/main.c:129:5:main	16	static
../Src/main.c:266:6:Configure_ADC	16	static
../Src/main.c:517:6:Activate_ADC	16	static
../Src/main.c:645:6:ConversionStartPoll_ADC_GrpRegular	16	static
../Src/main.c:712:6:LED_Init	8	static
../Src/main.c:732:6:LED_On	8	static
../Src/main.c:743:6:LED_Off	8	static
../Src/main.c:758:6:LED_Blinking	16	static
../Src/main.c:776:6:UserButton_Init	8	static
../Src/main.c:817:6:SystemClock_Config	8	static
../Src/main.c:864:6:UserButton_Callback	4	static
../Src/main.c:875:6:AdcGrpRegularOverrunError_Callback	8	static
