/home/felipe/Documents/Estructuras/LedBLink-C/Drivers/STM32L4xx_HAL_Driver/Inc/stm32l4xx_ll_bus.h:563:22:LL_AHB2_GRP1_EnableClock	24	static
/home/felipe/Documents/Estructuras/LedBLink-C/Drivers/STM32L4xx_HAL_Driver/Inc/stm32l4xx_ll_gpio.h:285:22:LL_GPIO_SetPinMode	48	static,ignoring_inline_asm
/home/felipe/Documents/Estructuras/LedBLink-C/Drivers/STM32L4xx_HAL_Driver/Inc/stm32l4xx_ll_gpio.h:956:22:LL_GPIO_SetOutputPin	16	static
/home/felipe/Documents/Estructuras/LedBLink-C/Drivers/STM32L4xx_HAL_Driver/Inc/stm32l4xx_ll_gpio.h:985:22:LL_GPIO_ResetOutputPin	16	static
/home/felipe/Documents/Estructuras/LedBLink-C/Drivers/STM32L4xx_HAL_Driver/Inc/stm32l4xx_ll_gpio.h:1014:22:LL_GPIO_TogglePin	24	static
../Drivers/AUDI_Driver/Source/AUDI_Dx.c:71:6:AUDI_Dx_Init	8	static
../Drivers/AUDI_Driver/Source/AUDI_Dx.c:98:6:AUDI_BUZZER_Init	8	static
../Drivers/AUDI_Driver/Source/AUDI_Dx.c:103:6:AUDI_BUZZER_On	8	static
../Drivers/AUDI_Driver/Source/AUDI_Dx.c:107:6:AUDI_BUZZER_Off	8	static
../Drivers/AUDI_Driver/Source/AUDI_Dx.c:112:6:AUDI_G1D1_On	8	static
../Drivers/AUDI_Driver/Source/AUDI_Dx.c:116:6:AUDI_G1D2_On	8	static
../Drivers/AUDI_Driver/Source/AUDI_Dx.c:120:6:AUDI_G1D3_On	8	static
../Drivers/AUDI_Driver/Source/AUDI_Dx.c:124:6:AUDI_G1D4_On	8	static
../Drivers/AUDI_Driver/Source/AUDI_Dx.c:128:6:AUDI_G1D5_On	8	static
../Drivers/AUDI_Driver/Source/AUDI_Dx.c:132:6:AUDI_G1D6_On	8	static
../Drivers/AUDI_Driver/Source/AUDI_Dx.c:136:6:AUDI_G1D7_On	8	static
../Drivers/AUDI_Driver/Source/AUDI_Dx.c:140:6:AUDI_G1D8_On	8	static
../Drivers/AUDI_Driver/Source/AUDI_Dx.c:146:6:AUDI_G2D1_On	8	static
../Drivers/AUDI_Driver/Source/AUDI_Dx.c:150:6:AUDI_G2D2_On	8	static
../Drivers/AUDI_Driver/Source/AUDI_Dx.c:154:6:AUDI_G2D3_On	8	static
../Drivers/AUDI_Driver/Source/AUDI_Dx.c:158:6:AUDI_G2D4_On	8	static
../Drivers/AUDI_Driver/Source/AUDI_Dx.c:162:6:AUDI_G2D5_On	8	static
../Drivers/AUDI_Driver/Source/AUDI_Dx.c:166:6:AUDI_G2D6_On	8	static
../Drivers/AUDI_Driver/Source/AUDI_Dx.c:170:6:AUDI_G2D7_On	8	static
../Drivers/AUDI_Driver/Source/AUDI_Dx.c:174:6:AUDI_G2D8_On	8	static
../Drivers/AUDI_Driver/Source/AUDI_Dx.c:181:6:AUDI_G1D1_Off	8	static
../Drivers/AUDI_Driver/Source/AUDI_Dx.c:185:6:AUDI_G1D2_Off	8	static
../Drivers/AUDI_Driver/Source/AUDI_Dx.c:189:6:AUDI_G1D3_Off	8	static
../Drivers/AUDI_Driver/Source/AUDI_Dx.c:193:6:AUDI_G1D4_Off	8	static
../Drivers/AUDI_Driver/Source/AUDI_Dx.c:197:6:AUDI_G1D5_Off	8	static
../Drivers/AUDI_Driver/Source/AUDI_Dx.c:201:6:AUDI_G1D6_Off	8	static
../Drivers/AUDI_Driver/Source/AUDI_Dx.c:205:6:AUDI_G1D7_Off	8	static
../Drivers/AUDI_Driver/Source/AUDI_Dx.c:209:6:AUDI_G1D8_Off	8	static
../Drivers/AUDI_Driver/Source/AUDI_Dx.c:215:6:AUDI_G2D1_Off	8	static
../Drivers/AUDI_Driver/Source/AUDI_Dx.c:219:6:AUDI_G2D2_Off	8	static
../Drivers/AUDI_Driver/Source/AUDI_Dx.c:223:6:AUDI_G2D3_Off	8	static
../Drivers/AUDI_Driver/Source/AUDI_Dx.c:227:6:AUDI_G2D4_Off	8	static
../Drivers/AUDI_Driver/Source/AUDI_Dx.c:231:6:AUDI_G2D5_Off	8	static
../Drivers/AUDI_Driver/Source/AUDI_Dx.c:235:6:AUDI_G2D6_Off	8	static
../Drivers/AUDI_Driver/Source/AUDI_Dx.c:239:6:AUDI_G2D7_Off	8	static
../Drivers/AUDI_Driver/Source/AUDI_Dx.c:243:6:AUDI_G2D8_Off	8	static
../Drivers/AUDI_Driver/Source/AUDI_Dx.c:248:6:AUDI_Dx_AllOff	8	static
../Drivers/AUDI_Driver/Source/AUDI_Dx.c:268:6:AUDI_Dx_AllOn	8	static
../Drivers/AUDI_Driver/Source/AUDI_Dx.c:289:6:AUDI_G1D1_Toggle	8	static
../Drivers/AUDI_Driver/Source/AUDI_Dx.c:293:6:AUDI_G1D2_Toggle	8	static
../Drivers/AUDI_Driver/Source/AUDI_Dx.c:297:6:AUDI_G1D3_Toggle	8	static
../Drivers/AUDI_Driver/Source/AUDI_Dx.c:301:6:AUDI_G1D4_Toggle	8	static
../Drivers/AUDI_Driver/Source/AUDI_Dx.c:305:6:AUDI_G1D5_Toggle	8	static
../Drivers/AUDI_Driver/Source/AUDI_Dx.c:309:6:AUDI_G1D6_Toggle	8	static
../Drivers/AUDI_Driver/Source/AUDI_Dx.c:313:6:AUDI_G1D7_Toggle	8	static
../Drivers/AUDI_Driver/Source/AUDI_Dx.c:317:6:AUDI_G1D8_Toggle	8	static
../Drivers/AUDI_Driver/Source/AUDI_Dx.c:323:6:AUDI_G2D1_Toggle	8	static
../Drivers/AUDI_Driver/Source/AUDI_Dx.c:327:6:AUDI_G2D2_Toggle	8	static
../Drivers/AUDI_Driver/Source/AUDI_Dx.c:331:6:AUDI_G2D3_Toggle	8	static
../Drivers/AUDI_Driver/Source/AUDI_Dx.c:335:6:AUDI_G2D4_Toggle	8	static
../Drivers/AUDI_Driver/Source/AUDI_Dx.c:339:6:AUDI_G2D5_Toggle	8	static
../Drivers/AUDI_Driver/Source/AUDI_Dx.c:343:6:AUDI_G2D6_Toggle	8	static
../Drivers/AUDI_Driver/Source/AUDI_Dx.c:347:6:AUDI_G2D7_Toggle	8	static
../Drivers/AUDI_Driver/Source/AUDI_Dx.c:351:6:AUDI_G2D8_Toggle	8	static
