/home/felipe/Documents/Estructuras/LedBLink-C/Drivers/STM32L4xx_HAL_Driver/Inc/stm32l4xx_ll_bus.h:563:22:LL_AHB2_GRP1_EnableClock	24	static
/home/felipe/Documents/Estructuras/LedBLink-C/Drivers/STM32L4xx_HAL_Driver/Inc/stm32l4xx_ll_gpio.h:285:22:LL_GPIO_SetPinMode	48	static,ignoring_inline_asm
/home/felipe/Documents/Estructuras/LedBLink-C/Drivers/STM32L4xx_HAL_Driver/Inc/stm32l4xx_ll_gpio.h:875:26:LL_GPIO_IsInputPinSet	16	static
../Drivers/AUDI_Driver/Source/AUDI_Sx.c:23:6:AUDI_Sx_Init	8	static
../Drivers/AUDI_Driver/Source/AUDI_Sx.c:31:9:AUDI_S1_Read	8	static
../Drivers/AUDI_Driver/Source/AUDI_Sx.c:39:9:AUDI_S2_Read	8	static
../Drivers/AUDI_Driver/Source/AUDI_Sx.c:47:9:AUDI_S3_Read	8	static
../Drivers/AUDI_Driver/Source/AUDI_Sx.c:56:9:S1_Polling	16	static
../Drivers/AUDI_Driver/Source/AUDI_Sx.c:94:9:S2_Polling	16	static
../Drivers/AUDI_Driver/Source/AUDI_Sx.c:132:9:S3_Polling	16	static
