Archive member included to satisfy reference by file (symbol)

/opt/st/stm32cubeide_1.12.0/plugins/com.st.stm32cube.ide.mcu.externaltools.gnu-tools-for-stm32.10.3-2021.10.linux64_1.0.200.202301161003/tools/bin/../lib/gcc/arm-none-eabi/10.3.1/../../../../arm-none-eabi/lib/thumb/v7e-m+fp/hard/libc_nano.a(lib_a-exit.o)
                              /opt/st/stm32cubeide_1.12.0/plugins/com.st.stm32cube.ide.mcu.externaltools.gnu-tools-for-stm32.10.3-2021.10.linux64_1.0.200.202301161003/tools/bin/../lib/gcc/arm-none-eabi/10.3.1/../../../../arm-none-eabi/lib/thumb/v7e-m+fp/hard/crt0.o (exit)
/opt/st/stm32cubeide_1.12.0/plugins/com.st.stm32cube.ide.mcu.externaltools.gnu-tools-for-stm32.10.3-2021.10.linux64_1.0.200.202301161003/tools/bin/../lib/gcc/arm-none-eabi/10.3.1/../../../../arm-none-eabi/lib/thumb/v7e-m+fp/hard/libc_nano.a(lib_a-impure.o)
                              /opt/st/stm32cubeide_1.12.0/plugins/com.st.stm32cube.ide.mcu.externaltools.gnu-tools-for-stm32.10.3-2021.10.linux64_1.0.200.202301161003/tools/bin/../lib/gcc/arm-none-eabi/10.3.1/../../../../arm-none-eabi/lib/thumb/v7e-m+fp/hard/libc_nano.a(lib_a-exit.o) (_global_impure_ptr)
/opt/st/stm32cubeide_1.12.0/plugins/com.st.stm32cube.ide.mcu.externaltools.gnu-tools-for-stm32.10.3-2021.10.linux64_1.0.200.202301161003/tools/bin/../lib/gcc/arm-none-eabi/10.3.1/../../../../arm-none-eabi/lib/thumb/v7e-m+fp/hard/libc_nano.a(lib_a-init.o)
                              /opt/st/stm32cubeide_1.12.0/plugins/com.st.stm32cube.ide.mcu.externaltools.gnu-tools-for-stm32.10.3-2021.10.linux64_1.0.200.202301161003/tools/bin/../lib/gcc/arm-none-eabi/10.3.1/../../../../arm-none-eabi/lib/thumb/v7e-m+fp/hard/crt0.o (__libc_init_array)
/opt/st/stm32cubeide_1.12.0/plugins/com.st.stm32cube.ide.mcu.externaltools.gnu-tools-for-stm32.10.3-2021.10.linux64_1.0.200.202301161003/tools/bin/../lib/gcc/arm-none-eabi/10.3.1/../../../../arm-none-eabi/lib/thumb/v7e-m+fp/hard/libc_nano.a(lib_a-memset.o)
                              /opt/st/stm32cubeide_1.12.0/plugins/com.st.stm32cube.ide.mcu.externaltools.gnu-tools-for-stm32.10.3-2021.10.linux64_1.0.200.202301161003/tools/bin/../lib/gcc/arm-none-eabi/10.3.1/../../../../arm-none-eabi/lib/thumb/v7e-m+fp/hard/crt0.o (memset)
/opt/st/stm32cubeide_1.12.0/plugins/com.st.stm32cube.ide.mcu.externaltools.gnu-tools-for-stm32.10.3-2021.10.linux64_1.0.200.202301161003/tools/bin/../lib/gcc/arm-none-eabi/10.3.1/../../../../arm-none-eabi/lib/thumb/v7e-m+fp/hard/libnosys.a(_exit.o)
                              /opt/st/stm32cubeide_1.12.0/plugins/com.st.stm32cube.ide.mcu.externaltools.gnu-tools-for-stm32.10.3-2021.10.linux64_1.0.200.202301161003/tools/bin/../lib/gcc/arm-none-eabi/10.3.1/../../../../arm-none-eabi/lib/thumb/v7e-m+fp/hard/libc_nano.a(lib_a-exit.o) (_exit)

Discarded input sections

 .text          0x0000000000000000        0x0 /opt/st/stm32cubeide_1.12.0/plugins/com.st.stm32cube.ide.mcu.externaltools.gnu-tools-for-stm32.10.3-2021.10.linux64_1.0.200.202301161003/tools/bin/../lib/gcc/arm-none-eabi/10.3.1/thumb/v7e-m+fp/hard/crti.o
 .data          0x0000000000000000        0x0 /opt/st/stm32cubeide_1.12.0/plugins/com.st.stm32cube.ide.mcu.externaltools.gnu-tools-for-stm32.10.3-2021.10.linux64_1.0.200.202301161003/tools/bin/../lib/gcc/arm-none-eabi/10.3.1/thumb/v7e-m+fp/hard/crti.o
 .bss           0x0000000000000000        0x0 /opt/st/stm32cubeide_1.12.0/plugins/com.st.stm32cube.ide.mcu.externaltools.gnu-tools-for-stm32.10.3-2021.10.linux64_1.0.200.202301161003/tools/bin/../lib/gcc/arm-none-eabi/10.3.1/thumb/v7e-m+fp/hard/crti.o
 .data          0x0000000000000000        0x4 /opt/st/stm32cubeide_1.12.0/plugins/com.st.stm32cube.ide.mcu.externaltools.gnu-tools-for-stm32.10.3-2021.10.linux64_1.0.200.202301161003/tools/bin/../lib/gcc/arm-none-eabi/10.3.1/thumb/v7e-m+fp/hard/crtbegin.o
 .rodata        0x0000000000000000       0x24 /opt/st/stm32cubeide_1.12.0/plugins/com.st.stm32cube.ide.mcu.externaltools.gnu-tools-for-stm32.10.3-2021.10.linux64_1.0.200.202301161003/tools/bin/../lib/gcc/arm-none-eabi/10.3.1/thumb/v7e-m+fp/hard/crtbegin.o
 .text          0x0000000000000000       0x7c /opt/st/stm32cubeide_1.12.0/plugins/com.st.stm32cube.ide.mcu.externaltools.gnu-tools-for-stm32.10.3-2021.10.linux64_1.0.200.202301161003/tools/bin/../lib/gcc/arm-none-eabi/10.3.1/../../../../arm-none-eabi/lib/thumb/v7e-m+fp/hard/crt0.o
 .data          0x0000000000000000        0x0 /opt/st/stm32cubeide_1.12.0/plugins/com.st.stm32cube.ide.mcu.externaltools.gnu-tools-for-stm32.10.3-2021.10.linux64_1.0.200.202301161003/tools/bin/../lib/gcc/arm-none-eabi/10.3.1/../../../../arm-none-eabi/lib/thumb/v7e-m+fp/hard/crt0.o
 .bss           0x0000000000000000        0x0 /opt/st/stm32cubeide_1.12.0/plugins/com.st.stm32cube.ide.mcu.externaltools.gnu-tools-for-stm32.10.3-2021.10.linux64_1.0.200.202301161003/tools/bin/../lib/gcc/arm-none-eabi/10.3.1/../../../../arm-none-eabi/lib/thumb/v7e-m+fp/hard/crt0.o
 .ARM.extab     0x0000000000000000        0x0 /opt/st/stm32cubeide_1.12.0/plugins/com.st.stm32cube.ide.mcu.externaltools.gnu-tools-for-stm32.10.3-2021.10.linux64_1.0.200.202301161003/tools/bin/../lib/gcc/arm-none-eabi/10.3.1/../../../../arm-none-eabi/lib/thumb/v7e-m+fp/hard/crt0.o
 .ARM.exidx     0x0000000000000000       0x10 /opt/st/stm32cubeide_1.12.0/plugins/com.st.stm32cube.ide.mcu.externaltools.gnu-tools-for-stm32.10.3-2021.10.linux64_1.0.200.202301161003/tools/bin/../lib/gcc/arm-none-eabi/10.3.1/../../../../arm-none-eabi/lib/thumb/v7e-m+fp/hard/crt0.o
 .ARM.attributes
                0x0000000000000000       0x1c /opt/st/stm32cubeide_1.12.0/plugins/com.st.stm32cube.ide.mcu.externaltools.gnu-tools-for-stm32.10.3-2021.10.linux64_1.0.200.202301161003/tools/bin/../lib/gcc/arm-none-eabi/10.3.1/../../../../arm-none-eabi/lib/thumb/v7e-m+fp/hard/crt0.o
 .group         0x0000000000000000        0xc ./Core/Source/main.o
 .group         0x0000000000000000        0xc ./Core/Source/main.o
 .group         0x0000000000000000        0xc ./Core/Source/main.o
 .group         0x0000000000000000        0xc ./Core/Source/main.o
 .group         0x0000000000000000        0xc ./Core/Source/main.o
 .group         0x0000000000000000        0xc ./Core/Source/main.o
 .group         0x0000000000000000        0xc ./Core/Source/main.o
 .group         0x0000000000000000        0xc ./Core/Source/main.o
 .group         0x0000000000000000        0xc ./Core/Source/main.o
 .group         0x0000000000000000        0xc ./Core/Source/main.o
 .group         0x0000000000000000        0xc ./Core/Source/main.o
 .group         0x0000000000000000        0xc ./Core/Source/main.o
 .group         0x0000000000000000        0xc ./Core/Source/main.o
 .group         0x0000000000000000        0xc ./Core/Source/main.o
 .group         0x0000000000000000        0xc ./Core/Source/main.o
 .group         0x0000000000000000        0xc ./Core/Source/main.o
 .group         0x0000000000000000        0xc ./Core/Source/main.o
 .group         0x0000000000000000        0xc ./Core/Source/main.o
 .group         0x0000000000000000        0xc ./Core/Source/main.o
 .text          0x0000000000000000        0x0 ./Core/Source/main.o
 .data          0x0000000000000000        0x0 ./Core/Source/main.o
 .bss           0x0000000000000000        0x0 ./Core/Source/main.o
 .text.LL_GPIO_IsInputPinSet
                0x0000000000000000       0x2a ./Core/Source/main.o
 .text.LL_GPIO_TogglePin
                0x0000000000000000       0x32 ./Core/Source/main.o
 .data.beat     0x0000000000000000        0x4 ./Core/Source/main.o
 .text.MFS_S1_Read
                0x0000000000000000       0x1e ./Core/Source/main.o
 .text.MFS_S2_Read
                0x0000000000000000       0x1e ./Core/Source/main.o
 .text.MFS_S3_Read
                0x0000000000000000       0x20 ./Core/Source/main.o
 .text.MFS_D1_Toggle
                0x0000000000000000       0x12 ./Core/Source/main.o
 .text.MFS_D2_Toggle
                0x0000000000000000       0x12 ./Core/Source/main.o
 .text.MFS_D3_Toggle
                0x0000000000000000       0x12 ./Core/Source/main.o
 .text.MFS_D4_Toggle
                0x0000000000000000       0x14 ./Core/Source/main.o
 .text.fsm_D1_Blink
                0x0000000000000000       0x34 ./Core/Source/main.o
 .text.fsm_D2_Blink
                0x0000000000000000       0x38 ./Core/Source/main.o
 .text.fsm_D3_Blink
                0x0000000000000000       0x40 ./Core/Source/main.o
 .text.fsm_D4_Blink
                0x0000000000000000       0x3c ./Core/Source/main.o
 .bss.lastTick.5
                0x0000000000000000        0x4 ./Core/Source/main.o
 .bss.lastTick.4
                0x0000000000000000        0x4 ./Core/Source/main.o
 .bss.lastTick.3
                0x0000000000000000        0x4 ./Core/Source/main.o
 .bss.lastTick.2
                0x0000000000000000        0x4 ./Core/Source/main.o
 .group         0x0000000000000000        0xc ./Drivers/STM32L4xx_HAL_Driver/Src/stm32l4xx_ll_adc.o
 .text          0x0000000000000000        0x0 ./Drivers/STM32L4xx_HAL_Driver/Src/stm32l4xx_ll_adc.o
 .data          0x0000000000000000        0x0 ./Drivers/STM32L4xx_HAL_Driver/Src/stm32l4xx_ll_adc.o
 .bss           0x0000000000000000        0x0 ./Drivers/STM32L4xx_HAL_Driver/Src/stm32l4xx_ll_adc.o
 .debug_info    0x0000000000000000       0x21 ./Drivers/STM32L4xx_HAL_Driver/Src/stm32l4xx_ll_adc.o
 .debug_abbrev  0x0000000000000000       0x13 ./Drivers/STM32L4xx_HAL_Driver/Src/stm32l4xx_ll_adc.o
 .debug_aranges
                0x0000000000000000       0x18 ./Drivers/STM32L4xx_HAL_Driver/Src/stm32l4xx_ll_adc.o
 .debug_macro   0x0000000000000000       0x11 ./Drivers/STM32L4xx_HAL_Driver/Src/stm32l4xx_ll_adc.o
 .debug_macro   0x0000000000000000      0xa8a ./Drivers/STM32L4xx_HAL_Driver/Src/stm32l4xx_ll_adc.o
 .debug_line    0x0000000000000000       0x57 ./Drivers/STM32L4xx_HAL_Driver/Src/stm32l4xx_ll_adc.o
 .debug_str     0x0000000000000000     0x2d2c ./Drivers/STM32L4xx_HAL_Driver/Src/stm32l4xx_ll_adc.o
 .comment       0x0000000000000000       0x51 ./Drivers/STM32L4xx_HAL_Driver/Src/stm32l4xx_ll_adc.o
 .ARM.attributes
                0x0000000000000000       0x34 ./Drivers/STM32L4xx_HAL_Driver/Src/stm32l4xx_ll_adc.o
 .group         0x0000000000000000        0xc ./Drivers/STM32L4xx_HAL_Driver/Src/stm32l4xx_ll_comp.o
 .text          0x0000000000000000        0x0 ./Drivers/STM32L4xx_HAL_Driver/Src/stm32l4xx_ll_comp.o
 .data          0x0000000000000000        0x0 ./Drivers/STM32L4xx_HAL_Driver/Src/stm32l4xx_ll_comp.o
 .bss           0x0000000000000000        0x0 ./Drivers/STM32L4xx_HAL_Driver/Src/stm32l4xx_ll_comp.o
 .debug_info    0x0000000000000000       0x21 ./Drivers/STM32L4xx_HAL_Driver/Src/stm32l4xx_ll_comp.o
 .debug_abbrev  0x0000000000000000       0x13 ./Drivers/STM32L4xx_HAL_Driver/Src/stm32l4xx_ll_comp.o
 .debug_aranges
                0x0000000000000000       0x18 ./Drivers/STM32L4xx_HAL_Driver/Src/stm32l4xx_ll_comp.o
 .debug_macro   0x0000000000000000       0x11 ./Drivers/STM32L4xx_HAL_Driver/Src/stm32l4xx_ll_comp.o
 .debug_macro   0x0000000000000000      0xa8a ./Drivers/STM32L4xx_HAL_Driver/Src/stm32l4xx_ll_comp.o
 .debug_line    0x0000000000000000       0x58 ./Drivers/STM32L4xx_HAL_Driver/Src/stm32l4xx_ll_comp.o
 .debug_str     0x0000000000000000     0x2d2d ./Drivers/STM32L4xx_HAL_Driver/Src/stm32l4xx_ll_comp.o
 .comment       0x0000000000000000       0x51 ./Drivers/STM32L4xx_HAL_Driver/Src/stm32l4xx_ll_comp.o
 .ARM.attributes
                0x0000000000000000       0x34 ./Drivers/STM32L4xx_HAL_Driver/Src/stm32l4xx_ll_comp.o
 .group         0x0000000000000000        0xc ./Drivers/STM32L4xx_HAL_Driver/Src/stm32l4xx_ll_crc.o
 .text          0x0000000000000000        0x0 ./Drivers/STM32L4xx_HAL_Driver/Src/stm32l4xx_ll_crc.o
 .data          0x0000000000000000        0x0 ./Drivers/STM32L4xx_HAL_Driver/Src/stm32l4xx_ll_crc.o
 .bss           0x0000000000000000        0x0 ./Drivers/STM32L4xx_HAL_Driver/Src/stm32l4xx_ll_crc.o
 .debug_info    0x0000000000000000       0x21 ./Drivers/STM32L4xx_HAL_Driver/Src/stm32l4xx_ll_crc.o
 .debug_abbrev  0x0000000000000000       0x13 ./Drivers/STM32L4xx_HAL_Driver/Src/stm32l4xx_ll_crc.o
 .debug_aranges
                0x0000000000000000       0x18 ./Drivers/STM32L4xx_HAL_Driver/Src/stm32l4xx_ll_crc.o
 .debug_macro   0x0000000000000000       0x11 ./Drivers/STM32L4xx_HAL_Driver/Src/stm32l4xx_ll_crc.o
 .debug_macro   0x0000000000000000      0xa8a ./Drivers/STM32L4xx_HAL_Driver/Src/stm32l4xx_ll_crc.o
 .debug_line    0x0000000000000000       0x57 ./Drivers/STM32L4xx_HAL_Driver/Src/stm32l4xx_ll_crc.o
 .debug_str     0x0000000000000000     0x2d2c ./Drivers/STM32L4xx_HAL_Driver/Src/stm32l4xx_ll_crc.o
 .comment       0x0000000000000000       0x51 ./Drivers/STM32L4xx_HAL_Driver/Src/stm32l4xx_ll_crc.o
 .ARM.attributes
                0x0000000000000000       0x34 ./Drivers/STM32L4xx_HAL_Driver/Src/stm32l4xx_ll_crc.o
 .group         0x0000000000000000        0xc ./Drivers/STM32L4xx_HAL_Driver/Src/stm32l4xx_ll_crs.o
 .text          0x0000000000000000        0x0 ./Drivers/STM32L4xx_HAL_Driver/Src/stm32l4xx_ll_crs.o
 .data          0x0000000000000000        0x0 ./Drivers/STM32L4xx_HAL_Driver/Src/stm32l4xx_ll_crs.o
 .bss           0x0000000000000000        0x0 ./Drivers/STM32L4xx_HAL_Driver/Src/stm32l4xx_ll_crs.o
 .debug_info    0x0000000000000000       0x21 ./Drivers/STM32L4xx_HAL_Driver/Src/stm32l4xx_ll_crs.o
 .debug_abbrev  0x0000000000000000       0x13 ./Drivers/STM32L4xx_HAL_Driver/Src/stm32l4xx_ll_crs.o
 .debug_aranges
                0x0000000000000000       0x18 ./Drivers/STM32L4xx_HAL_Driver/Src/stm32l4xx_ll_crs.o
 .debug_macro   0x0000000000000000       0x11 ./Drivers/STM32L4xx_HAL_Driver/Src/stm32l4xx_ll_crs.o
 .debug_macro   0x0000000000000000      0xa8a ./Drivers/STM32L4xx_HAL_Driver/Src/stm32l4xx_ll_crs.o
 .debug_line    0x0000000000000000       0x57 ./Drivers/STM32L4xx_HAL_Driver/Src/stm32l4xx_ll_crs.o
 .debug_str     0x0000000000000000     0x2d2c ./Drivers/STM32L4xx_HAL_Driver/Src/stm32l4xx_ll_crs.o
 .comment       0x0000000000000000       0x51 ./Drivers/STM32L4xx_HAL_Driver/Src/stm32l4xx_ll_crs.o
 .ARM.attributes
                0x0000000000000000       0x34 ./Drivers/STM32L4xx_HAL_Driver/Src/stm32l4xx_ll_crs.o
 .group         0x0000000000000000        0xc ./Drivers/STM32L4xx_HAL_Driver/Src/stm32l4xx_ll_dac.o
 .text          0x0000000000000000        0x0 ./Drivers/STM32L4xx_HAL_Driver/Src/stm32l4xx_ll_dac.o
 .data          0x0000000000000000        0x0 ./Drivers/STM32L4xx_HAL_Driver/Src/stm32l4xx_ll_dac.o
 .bss           0x0000000000000000        0x0 ./Drivers/STM32L4xx_HAL_Driver/Src/stm32l4xx_ll_dac.o
 .debug_info    0x0000000000000000       0x21 ./Drivers/STM32L4xx_HAL_Driver/Src/stm32l4xx_ll_dac.o
 .debug_abbrev  0x0000000000000000       0x13 ./Drivers/STM32L4xx_HAL_Driver/Src/stm32l4xx_ll_dac.o
 .debug_aranges
                0x0000000000000000       0x18 ./Drivers/STM32L4xx_HAL_Driver/Src/stm32l4xx_ll_dac.o
 .debug_macro   0x0000000000000000       0x11 ./Drivers/STM32L4xx_HAL_Driver/Src/stm32l4xx_ll_dac.o
 .debug_macro   0x0000000000000000      0xa8a ./Drivers/STM32L4xx_HAL_Driver/Src/stm32l4xx_ll_dac.o
 .debug_line    0x0000000000000000       0x57 ./Drivers/STM32L4xx_HAL_Driver/Src/stm32l4xx_ll_dac.o
 .debug_str     0x0000000000000000     0x2d2c ./Drivers/STM32L4xx_HAL_Driver/Src/stm32l4xx_ll_dac.o
 .comment       0x0000000000000000       0x51 ./Drivers/STM32L4xx_HAL_Driver/Src/stm32l4xx_ll_dac.o
 .ARM.attributes
                0x0000000000000000       0x34 ./Drivers/STM32L4xx_HAL_Driver/Src/stm32l4xx_ll_dac.o
 .group         0x0000000000000000        0xc ./Drivers/STM32L4xx_HAL_Driver/Src/stm32l4xx_ll_dma.o
 .text          0x0000000000000000        0x0 ./Drivers/STM32L4xx_HAL_Driver/Src/stm32l4xx_ll_dma.o
 .data          0x0000000000000000        0x0 ./Drivers/STM32L4xx_HAL_Driver/Src/stm32l4xx_ll_dma.o
 .bss           0x0000000000000000        0x0 ./Drivers/STM32L4xx_HAL_Driver/Src/stm32l4xx_ll_dma.o
 .debug_info    0x0000000000000000       0x21 ./Drivers/STM32L4xx_HAL_Driver/Src/stm32l4xx_ll_dma.o
 .debug_abbrev  0x0000000000000000       0x13 ./Drivers/STM32L4xx_HAL_Driver/Src/stm32l4xx_ll_dma.o
 .debug_aranges
                0x0000000000000000       0x18 ./Drivers/STM32L4xx_HAL_Driver/Src/stm32l4xx_ll_dma.o
 .debug_macro   0x0000000000000000       0x11 ./Drivers/STM32L4xx_HAL_Driver/Src/stm32l4xx_ll_dma.o
 .debug_macro   0x0000000000000000      0xa8a ./Drivers/STM32L4xx_HAL_Driver/Src/stm32l4xx_ll_dma.o
 .debug_line    0x0000000000000000       0x57 ./Drivers/STM32L4xx_HAL_Driver/Src/stm32l4xx_ll_dma.o
 .debug_str     0x0000000000000000     0x2d2c ./Drivers/STM32L4xx_HAL_Driver/Src/stm32l4xx_ll_dma.o
 .comment       0x0000000000000000       0x51 ./Drivers/STM32L4xx_HAL_Driver/Src/stm32l4xx_ll_dma.o
 .ARM.attributes
                0x0000000000000000       0x34 ./Drivers/STM32L4xx_HAL_Driver/Src/stm32l4xx_ll_dma.o
 .group         0x0000000000000000        0xc ./Drivers/STM32L4xx_HAL_Driver/Src/stm32l4xx_ll_dma2d.o
 .text          0x0000000000000000        0x0 ./Drivers/STM32L4xx_HAL_Driver/Src/stm32l4xx_ll_dma2d.o
 .data          0x0000000000000000        0x0 ./Drivers/STM32L4xx_HAL_Driver/Src/stm32l4xx_ll_dma2d.o
 .bss           0x0000000000000000        0x0 ./Drivers/STM32L4xx_HAL_Driver/Src/stm32l4xx_ll_dma2d.o
 .debug_info    0x0000000000000000       0x21 ./Drivers/STM32L4xx_HAL_Driver/Src/stm32l4xx_ll_dma2d.o
 .debug_abbrev  0x0000000000000000       0x13 ./Drivers/STM32L4xx_HAL_Driver/Src/stm32l4xx_ll_dma2d.o
 .debug_aranges
                0x0000000000000000       0x18 ./Drivers/STM32L4xx_HAL_Driver/Src/stm32l4xx_ll_dma2d.o
 .debug_macro   0x0000000000000000       0x11 ./Drivers/STM32L4xx_HAL_Driver/Src/stm32l4xx_ll_dma2d.o
 .debug_macro   0x0000000000000000      0xa8a ./Drivers/STM32L4xx_HAL_Driver/Src/stm32l4xx_ll_dma2d.o
 .debug_line    0x0000000000000000       0x59 ./Drivers/STM32L4xx_HAL_Driver/Src/stm32l4xx_ll_dma2d.o
 .debug_str     0x0000000000000000     0x2d2e ./Drivers/STM32L4xx_HAL_Driver/Src/stm32l4xx_ll_dma2d.o
 .comment       0x0000000000000000       0x51 ./Drivers/STM32L4xx_HAL_Driver/Src/stm32l4xx_ll_dma2d.o
 .ARM.attributes
                0x0000000000000000       0x34 ./Drivers/STM32L4xx_HAL_Driver/Src/stm32l4xx_ll_dma2d.o
 .group         0x0000000000000000        0xc ./Drivers/STM32L4xx_HAL_Driver/Src/stm32l4xx_ll_exti.o
 .text          0x0000000000000000        0x0 ./Drivers/STM32L4xx_HAL_Driver/Src/stm32l4xx_ll_exti.o
 .data          0x0000000000000000        0x0 ./Drivers/STM32L4xx_HAL_Driver/Src/stm32l4xx_ll_exti.o
 .bss           0x0000000000000000        0x0 ./Drivers/STM32L4xx_HAL_Driver/Src/stm32l4xx_ll_exti.o
 .debug_info    0x0000000000000000       0x21 ./Drivers/STM32L4xx_HAL_Driver/Src/stm32l4xx_ll_exti.o
 .debug_abbrev  0x0000000000000000       0x13 ./Drivers/STM32L4xx_HAL_Driver/Src/stm32l4xx_ll_exti.o
 .debug_aranges
                0x0000000000000000       0x18 ./Drivers/STM32L4xx_HAL_Driver/Src/stm32l4xx_ll_exti.o
 .debug_macro   0x0000000000000000       0x11 ./Drivers/STM32L4xx_HAL_Driver/Src/stm32l4xx_ll_exti.o
 .debug_macro   0x0000000000000000      0xa8a ./Drivers/STM32L4xx_HAL_Driver/Src/stm32l4xx_ll_exti.o
 .debug_line    0x0000000000000000       0x58 ./Drivers/STM32L4xx_HAL_Driver/Src/stm32l4xx_ll_exti.o
 .debug_str     0x0000000000000000     0x2d2d ./Drivers/STM32L4xx_HAL_Driver/Src/stm32l4xx_ll_exti.o
 .comment       0x0000000000000000       0x51 ./Drivers/STM32L4xx_HAL_Driver/Src/stm32l4xx_ll_exti.o
 .ARM.attributes
                0x0000000000000000       0x34 ./Drivers/STM32L4xx_HAL_Driver/Src/stm32l4xx_ll_exti.o
 .group         0x0000000000000000        0xc ./Drivers/STM32L4xx_HAL_Driver/Src/stm32l4xx_ll_gpio.o
 .text          0x0000000000000000        0x0 ./Drivers/STM32L4xx_HAL_Driver/Src/stm32l4xx_ll_gpio.o
 .data          0x0000000000000000        0x0 ./Drivers/STM32L4xx_HAL_Driver/Src/stm32l4xx_ll_gpio.o
 .bss           0x0000000000000000        0x0 ./Drivers/STM32L4xx_HAL_Driver/Src/stm32l4xx_ll_gpio.o
 .debug_info    0x0000000000000000       0x21 ./Drivers/STM32L4xx_HAL_Driver/Src/stm32l4xx_ll_gpio.o
 .debug_abbrev  0x0000000000000000       0x13 ./Drivers/STM32L4xx_HAL_Driver/Src/stm32l4xx_ll_gpio.o
 .debug_aranges
                0x0000000000000000       0x18 ./Drivers/STM32L4xx_HAL_Driver/Src/stm32l4xx_ll_gpio.o
 .debug_macro   0x0000000000000000       0x11 ./Drivers/STM32L4xx_HAL_Driver/Src/stm32l4xx_ll_gpio.o
 .debug_macro   0x0000000000000000      0xa8a ./Drivers/STM32L4xx_HAL_Driver/Src/stm32l4xx_ll_gpio.o
 .debug_line    0x0000000000000000       0x58 ./Drivers/STM32L4xx_HAL_Driver/Src/stm32l4xx_ll_gpio.o
 .debug_str     0x0000000000000000     0x2d2d ./Drivers/STM32L4xx_HAL_Driver/Src/stm32l4xx_ll_gpio.o
 .comment       0x0000000000000000       0x51 ./Drivers/STM32L4xx_HAL_Driver/Src/stm32l4xx_ll_gpio.o
 .ARM.attributes
                0x0000000000000000       0x34 ./Drivers/STM32L4xx_HAL_Driver/Src/stm32l4xx_ll_gpio.o
 .group         0x0000000000000000        0xc ./Drivers/STM32L4xx_HAL_Driver/Src/stm32l4xx_ll_i2c.o
 .text          0x0000000000000000        0x0 ./Drivers/STM32L4xx_HAL_Driver/Src/stm32l4xx_ll_i2c.o
 .data          0x0000000000000000        0x0 ./Drivers/STM32L4xx_HAL_Driver/Src/stm32l4xx_ll_i2c.o
 .bss           0x0000000000000000        0x0 ./Drivers/STM32L4xx_HAL_Driver/Src/stm32l4xx_ll_i2c.o
 .debug_info    0x0000000000000000       0x21 ./Drivers/STM32L4xx_HAL_Driver/Src/stm32l4xx_ll_i2c.o
 .debug_abbrev  0x0000000000000000       0x13 ./Drivers/STM32L4xx_HAL_Driver/Src/stm32l4xx_ll_i2c.o
 .debug_aranges
                0x0000000000000000       0x18 ./Drivers/STM32L4xx_HAL_Driver/Src/stm32l4xx_ll_i2c.o
 .debug_macro   0x0000000000000000       0x11 ./Drivers/STM32L4xx_HAL_Driver/Src/stm32l4xx_ll_i2c.o
 .debug_macro   0x0000000000000000      0xa8a ./Drivers/STM32L4xx_HAL_Driver/Src/stm32l4xx_ll_i2c.o
 .debug_line    0x0000000000000000       0x57 ./Drivers/STM32L4xx_HAL_Driver/Src/stm32l4xx_ll_i2c.o
 .debug_str     0x0000000000000000     0x2d2c ./Drivers/STM32L4xx_HAL_Driver/Src/stm32l4xx_ll_i2c.o
 .comment       0x0000000000000000       0x51 ./Drivers/STM32L4xx_HAL_Driver/Src/stm32l4xx_ll_i2c.o
 .ARM.attributes
                0x0000000000000000       0x34 ./Drivers/STM32L4xx_HAL_Driver/Src/stm32l4xx_ll_i2c.o
 .group         0x0000000000000000        0xc ./Drivers/STM32L4xx_HAL_Driver/Src/stm32l4xx_ll_lptim.o
 .text          0x0000000000000000        0x0 ./Drivers/STM32L4xx_HAL_Driver/Src/stm32l4xx_ll_lptim.o
 .data          0x0000000000000000        0x0 ./Drivers/STM32L4xx_HAL_Driver/Src/stm32l4xx_ll_lptim.o
 .bss           0x0000000000000000        0x0 ./Drivers/STM32L4xx_HAL_Driver/Src/stm32l4xx_ll_lptim.o
 .debug_info    0x0000000000000000       0x21 ./Drivers/STM32L4xx_HAL_Driver/Src/stm32l4xx_ll_lptim.o
 .debug_abbrev  0x0000000000000000       0x13 ./Drivers/STM32L4xx_HAL_Driver/Src/stm32l4xx_ll_lptim.o
 .debug_aranges
                0x0000000000000000       0x18 ./Drivers/STM32L4xx_HAL_Driver/Src/stm32l4xx_ll_lptim.o
 .debug_macro   0x0000000000000000       0x11 ./Drivers/STM32L4xx_HAL_Driver/Src/stm32l4xx_ll_lptim.o
 .debug_macro   0x0000000000000000      0xa8a ./Drivers/STM32L4xx_HAL_Driver/Src/stm32l4xx_ll_lptim.o
 .debug_line    0x0000000000000000       0x59 ./Drivers/STM32L4xx_HAL_Driver/Src/stm32l4xx_ll_lptim.o
 .debug_str     0x0000000000000000     0x2d2e ./Drivers/STM32L4xx_HAL_Driver/Src/stm32l4xx_ll_lptim.o
 .comment       0x0000000000000000       0x51 ./Drivers/STM32L4xx_HAL_Driver/Src/stm32l4xx_ll_lptim.o
 .ARM.attributes
                0x0000000000000000       0x34 ./Drivers/STM32L4xx_HAL_Driver/Src/stm32l4xx_ll_lptim.o
 .group         0x0000000000000000        0xc ./Drivers/STM32L4xx_HAL_Driver/Src/stm32l4xx_ll_lpuart.o
 .text          0x0000000000000000        0x0 ./Drivers/STM32L4xx_HAL_Driver/Src/stm32l4xx_ll_lpuart.o
 .data          0x0000000000000000        0x0 ./Drivers/STM32L4xx_HAL_Driver/Src/stm32l4xx_ll_lpuart.o
 .bss           0x0000000000000000        0x0 ./Drivers/STM32L4xx_HAL_Driver/Src/stm32l4xx_ll_lpuart.o
 .debug_info    0x0000000000000000       0x21 ./Drivers/STM32L4xx_HAL_Driver/Src/stm32l4xx_ll_lpuart.o
 .debug_abbrev  0x0000000000000000       0x13 ./Drivers/STM32L4xx_HAL_Driver/Src/stm32l4xx_ll_lpuart.o
 .debug_aranges
                0x0000000000000000       0x18 ./Drivers/STM32L4xx_HAL_Driver/Src/stm32l4xx_ll_lpuart.o
 .debug_macro   0x0000000000000000       0x11 ./Drivers/STM32L4xx_HAL_Driver/Src/stm32l4xx_ll_lpuart.o
 .debug_macro   0x0000000000000000      0xa8a ./Drivers/STM32L4xx_HAL_Driver/Src/stm32l4xx_ll_lpuart.o
 .debug_line    0x0000000000000000       0x5a ./Drivers/STM32L4xx_HAL_Driver/Src/stm32l4xx_ll_lpuart.o
 .debug_str     0x0000000000000000     0x2d2f ./Drivers/STM32L4xx_HAL_Driver/Src/stm32l4xx_ll_lpuart.o
 .comment       0x0000000000000000       0x51 ./Drivers/STM32L4xx_HAL_Driver/Src/stm32l4xx_ll_lpuart.o
 .ARM.attributes
                0x0000000000000000       0x34 ./Drivers/STM32L4xx_HAL_Driver/Src/stm32l4xx_ll_lpuart.o
 .group         0x0000000000000000        0xc ./Drivers/STM32L4xx_HAL_Driver/Src/stm32l4xx_ll_opamp.o
 .text          0x0000000000000000        0x0 ./Drivers/STM32L4xx_HAL_Driver/Src/stm32l4xx_ll_opamp.o
 .data          0x0000000000000000        0x0 ./Drivers/STM32L4xx_HAL_Driver/Src/stm32l4xx_ll_opamp.o
 .bss           0x0000000000000000        0x0 ./Drivers/STM32L4xx_HAL_Driver/Src/stm32l4xx_ll_opamp.o
 .debug_info    0x0000000000000000       0x21 ./Drivers/STM32L4xx_HAL_Driver/Src/stm32l4xx_ll_opamp.o
 .debug_abbrev  0x0000000000000000       0x13 ./Drivers/STM32L4xx_HAL_Driver/Src/stm32l4xx_ll_opamp.o
 .debug_aranges
                0x0000000000000000       0x18 ./Drivers/STM32L4xx_HAL_Driver/Src/stm32l4xx_ll_opamp.o
 .debug_macro   0x0000000000000000       0x11 ./Drivers/STM32L4xx_HAL_Driver/Src/stm32l4xx_ll_opamp.o
 .debug_macro   0x0000000000000000      0xa8a ./Drivers/STM32L4xx_HAL_Driver/Src/stm32l4xx_ll_opamp.o
 .debug_line    0x0000000000000000       0x59 ./Drivers/STM32L4xx_HAL_Driver/Src/stm32l4xx_ll_opamp.o
 .debug_str     0x0000000000000000     0x2d2e ./Drivers/STM32L4xx_HAL_Driver/Src/stm32l4xx_ll_opamp.o
 .comment       0x0000000000000000       0x51 ./Drivers/STM32L4xx_HAL_Driver/Src/stm32l4xx_ll_opamp.o
 .ARM.attributes
                0x0000000000000000       0x34 ./Drivers/STM32L4xx_HAL_Driver/Src/stm32l4xx_ll_opamp.o
 .group         0x0000000000000000        0xc ./Drivers/STM32L4xx_HAL_Driver/Src/stm32l4xx_ll_pka.o
 .text          0x0000000000000000        0x0 ./Drivers/STM32L4xx_HAL_Driver/Src/stm32l4xx_ll_pka.o
 .data          0x0000000000000000        0x0 ./Drivers/STM32L4xx_HAL_Driver/Src/stm32l4xx_ll_pka.o
 .bss           0x0000000000000000        0x0 ./Drivers/STM32L4xx_HAL_Driver/Src/stm32l4xx_ll_pka.o
 .debug_info    0x0000000000000000       0x21 ./Drivers/STM32L4xx_HAL_Driver/Src/stm32l4xx_ll_pka.o
 .debug_abbrev  0x0000000000000000       0x13 ./Drivers/STM32L4xx_HAL_Driver/Src/stm32l4xx_ll_pka.o
 .debug_aranges
                0x0000000000000000       0x18 ./Drivers/STM32L4xx_HAL_Driver/Src/stm32l4xx_ll_pka.o
 .debug_macro   0x0000000000000000       0x11 ./Drivers/STM32L4xx_HAL_Driver/Src/stm32l4xx_ll_pka.o
 .debug_macro   0x0000000000000000      0xa8a ./Drivers/STM32L4xx_HAL_Driver/Src/stm32l4xx_ll_pka.o
 .debug_line    0x0000000000000000       0x57 ./Drivers/STM32L4xx_HAL_Driver/Src/stm32l4xx_ll_pka.o
 .debug_str     0x0000000000000000     0x2d2c ./Drivers/STM32L4xx_HAL_Driver/Src/stm32l4xx_ll_pka.o
 .comment       0x0000000000000000       0x51 ./Drivers/STM32L4xx_HAL_Driver/Src/stm32l4xx_ll_pka.o
 .ARM.attributes
                0x0000000000000000       0x34 ./Drivers/STM32L4xx_HAL_Driver/Src/stm32l4xx_ll_pka.o
 .group         0x0000000000000000        0xc ./Drivers/STM32L4xx_HAL_Driver/Src/stm32l4xx_ll_pwr.o
 .text          0x0000000000000000        0x0 ./Drivers/STM32L4xx_HAL_Driver/Src/stm32l4xx_ll_pwr.o
 .data          0x0000000000000000        0x0 ./Drivers/STM32L4xx_HAL_Driver/Src/stm32l4xx_ll_pwr.o
 .bss           0x0000000000000000        0x0 ./Drivers/STM32L4xx_HAL_Driver/Src/stm32l4xx_ll_pwr.o
 .debug_info    0x0000000000000000       0x21 ./Drivers/STM32L4xx_HAL_Driver/Src/stm32l4xx_ll_pwr.o
 .debug_abbrev  0x0000000000000000       0x13 ./Drivers/STM32L4xx_HAL_Driver/Src/stm32l4xx_ll_pwr.o
 .debug_aranges
                0x0000000000000000       0x18 ./Drivers/STM32L4xx_HAL_Driver/Src/stm32l4xx_ll_pwr.o
 .debug_macro   0x0000000000000000       0x11 ./Drivers/STM32L4xx_HAL_Driver/Src/stm32l4xx_ll_pwr.o
 .debug_macro   0x0000000000000000      0xa8a ./Drivers/STM32L4xx_HAL_Driver/Src/stm32l4xx_ll_pwr.o
 .debug_line    0x0000000000000000       0x57 ./Drivers/STM32L4xx_HAL_Driver/Src/stm32l4xx_ll_pwr.o
 .debug_str     0x0000000000000000     0x2d2c ./Drivers/STM32L4xx_HAL_Driver/Src/stm32l4xx_ll_pwr.o
 .comment       0x0000000000000000       0x51 ./Drivers/STM32L4xx_HAL_Driver/Src/stm32l4xx_ll_pwr.o
 .ARM.attributes
                0x0000000000000000       0x34 ./Drivers/STM32L4xx_HAL_Driver/Src/stm32l4xx_ll_pwr.o
 .group         0x0000000000000000        0xc ./Drivers/STM32L4xx_HAL_Driver/Src/stm32l4xx_ll_rcc.o
 .text          0x0000000000000000        0x0 ./Drivers/STM32L4xx_HAL_Driver/Src/stm32l4xx_ll_rcc.o
 .data          0x0000000000000000        0x0 ./Drivers/STM32L4xx_HAL_Driver/Src/stm32l4xx_ll_rcc.o
 .bss           0x0000000000000000        0x0 ./Drivers/STM32L4xx_HAL_Driver/Src/stm32l4xx_ll_rcc.o
 .debug_info    0x0000000000000000       0x21 ./Drivers/STM32L4xx_HAL_Driver/Src/stm32l4xx_ll_rcc.o
 .debug_abbrev  0x0000000000000000       0x13 ./Drivers/STM32L4xx_HAL_Driver/Src/stm32l4xx_ll_rcc.o
 .debug_aranges
                0x0000000000000000       0x18 ./Drivers/STM32L4xx_HAL_Driver/Src/stm32l4xx_ll_rcc.o
 .debug_macro   0x0000000000000000       0x11 ./Drivers/STM32L4xx_HAL_Driver/Src/stm32l4xx_ll_rcc.o
 .debug_macro   0x0000000000000000      0xa8a ./Drivers/STM32L4xx_HAL_Driver/Src/stm32l4xx_ll_rcc.o
 .debug_line    0x0000000000000000       0x57 ./Drivers/STM32L4xx_HAL_Driver/Src/stm32l4xx_ll_rcc.o
 .debug_str     0x0000000000000000     0x2d2c ./Drivers/STM32L4xx_HAL_Driver/Src/stm32l4xx_ll_rcc.o
 .comment       0x0000000000000000       0x51 ./Drivers/STM32L4xx_HAL_Driver/Src/stm32l4xx_ll_rcc.o
 .ARM.attributes
                0x0000000000000000       0x34 ./Drivers/STM32L4xx_HAL_Driver/Src/stm32l4xx_ll_rcc.o
 .group         0x0000000000000000        0xc ./Drivers/STM32L4xx_HAL_Driver/Src/stm32l4xx_ll_rng.o
 .text          0x0000000000000000        0x0 ./Drivers/STM32L4xx_HAL_Driver/Src/stm32l4xx_ll_rng.o
 .data          0x0000000000000000        0x0 ./Drivers/STM32L4xx_HAL_Driver/Src/stm32l4xx_ll_rng.o
 .bss           0x0000000000000000        0x0 ./Drivers/STM32L4xx_HAL_Driver/Src/stm32l4xx_ll_rng.o
 .debug_info    0x0000000000000000       0x21 ./Drivers/STM32L4xx_HAL_Driver/Src/stm32l4xx_ll_rng.o
 .debug_abbrev  0x0000000000000000       0x13 ./Drivers/STM32L4xx_HAL_Driver/Src/stm32l4xx_ll_rng.o
 .debug_aranges
                0x0000000000000000       0x18 ./Drivers/STM32L4xx_HAL_Driver/Src/stm32l4xx_ll_rng.o
 .debug_macro   0x0000000000000000       0x11 ./Drivers/STM32L4xx_HAL_Driver/Src/stm32l4xx_ll_rng.o
 .debug_macro   0x0000000000000000      0xa8a ./Drivers/STM32L4xx_HAL_Driver/Src/stm32l4xx_ll_rng.o
 .debug_line    0x0000000000000000       0x57 ./Drivers/STM32L4xx_HAL_Driver/Src/stm32l4xx_ll_rng.o
 .debug_str     0x0000000000000000     0x2d2c ./Drivers/STM32L4xx_HAL_Driver/Src/stm32l4xx_ll_rng.o
 .comment       0x0000000000000000       0x51 ./Drivers/STM32L4xx_HAL_Driver/Src/stm32l4xx_ll_rng.o
 .ARM.attributes
                0x0000000000000000       0x34 ./Drivers/STM32L4xx_HAL_Driver/Src/stm32l4xx_ll_rng.o
 .group         0x0000000000000000        0xc ./Drivers/STM32L4xx_HAL_Driver/Src/stm32l4xx_ll_rtc.o
 .text          0x0000000000000000        0x0 ./Drivers/STM32L4xx_HAL_Driver/Src/stm32l4xx_ll_rtc.o
 .data          0x0000000000000000        0x0 ./Drivers/STM32L4xx_HAL_Driver/Src/stm32l4xx_ll_rtc.o
 .bss           0x0000000000000000        0x0 ./Drivers/STM32L4xx_HAL_Driver/Src/stm32l4xx_ll_rtc.o
 .debug_info    0x0000000000000000       0x21 ./Drivers/STM32L4xx_HAL_Driver/Src/stm32l4xx_ll_rtc.o
 .debug_abbrev  0x0000000000000000       0x13 ./Drivers/STM32L4xx_HAL_Driver/Src/stm32l4xx_ll_rtc.o
 .debug_aranges
                0x0000000000000000       0x18 ./Drivers/STM32L4xx_HAL_Driver/Src/stm32l4xx_ll_rtc.o
 .debug_macro   0x0000000000000000       0x11 ./Drivers/STM32L4xx_HAL_Driver/Src/stm32l4xx_ll_rtc.o
 .debug_macro   0x0000000000000000      0xa8a ./Drivers/STM32L4xx_HAL_Driver/Src/stm32l4xx_ll_rtc.o
 .debug_line    0x0000000000000000       0x57 ./Drivers/STM32L4xx_HAL_Driver/Src/stm32l4xx_ll_rtc.o
 .debug_str     0x0000000000000000     0x2d2c ./Drivers/STM32L4xx_HAL_Driver/Src/stm32l4xx_ll_rtc.o
 .comment       0x0000000000000000       0x51 ./Drivers/STM32L4xx_HAL_Driver/Src/stm32l4xx_ll_rtc.o
 .ARM.attributes
                0x0000000000000000       0x34 ./Drivers/STM32L4xx_HAL_Driver/Src/stm32l4xx_ll_rtc.o
 .group         0x0000000000000000        0xc ./Drivers/STM32L4xx_HAL_Driver/Src/stm32l4xx_ll_spi.o
 .text          0x0000000000000000        0x0 ./Drivers/STM32L4xx_HAL_Driver/Src/stm32l4xx_ll_spi.o
 .data          0x0000000000000000        0x0 ./Drivers/STM32L4xx_HAL_Driver/Src/stm32l4xx_ll_spi.o
 .bss           0x0000000000000000        0x0 ./Drivers/STM32L4xx_HAL_Driver/Src/stm32l4xx_ll_spi.o
 .debug_info    0x0000000000000000       0x21 ./Drivers/STM32L4xx_HAL_Driver/Src/stm32l4xx_ll_spi.o
 .debug_abbrev  0x0000000000000000       0x13 ./Drivers/STM32L4xx_HAL_Driver/Src/stm32l4xx_ll_spi.o
 .debug_aranges
                0x0000000000000000       0x18 ./Drivers/STM32L4xx_HAL_Driver/Src/stm32l4xx_ll_spi.o
 .debug_macro   0x0000000000000000       0x11 ./Drivers/STM32L4xx_HAL_Driver/Src/stm32l4xx_ll_spi.o
 .debug_macro   0x0000000000000000      0xa8a ./Drivers/STM32L4xx_HAL_Driver/Src/stm32l4xx_ll_spi.o
 .debug_line    0x0000000000000000       0x57 ./Drivers/STM32L4xx_HAL_Driver/Src/stm32l4xx_ll_spi.o
 .debug_str     0x0000000000000000     0x2d2c ./Drivers/STM32L4xx_HAL_Driver/Src/stm32l4xx_ll_spi.o
 .comment       0x0000000000000000       0x51 ./Drivers/STM32L4xx_HAL_Driver/Src/stm32l4xx_ll_spi.o
 .ARM.attributes
                0x0000000000000000       0x34 ./Drivers/STM32L4xx_HAL_Driver/Src/stm32l4xx_ll_spi.o
 .group         0x0000000000000000        0xc ./Drivers/STM32L4xx_HAL_Driver/Src/stm32l4xx_ll_swpmi.o
 .text          0x0000000000000000        0x0 ./Drivers/STM32L4xx_HAL_Driver/Src/stm32l4xx_ll_swpmi.o
 .data          0x0000000000000000        0x0 ./Drivers/STM32L4xx_HAL_Driver/Src/stm32l4xx_ll_swpmi.o
 .bss           0x0000000000000000        0x0 ./Drivers/STM32L4xx_HAL_Driver/Src/stm32l4xx_ll_swpmi.o
 .debug_info    0x0000000000000000       0x21 ./Drivers/STM32L4xx_HAL_Driver/Src/stm32l4xx_ll_swpmi.o
 .debug_abbrev  0x0000000000000000       0x13 ./Drivers/STM32L4xx_HAL_Driver/Src/stm32l4xx_ll_swpmi.o
 .debug_aranges
                0x0000000000000000       0x18 ./Drivers/STM32L4xx_HAL_Driver/Src/stm32l4xx_ll_swpmi.o
 .debug_macro   0x0000000000000000       0x11 ./Drivers/STM32L4xx_HAL_Driver/Src/stm32l4xx_ll_swpmi.o
 .debug_macro   0x0000000000000000      0xa8a ./Drivers/STM32L4xx_HAL_Driver/Src/stm32l4xx_ll_swpmi.o
 .debug_line    0x0000000000000000       0x59 ./Drivers/STM32L4xx_HAL_Driver/Src/stm32l4xx_ll_swpmi.o
 .debug_str     0x0000000000000000     0x2d2e ./Drivers/STM32L4xx_HAL_Driver/Src/stm32l4xx_ll_swpmi.o
 .comment       0x0000000000000000       0x51 ./Drivers/STM32L4xx_HAL_Driver/Src/stm32l4xx_ll_swpmi.o
 .ARM.attributes
                0x0000000000000000       0x34 ./Drivers/STM32L4xx_HAL_Driver/Src/stm32l4xx_ll_swpmi.o
 .group         0x0000000000000000        0xc ./Drivers/STM32L4xx_HAL_Driver/Src/stm32l4xx_ll_tim.o
 .text          0x0000000000000000        0x0 ./Drivers/STM32L4xx_HAL_Driver/Src/stm32l4xx_ll_tim.o
 .data          0x0000000000000000        0x0 ./Drivers/STM32L4xx_HAL_Driver/Src/stm32l4xx_ll_tim.o
 .bss           0x0000000000000000        0x0 ./Drivers/STM32L4xx_HAL_Driver/Src/stm32l4xx_ll_tim.o
 .debug_info    0x0000000000000000       0x21 ./Drivers/STM32L4xx_HAL_Driver/Src/stm32l4xx_ll_tim.o
 .debug_abbrev  0x0000000000000000       0x13 ./Drivers/STM32L4xx_HAL_Driver/Src/stm32l4xx_ll_tim.o
 .debug_aranges
                0x0000000000000000       0x18 ./Drivers/STM32L4xx_HAL_Driver/Src/stm32l4xx_ll_tim.o
 .debug_macro   0x0000000000000000       0x11 ./Drivers/STM32L4xx_HAL_Driver/Src/stm32l4xx_ll_tim.o
 .debug_macro   0x0000000000000000      0xa8a ./Drivers/STM32L4xx_HAL_Driver/Src/stm32l4xx_ll_tim.o
 .debug_line    0x0000000000000000       0x57 ./Drivers/STM32L4xx_HAL_Driver/Src/stm32l4xx_ll_tim.o
 .debug_str     0x0000000000000000     0x2d2c ./Drivers/STM32L4xx_HAL_Driver/Src/stm32l4xx_ll_tim.o
 .comment       0x0000000000000000       0x51 ./Drivers/STM32L4xx_HAL_Driver/Src/stm32l4xx_ll_tim.o
 .ARM.attributes
                0x0000000000000000       0x34 ./Drivers/STM32L4xx_HAL_Driver/Src/stm32l4xx_ll_tim.o
 .group         0x0000000000000000        0xc ./Drivers/STM32L4xx_HAL_Driver/Src/stm32l4xx_ll_usart.o
 .text          0x0000000000000000        0x0 ./Drivers/STM32L4xx_HAL_Driver/Src/stm32l4xx_ll_usart.o
 .data          0x0000000000000000        0x0 ./Drivers/STM32L4xx_HAL_Driver/Src/stm32l4xx_ll_usart.o
 .bss           0x0000000000000000        0x0 ./Drivers/STM32L4xx_HAL_Driver/Src/stm32l4xx_ll_usart.o
 .debug_info    0x0000000000000000       0x21 ./Drivers/STM32L4xx_HAL_Driver/Src/stm32l4xx_ll_usart.o
 .debug_abbrev  0x0000000000000000       0x13 ./Drivers/STM32L4xx_HAL_Driver/Src/stm32l4xx_ll_usart.o
 .debug_aranges
                0x0000000000000000       0x18 ./Drivers/STM32L4xx_HAL_Driver/Src/stm32l4xx_ll_usart.o
 .debug_macro   0x0000000000000000       0x11 ./Drivers/STM32L4xx_HAL_Driver/Src/stm32l4xx_ll_usart.o
 .debug_macro   0x0000000000000000      0xa8a ./Drivers/STM32L4xx_HAL_Driver/Src/stm32l4xx_ll_usart.o
 .debug_line    0x0000000000000000       0x59 ./Drivers/STM32L4xx_HAL_Driver/Src/stm32l4xx_ll_usart.o
 .debug_str     0x0000000000000000     0x2d2e ./Drivers/STM32L4xx_HAL_Driver/Src/stm32l4xx_ll_usart.o
 .comment       0x0000000000000000       0x51 ./Drivers/STM32L4xx_HAL_Driver/Src/stm32l4xx_ll_usart.o
 .ARM.attributes
                0x0000000000000000       0x34 ./Drivers/STM32L4xx_HAL_Driver/Src/stm32l4xx_ll_usart.o
 .group         0x0000000000000000        0xc ./Drivers/STM32L4xx_HAL_Driver/Src/stm32l4xx_ll_utils.o
 .group         0x0000000000000000        0xc ./Drivers/STM32L4xx_HAL_Driver/Src/stm32l4xx_ll_utils.o
 .group         0x0000000000000000        0xc ./Drivers/STM32L4xx_HAL_Driver/Src/stm32l4xx_ll_utils.o
 .group         0x0000000000000000        0xc ./Drivers/STM32L4xx_HAL_Driver/Src/stm32l4xx_ll_utils.o
 .group         0x0000000000000000        0xc ./Drivers/STM32L4xx_HAL_Driver/Src/stm32l4xx_ll_utils.o
 .group         0x0000000000000000        0xc ./Drivers/STM32L4xx_HAL_Driver/Src/stm32l4xx_ll_utils.o
 .group         0x0000000000000000        0xc ./Drivers/STM32L4xx_HAL_Driver/Src/stm32l4xx_ll_utils.o
 .group         0x0000000000000000        0xc ./Drivers/STM32L4xx_HAL_Driver/Src/stm32l4xx_ll_utils.o
 .group         0x0000000000000000        0xc ./Drivers/STM32L4xx_HAL_Driver/Src/stm32l4xx_ll_utils.o
 .group         0x0000000000000000        0xc ./Drivers/STM32L4xx_HAL_Driver/Src/stm32l4xx_ll_utils.o
 .group         0x0000000000000000        0xc ./Drivers/STM32L4xx_HAL_Driver/Src/stm32l4xx_ll_utils.o
 .group         0x0000000000000000        0xc ./Drivers/STM32L4xx_HAL_Driver/Src/stm32l4xx_ll_utils.o
 .group         0x0000000000000000        0xc ./Drivers/STM32L4xx_HAL_Driver/Src/stm32l4xx_ll_utils.o
 .group         0x0000000000000000        0xc ./Drivers/STM32L4xx_HAL_Driver/Src/stm32l4xx_ll_utils.o
 .group         0x0000000000000000        0xc ./Drivers/STM32L4xx_HAL_Driver/Src/stm32l4xx_ll_utils.o
 .group         0x0000000000000000        0xc ./Drivers/STM32L4xx_HAL_Driver/Src/stm32l4xx_ll_utils.o
 .group         0x0000000000000000        0xc ./Drivers/STM32L4xx_HAL_Driver/Src/stm32l4xx_ll_utils.o
 .group         0x0000000000000000        0xc ./Drivers/STM32L4xx_HAL_Driver/Src/stm32l4xx_ll_utils.o
 .group         0x0000000000000000        0xc ./Drivers/STM32L4xx_HAL_Driver/Src/stm32l4xx_ll_utils.o
 .group         0x0000000000000000        0xc ./Drivers/STM32L4xx_HAL_Driver/Src/stm32l4xx_ll_utils.o
 .text          0x0000000000000000        0x0 ./Drivers/STM32L4xx_HAL_Driver/Src/stm32l4xx_ll_utils.o
 .data          0x0000000000000000        0x0 ./Drivers/STM32L4xx_HAL_Driver/Src/stm32l4xx_ll_utils.o
 .bss           0x0000000000000000        0x0 ./Drivers/STM32L4xx_HAL_Driver/Src/stm32l4xx_ll_utils.o
 .text.LL_RCC_HSE_EnableBypass
                0x0000000000000000       0x20 ./Drivers/STM32L4xx_HAL_Driver/Src/stm32l4xx_ll_utils.o
 .text.LL_RCC_HSE_DisableBypass
                0x0000000000000000       0x20 ./Drivers/STM32L4xx_HAL_Driver/Src/stm32l4xx_ll_utils.o
 .text.LL_RCC_HSE_Enable
                0x0000000000000000       0x20 ./Drivers/STM32L4xx_HAL_Driver/Src/stm32l4xx_ll_utils.o
 .text.LL_RCC_HSE_IsReady
                0x0000000000000000       0x28 ./Drivers/STM32L4xx_HAL_Driver/Src/stm32l4xx_ll_utils.o
 .text.LL_RCC_HSI_Enable
                0x0000000000000000       0x20 ./Drivers/STM32L4xx_HAL_Driver/Src/stm32l4xx_ll_utils.o
 .text.LL_RCC_HSI_IsReady
                0x0000000000000000       0x28 ./Drivers/STM32L4xx_HAL_Driver/Src/stm32l4xx_ll_utils.o
 .text.LL_RCC_MSI_Enable
                0x0000000000000000       0x20 ./Drivers/STM32L4xx_HAL_Driver/Src/stm32l4xx_ll_utils.o
 .text.LL_RCC_MSI_IsReady
                0x0000000000000000       0x24 ./Drivers/STM32L4xx_HAL_Driver/Src/stm32l4xx_ll_utils.o
 .text.LL_RCC_MSI_IsEnabledRangeSelect
                0x0000000000000000       0x24 ./Drivers/STM32L4xx_HAL_Driver/Src/stm32l4xx_ll_utils.o
 .text.LL_RCC_MSI_GetRange
                0x0000000000000000       0x1c ./Drivers/STM32L4xx_HAL_Driver/Src/stm32l4xx_ll_utils.o
 .text.LL_RCC_MSI_GetRangeAfterStandby
                0x0000000000000000       0x1c ./Drivers/STM32L4xx_HAL_Driver/Src/stm32l4xx_ll_utils.o
 .text.LL_RCC_SetSysClkSource
                0x0000000000000000       0x28 ./Drivers/STM32L4xx_HAL_Driver/Src/stm32l4xx_ll_utils.o
 .text.LL_RCC_GetSysClkSource
                0x0000000000000000       0x1c ./Drivers/STM32L4xx_HAL_Driver/Src/stm32l4xx_ll_utils.o
 .text.LL_RCC_SetAHBPrescaler
                0x0000000000000000       0x28 ./Drivers/STM32L4xx_HAL_Driver/Src/stm32l4xx_ll_utils.o
 .text.LL_RCC_SetAPB1Prescaler
                0x0000000000000000       0x28 ./Drivers/STM32L4xx_HAL_Driver/Src/stm32l4xx_ll_utils.o
 .text.LL_RCC_SetAPB2Prescaler
                0x0000000000000000       0x28 ./Drivers/STM32L4xx_HAL_Driver/Src/stm32l4xx_ll_utils.o
 .text.LL_RCC_PLL_Enable
                0x0000000000000000       0x20 ./Drivers/STM32L4xx_HAL_Driver/Src/stm32l4xx_ll_utils.o
 .text.LL_RCC_PLL_IsReady
                0x0000000000000000       0x28 ./Drivers/STM32L4xx_HAL_Driver/Src/stm32l4xx_ll_utils.o
 .text.LL_RCC_PLL_ConfigDomain_SYS
                0x0000000000000000       0x40 ./Drivers/STM32L4xx_HAL_Driver/Src/stm32l4xx_ll_utils.o
 .text.LL_RCC_PLL_EnableDomain_SYS
                0x0000000000000000       0x20 ./Drivers/STM32L4xx_HAL_Driver/Src/stm32l4xx_ll_utils.o
 .text.LL_RCC_PLLSAI1_IsReady
                0x0000000000000000       0x28 ./Drivers/STM32L4xx_HAL_Driver/Src/stm32l4xx_ll_utils.o
 .text.LL_RCC_PLLSAI2_IsReady
                0x0000000000000000       0x28 ./Drivers/STM32L4xx_HAL_Driver/Src/stm32l4xx_ll_utils.o
 .text.LL_FLASH_SetLatency
                0x0000000000000000       0x28 ./Drivers/STM32L4xx_HAL_Driver/Src/stm32l4xx_ll_utils.o
 .text.LL_FLASH_GetLatency
                0x0000000000000000       0x1c ./Drivers/STM32L4xx_HAL_Driver/Src/stm32l4xx_ll_utils.o
 .text.LL_PWR_GetRegulVoltageScaling
                0x0000000000000000       0x1c ./Drivers/STM32L4xx_HAL_Driver/Src/stm32l4xx_ll_utils.o
 .text.LL_mDelay
                0x0000000000000000       0x50 ./Drivers/STM32L4xx_HAL_Driver/Src/stm32l4xx_ll_utils.o
 .text.LL_SetSystemCoreClock
                0x0000000000000000       0x20 ./Drivers/STM32L4xx_HAL_Driver/Src/stm32l4xx_ll_utils.o
 .text.LL_SetFlashLatency
                0x0000000000000000       0xe4 ./Drivers/STM32L4xx_HAL_Driver/Src/stm32l4xx_ll_utils.o
 .text.LL_PLL_ConfigSystemClock_MSI
                0x0000000000000000      0x108 ./Drivers/STM32L4xx_HAL_Driver/Src/stm32l4xx_ll_utils.o
 .text.LL_PLL_ConfigSystemClock_HSI
                0x0000000000000000       0x6c ./Drivers/STM32L4xx_HAL_Driver/Src/stm32l4xx_ll_utils.o
 .text.LL_PLL_ConfigSystemClock_HSE
                0x0000000000000000       0x7a ./Drivers/STM32L4xx_HAL_Driver/Src/stm32l4xx_ll_utils.o
 .text.UTILS_GetPLLOutputFrequency
                0x0000000000000000       0x4a ./Drivers/STM32L4xx_HAL_Driver/Src/stm32l4xx_ll_utils.o
 .text.UTILS_PLL_IsBusy
                0x0000000000000000       0x3e ./Drivers/STM32L4xx_HAL_Driver/Src/stm32l4xx_ll_utils.o
 .text.UTILS_EnablePLLAndSwitchSystem
                0x0000000000000000       0xb4 ./Drivers/STM32L4xx_HAL_Driver/Src/stm32l4xx_ll_utils.o
 .debug_macro   0x0000000000000000      0xa8a ./Drivers/STM32L4xx_HAL_Driver/Src/stm32l4xx_ll_utils.o
 .debug_macro   0x0000000000000000       0x28 ./Drivers/STM32L4xx_HAL_Driver/Src/stm32l4xx_ll_utils.o
 .debug_macro   0x0000000000000000       0x28 ./Drivers/STM32L4xx_HAL_Driver/Src/stm32l4xx_ll_utils.o
 .debug_macro   0x0000000000000000       0x22 ./Drivers/STM32L4xx_HAL_Driver/Src/stm32l4xx_ll_utils.o
 .debug_macro   0x0000000000000000       0x8e ./Drivers/STM32L4xx_HAL_Driver/Src/stm32l4xx_ll_utils.o
 .debug_macro   0x0000000000000000       0x51 ./Drivers/STM32L4xx_HAL_Driver/Src/stm32l4xx_ll_utils.o
 .debug_macro   0x0000000000000000      0x103 ./Drivers/STM32L4xx_HAL_Driver/Src/stm32l4xx_ll_utils.o
 .debug_macro   0x0000000000000000       0x6a ./Drivers/STM32L4xx_HAL_Driver/Src/stm32l4xx_ll_utils.o
 .debug_macro   0x0000000000000000      0x1df ./Drivers/STM32L4xx_HAL_Driver/Src/stm32l4xx_ll_utils.o
 .debug_macro   0x0000000000000000       0x1c ./Drivers/STM32L4xx_HAL_Driver/Src/stm32l4xx_ll_utils.o
 .debug_macro   0x0000000000000000       0x22 ./Drivers/STM32L4xx_HAL_Driver/Src/stm32l4xx_ll_utils.o
 .debug_macro   0x0000000000000000       0xfb ./Drivers/STM32L4xx_HAL_Driver/Src/stm32l4xx_ll_utils.o
 .debug_macro   0x0000000000000000     0x1011 ./Drivers/STM32L4xx_HAL_Driver/Src/stm32l4xx_ll_utils.o
 .debug_macro   0x0000000000000000      0x11f ./Drivers/STM32L4xx_HAL_Driver/Src/stm32l4xx_ll_utils.o
 .debug_macro   0x0000000000000000    0x1a17a ./Drivers/STM32L4xx_HAL_Driver/Src/stm32l4xx_ll_utils.o
 .debug_macro   0x0000000000000000       0x6d ./Drivers/STM32L4xx_HAL_Driver/Src/stm32l4xx_ll_utils.o
 .text          0x0000000000000000       0x14 ./Startup/startup_stm32l476rgtx.o
 .data          0x0000000000000000        0x0 ./Startup/startup_stm32l476rgtx.o
 .bss           0x0000000000000000        0x0 ./Startup/startup_stm32l476rgtx.o
 .text          0x0000000000000000        0x0 /opt/st/stm32cubeide_1.12.0/plugins/com.st.stm32cube.ide.mcu.externaltools.gnu-tools-for-stm32.10.3-2021.10.linux64_1.0.200.202301161003/tools/bin/../lib/gcc/arm-none-eabi/10.3.1/../../../../arm-none-eabi/lib/thumb/v7e-m+fp/hard/libc_nano.a(lib_a-exit.o)
 .data          0x0000000000000000        0x0 /opt/st/stm32cubeide_1.12.0/plugins/com.st.stm32cube.ide.mcu.externaltools.gnu-tools-for-stm32.10.3-2021.10.linux64_1.0.200.202301161003/tools/bin/../lib/gcc/arm-none-eabi/10.3.1/../../../../arm-none-eabi/lib/thumb/v7e-m+fp/hard/libc_nano.a(lib_a-exit.o)
 .bss           0x0000000000000000        0x0 /opt/st/stm32cubeide_1.12.0/plugins/com.st.stm32cube.ide.mcu.externaltools.gnu-tools-for-stm32.10.3-2021.10.linux64_1.0.200.202301161003/tools/bin/../lib/gcc/arm-none-eabi/10.3.1/../../../../arm-none-eabi/lib/thumb/v7e-m+fp/hard/libc_nano.a(lib_a-exit.o)
 .text.exit     0x0000000000000000       0x28 /opt/st/stm32cubeide_1.12.0/plugins/com.st.stm32cube.ide.mcu.externaltools.gnu-tools-for-stm32.10.3-2021.10.linux64_1.0.200.202301161003/tools/bin/../lib/gcc/arm-none-eabi/10.3.1/../../../../arm-none-eabi/lib/thumb/v7e-m+fp/hard/libc_nano.a(lib_a-exit.o)
 .debug_frame   0x0000000000000000       0x28 /opt/st/stm32cubeide_1.12.0/plugins/com.st.stm32cube.ide.mcu.externaltools.gnu-tools-for-stm32.10.3-2021.10.linux64_1.0.200.202301161003/tools/bin/../lib/gcc/arm-none-eabi/10.3.1/../../../../arm-none-eabi/lib/thumb/v7e-m+fp/hard/libc_nano.a(lib_a-exit.o)
 .ARM.attributes
                0x0000000000000000       0x34 /opt/st/stm32cubeide_1.12.0/plugins/com.st.stm32cube.ide.mcu.externaltools.gnu-tools-for-stm32.10.3-2021.10.linux64_1.0.200.202301161003/tools/bin/../lib/gcc/arm-none-eabi/10.3.1/../../../../arm-none-eabi/lib/thumb/v7e-m+fp/hard/libc_nano.a(lib_a-exit.o)
 .text          0x0000000000000000        0x0 /opt/st/stm32cubeide_1.12.0/plugins/com.st.stm32cube.ide.mcu.externaltools.gnu-tools-for-stm32.10.3-2021.10.linux64_1.0.200.202301161003/tools/bin/../lib/gcc/arm-none-eabi/10.3.1/../../../../arm-none-eabi/lib/thumb/v7e-m+fp/hard/libc_nano.a(lib_a-impure.o)
 .data          0x0000000000000000        0x0 /opt/st/stm32cubeide_1.12.0/plugins/com.st.stm32cube.ide.mcu.externaltools.gnu-tools-for-stm32.10.3-2021.10.linux64_1.0.200.202301161003/tools/bin/../lib/gcc/arm-none-eabi/10.3.1/../../../../arm-none-eabi/lib/thumb/v7e-m+fp/hard/libc_nano.a(lib_a-impure.o)
 .bss           0x0000000000000000        0x0 /opt/st/stm32cubeide_1.12.0/plugins/com.st.stm32cube.ide.mcu.externaltools.gnu-tools-for-stm32.10.3-2021.10.linux64_1.0.200.202301161003/tools/bin/../lib/gcc/arm-none-eabi/10.3.1/../../../../arm-none-eabi/lib/thumb/v7e-m+fp/hard/libc_nano.a(lib_a-impure.o)
 .data._impure_ptr
                0x0000000000000000        0x4 /opt/st/stm32cubeide_1.12.0/plugins/com.st.stm32cube.ide.mcu.externaltools.gnu-tools-for-stm32.10.3-2021.10.linux64_1.0.200.202301161003/tools/bin/../lib/gcc/arm-none-eabi/10.3.1/../../../../arm-none-eabi/lib/thumb/v7e-m+fp/hard/libc_nano.a(lib_a-impure.o)
 .data.impure_data
                0x0000000000000000       0x60 /opt/st/stm32cubeide_1.12.0/plugins/com.st.stm32cube.ide.mcu.externaltools.gnu-tools-for-stm32.10.3-2021.10.linux64_1.0.200.202301161003/tools/bin/../lib/gcc/arm-none-eabi/10.3.1/../../../../arm-none-eabi/lib/thumb/v7e-m+fp/hard/libc_nano.a(lib_a-impure.o)
 .rodata._global_impure_ptr
                0x0000000000000000        0x4 /opt/st/stm32cubeide_1.12.0/plugins/com.st.stm32cube.ide.mcu.externaltools.gnu-tools-for-stm32.10.3-2021.10.linux64_1.0.200.202301161003/tools/bin/../lib/gcc/arm-none-eabi/10.3.1/../../../../arm-none-eabi/lib/thumb/v7e-m+fp/hard/libc_nano.a(lib_a-impure.o)
 .ARM.attributes
                0x0000000000000000       0x34 /opt/st/stm32cubeide_1.12.0/plugins/com.st.stm32cube.ide.mcu.externaltools.gnu-tools-for-stm32.10.3-2021.10.linux64_1.0.200.202301161003/tools/bin/../lib/gcc/arm-none-eabi/10.3.1/../../../../arm-none-eabi/lib/thumb/v7e-m+fp/hard/libc_nano.a(lib_a-impure.o)
 .text          0x0000000000000000        0x0 /opt/st/stm32cubeide_1.12.0/plugins/com.st.stm32cube.ide.mcu.externaltools.gnu-tools-for-stm32.10.3-2021.10.linux64_1.0.200.202301161003/tools/bin/../lib/gcc/arm-none-eabi/10.3.1/../../../../arm-none-eabi/lib/thumb/v7e-m+fp/hard/libc_nano.a(lib_a-init.o)
 .data          0x0000000000000000        0x0 /opt/st/stm32cubeide_1.12.0/plugins/com.st.stm32cube.ide.mcu.externaltools.gnu-tools-for-stm32.10.3-2021.10.linux64_1.0.200.202301161003/tools/bin/../lib/gcc/arm-none-eabi/10.3.1/../../../../arm-none-eabi/lib/thumb/v7e-m+fp/hard/libc_nano.a(lib_a-init.o)
 .bss           0x0000000000000000        0x0 /opt/st/stm32cubeide_1.12.0/plugins/com.st.stm32cube.ide.mcu.externaltools.gnu-tools-for-stm32.10.3-2021.10.linux64_1.0.200.202301161003/tools/bin/../lib/gcc/arm-none-eabi/10.3.1/../../../../arm-none-eabi/lib/thumb/v7e-m+fp/hard/libc_nano.a(lib_a-init.o)
 .text          0x0000000000000000        0x0 /opt/st/stm32cubeide_1.12.0/plugins/com.st.stm32cube.ide.mcu.externaltools.gnu-tools-for-stm32.10.3-2021.10.linux64_1.0.200.202301161003/tools/bin/../lib/gcc/arm-none-eabi/10.3.1/../../../../arm-none-eabi/lib/thumb/v7e-m+fp/hard/libc_nano.a(lib_a-memset.o)
 .data          0x0000000000000000        0x0 /opt/st/stm32cubeide_1.12.0/plugins/com.st.stm32cube.ide.mcu.externaltools.gnu-tools-for-stm32.10.3-2021.10.linux64_1.0.200.202301161003/tools/bin/../lib/gcc/arm-none-eabi/10.3.1/../../../../arm-none-eabi/lib/thumb/v7e-m+fp/hard/libc_nano.a(lib_a-memset.o)
 .bss           0x0000000000000000        0x0 /opt/st/stm32cubeide_1.12.0/plugins/com.st.stm32cube.ide.mcu.externaltools.gnu-tools-for-stm32.10.3-2021.10.linux64_1.0.200.202301161003/tools/bin/../lib/gcc/arm-none-eabi/10.3.1/../../../../arm-none-eabi/lib/thumb/v7e-m+fp/hard/libc_nano.a(lib_a-memset.o)
 .text.memset   0x0000000000000000       0x10 /opt/st/stm32cubeide_1.12.0/plugins/com.st.stm32cube.ide.mcu.externaltools.gnu-tools-for-stm32.10.3-2021.10.linux64_1.0.200.202301161003/tools/bin/../lib/gcc/arm-none-eabi/10.3.1/../../../../arm-none-eabi/lib/thumb/v7e-m+fp/hard/libc_nano.a(lib_a-memset.o)
 .debug_frame   0x0000000000000000       0x20 /opt/st/stm32cubeide_1.12.0/plugins/com.st.stm32cube.ide.mcu.externaltools.gnu-tools-for-stm32.10.3-2021.10.linux64_1.0.200.202301161003/tools/bin/../lib/gcc/arm-none-eabi/10.3.1/../../../../arm-none-eabi/lib/thumb/v7e-m+fp/hard/libc_nano.a(lib_a-memset.o)
 .ARM.attributes
                0x0000000000000000       0x34 /opt/st/stm32cubeide_1.12.0/plugins/com.st.stm32cube.ide.mcu.externaltools.gnu-tools-for-stm32.10.3-2021.10.linux64_1.0.200.202301161003/tools/bin/../lib/gcc/arm-none-eabi/10.3.1/../../../../arm-none-eabi/lib/thumb/v7e-m+fp/hard/libc_nano.a(lib_a-memset.o)
 .text          0x0000000000000000        0x0 /opt/st/stm32cubeide_1.12.0/plugins/com.st.stm32cube.ide.mcu.externaltools.gnu-tools-for-stm32.10.3-2021.10.linux64_1.0.200.202301161003/tools/bin/../lib/gcc/arm-none-eabi/10.3.1/../../../../arm-none-eabi/lib/thumb/v7e-m+fp/hard/libnosys.a(_exit.o)
 .data          0x0000000000000000        0x0 /opt/st/stm32cubeide_1.12.0/plugins/com.st.stm32cube.ide.mcu.externaltools.gnu-tools-for-stm32.10.3-2021.10.linux64_1.0.200.202301161003/tools/bin/../lib/gcc/arm-none-eabi/10.3.1/../../../../arm-none-eabi/lib/thumb/v7e-m+fp/hard/libnosys.a(_exit.o)
 .bss           0x0000000000000000        0x0 /opt/st/stm32cubeide_1.12.0/plugins/com.st.stm32cube.ide.mcu.externaltools.gnu-tools-for-stm32.10.3-2021.10.linux64_1.0.200.202301161003/tools/bin/../lib/gcc/arm-none-eabi/10.3.1/../../../../arm-none-eabi/lib/thumb/v7e-m+fp/hard/libnosys.a(_exit.o)
 .text._exit    0x0000000000000000        0x2 /opt/st/stm32cubeide_1.12.0/plugins/com.st.stm32cube.ide.mcu.externaltools.gnu-tools-for-stm32.10.3-2021.10.linux64_1.0.200.202301161003/tools/bin/../lib/gcc/arm-none-eabi/10.3.1/../../../../arm-none-eabi/lib/thumb/v7e-m+fp/hard/libnosys.a(_exit.o)
 .debug_frame   0x0000000000000000       0x20 /opt/st/stm32cubeide_1.12.0/plugins/com.st.stm32cube.ide.mcu.externaltools.gnu-tools-for-stm32.10.3-2021.10.linux64_1.0.200.202301161003/tools/bin/../lib/gcc/arm-none-eabi/10.3.1/../../../../arm-none-eabi/lib/thumb/v7e-m+fp/hard/libnosys.a(_exit.o)
 .ARM.attributes
                0x0000000000000000       0x34 /opt/st/stm32cubeide_1.12.0/plugins/com.st.stm32cube.ide.mcu.externaltools.gnu-tools-for-stm32.10.3-2021.10.linux64_1.0.200.202301161003/tools/bin/../lib/gcc/arm-none-eabi/10.3.1/../../../../arm-none-eabi/lib/thumb/v7e-m+fp/hard/libnosys.a(_exit.o)
 .text          0x0000000000000000        0x0 /opt/st/stm32cubeide_1.12.0/plugins/com.st.stm32cube.ide.mcu.externaltools.gnu-tools-for-stm32.10.3-2021.10.linux64_1.0.200.202301161003/tools/bin/../lib/gcc/arm-none-eabi/10.3.1/thumb/v7e-m+fp/hard/crtend.o
 .data          0x0000000000000000        0x0 /opt/st/stm32cubeide_1.12.0/plugins/com.st.stm32cube.ide.mcu.externaltools.gnu-tools-for-stm32.10.3-2021.10.linux64_1.0.200.202301161003/tools/bin/../lib/gcc/arm-none-eabi/10.3.1/thumb/v7e-m+fp/hard/crtend.o
 .bss           0x0000000000000000        0x0 /opt/st/stm32cubeide_1.12.0/plugins/com.st.stm32cube.ide.mcu.externaltools.gnu-tools-for-stm32.10.3-2021.10.linux64_1.0.200.202301161003/tools/bin/../lib/gcc/arm-none-eabi/10.3.1/thumb/v7e-m+fp/hard/crtend.o
 .rodata        0x0000000000000000       0x24 /opt/st/stm32cubeide_1.12.0/plugins/com.st.stm32cube.ide.mcu.externaltools.gnu-tools-for-stm32.10.3-2021.10.linux64_1.0.200.202301161003/tools/bin/../lib/gcc/arm-none-eabi/10.3.1/thumb/v7e-m+fp/hard/crtend.o
 .eh_frame      0x0000000000000000        0x4 /opt/st/stm32cubeide_1.12.0/plugins/com.st.stm32cube.ide.mcu.externaltools.gnu-tools-for-stm32.10.3-2021.10.linux64_1.0.200.202301161003/tools/bin/../lib/gcc/arm-none-eabi/10.3.1/thumb/v7e-m+fp/hard/crtend.o
 .ARM.attributes
                0x0000000000000000       0x34 /opt/st/stm32cubeide_1.12.0/plugins/com.st.stm32cube.ide.mcu.externaltools.gnu-tools-for-stm32.10.3-2021.10.linux64_1.0.200.202301161003/tools/bin/../lib/gcc/arm-none-eabi/10.3.1/thumb/v7e-m+fp/hard/crtend.o
 .text          0x0000000000000000        0x0 /opt/st/stm32cubeide_1.12.0/plugins/com.st.stm32cube.ide.mcu.externaltools.gnu-tools-for-stm32.10.3-2021.10.linux64_1.0.200.202301161003/tools/bin/../lib/gcc/arm-none-eabi/10.3.1/thumb/v7e-m+fp/hard/crtn.o
 .data          0x0000000000000000        0x0 /opt/st/stm32cubeide_1.12.0/plugins/com.st.stm32cube.ide.mcu.externaltools.gnu-tools-for-stm32.10.3-2021.10.linux64_1.0.200.202301161003/tools/bin/../lib/gcc/arm-none-eabi/10.3.1/thumb/v7e-m+fp/hard/crtn.o
 .bss           0x0000000000000000        0x0 /opt/st/stm32cubeide_1.12.0/plugins/com.st.stm32cube.ide.mcu.externaltools.gnu-tools-for-stm32.10.3-2021.10.linux64_1.0.200.202301161003/tools/bin/../lib/gcc/arm-none-eabi/10.3.1/thumb/v7e-m+fp/hard/crtn.o

Memory Configuration

Name             Origin             Length             Attributes
RAM              0x0000000020000000 0x0000000000018000 xrw
SRAM2            0x0000000010000000 0x0000000000008000 xrw
FLASH            0x0000000008000000 0x0000000000100000 xr
*default*        0x0000000000000000 0xffffffffffffffff

Linker script and memory map

LOAD /opt/st/stm32cubeide_1.12.0/plugins/com.st.stm32cube.ide.mcu.externaltools.gnu-tools-for-stm32.10.3-2021.10.linux64_1.0.200.202301161003/tools/bin/../lib/gcc/arm-none-eabi/10.3.1/thumb/v7e-m+fp/hard/crti.o
LOAD /opt/st/stm32cubeide_1.12.0/plugins/com.st.stm32cube.ide.mcu.externaltools.gnu-tools-for-stm32.10.3-2021.10.linux64_1.0.200.202301161003/tools/bin/../lib/gcc/arm-none-eabi/10.3.1/thumb/v7e-m+fp/hard/crtbegin.o
LOAD /opt/st/stm32cubeide_1.12.0/plugins/com.st.stm32cube.ide.mcu.externaltools.gnu-tools-for-stm32.10.3-2021.10.linux64_1.0.200.202301161003/tools/bin/../lib/gcc/arm-none-eabi/10.3.1/../../../../arm-none-eabi/lib/thumb/v7e-m+fp/hard/crt0.o
LOAD ./Core/Source/main.o
LOAD ./Drivers/STM32L4xx_HAL_Driver/Src/stm32l4xx_ll_adc.o
LOAD ./Drivers/STM32L4xx_HAL_Driver/Src/stm32l4xx_ll_comp.o
LOAD ./Drivers/STM32L4xx_HAL_Driver/Src/stm32l4xx_ll_crc.o
LOAD ./Drivers/STM32L4xx_HAL_Driver/Src/stm32l4xx_ll_crs.o
LOAD ./Drivers/STM32L4xx_HAL_Driver/Src/stm32l4xx_ll_dac.o
LOAD ./Drivers/STM32L4xx_HAL_Driver/Src/stm32l4xx_ll_dma.o
LOAD ./Drivers/STM32L4xx_HAL_Driver/Src/stm32l4xx_ll_dma2d.o
LOAD ./Drivers/STM32L4xx_HAL_Driver/Src/stm32l4xx_ll_exti.o
LOAD ./Drivers/STM32L4xx_HAL_Driver/Src/stm32l4xx_ll_gpio.o
LOAD ./Drivers/STM32L4xx_HAL_Driver/Src/stm32l4xx_ll_i2c.o
LOAD ./Drivers/STM32L4xx_HAL_Driver/Src/stm32l4xx_ll_lptim.o
LOAD ./Drivers/STM32L4xx_HAL_Driver/Src/stm32l4xx_ll_lpuart.o
LOAD ./Drivers/STM32L4xx_HAL_Driver/Src/stm32l4xx_ll_opamp.o
LOAD ./Drivers/STM32L4xx_HAL_Driver/Src/stm32l4xx_ll_pka.o
LOAD ./Drivers/STM32L4xx_HAL_Driver/Src/stm32l4xx_ll_pwr.o
LOAD ./Drivers/STM32L4xx_HAL_Driver/Src/stm32l4xx_ll_rcc.o
LOAD ./Drivers/STM32L4xx_HAL_Driver/Src/stm32l4xx_ll_rng.o
LOAD ./Drivers/STM32L4xx_HAL_Driver/Src/stm32l4xx_ll_rtc.o
LOAD ./Drivers/STM32L4xx_HAL_Driver/Src/stm32l4xx_ll_spi.o
LOAD ./Drivers/STM32L4xx_HAL_Driver/Src/stm32l4xx_ll_swpmi.o
LOAD ./Drivers/STM32L4xx_HAL_Driver/Src/stm32l4xx_ll_tim.o
LOAD ./Drivers/STM32L4xx_HAL_Driver/Src/stm32l4xx_ll_usart.o
LOAD ./Drivers/STM32L4xx_HAL_Driver/Src/stm32l4xx_ll_utils.o
LOAD ./Startup/startup_stm32l476rgtx.o
START GROUP
LOAD /opt/st/stm32cubeide_1.12.0/plugins/com.st.stm32cube.ide.mcu.externaltools.gnu-tools-for-stm32.10.3-2021.10.linux64_1.0.200.202301161003/tools/bin/../lib/gcc/arm-none-eabi/10.3.1/../../../../arm-none-eabi/lib/thumb/v7e-m+fp/hard/libc_nano.a
LOAD /opt/st/stm32cubeide_1.12.0/plugins/com.st.stm32cube.ide.mcu.externaltools.gnu-tools-for-stm32.10.3-2021.10.linux64_1.0.200.202301161003/tools/bin/../lib/gcc/arm-none-eabi/10.3.1/../../../../arm-none-eabi/lib/thumb/v7e-m+fp/hard/libm.a
END GROUP
START GROUP
LOAD /opt/st/stm32cubeide_1.12.0/plugins/com.st.stm32cube.ide.mcu.externaltools.gnu-tools-for-stm32.10.3-2021.10.linux64_1.0.200.202301161003/tools/bin/../lib/gcc/arm-none-eabi/10.3.1/thumb/v7e-m+fp/hard/libgcc.a
LOAD /opt/st/stm32cubeide_1.12.0/plugins/com.st.stm32cube.ide.mcu.externaltools.gnu-tools-for-stm32.10.3-2021.10.linux64_1.0.200.202301161003/tools/bin/../lib/gcc/arm-none-eabi/10.3.1/../../../../arm-none-eabi/lib/thumb/v7e-m+fp/hard/libc_nano.a
END GROUP
START GROUP
LOAD /opt/st/stm32cubeide_1.12.0/plugins/com.st.stm32cube.ide.mcu.externaltools.gnu-tools-for-stm32.10.3-2021.10.linux64_1.0.200.202301161003/tools/bin/../lib/gcc/arm-none-eabi/10.3.1/thumb/v7e-m+fp/hard/libgcc.a
LOAD /opt/st/stm32cubeide_1.12.0/plugins/com.st.stm32cube.ide.mcu.externaltools.gnu-tools-for-stm32.10.3-2021.10.linux64_1.0.200.202301161003/tools/bin/../lib/gcc/arm-none-eabi/10.3.1/../../../../arm-none-eabi/lib/thumb/v7e-m+fp/hard/libc_nano.a
LOAD /opt/st/stm32cubeide_1.12.0/plugins/com.st.stm32cube.ide.mcu.externaltools.gnu-tools-for-stm32.10.3-2021.10.linux64_1.0.200.202301161003/tools/bin/../lib/gcc/arm-none-eabi/10.3.1/../../../../arm-none-eabi/lib/thumb/v7e-m+fp/hard/libnosys.a
END GROUP
START GROUP
LOAD /opt/st/stm32cubeide_1.12.0/plugins/com.st.stm32cube.ide.mcu.externaltools.gnu-tools-for-stm32.10.3-2021.10.linux64_1.0.200.202301161003/tools/bin/../lib/gcc/arm-none-eabi/10.3.1/thumb/v7e-m+fp/hard/libgcc.a
LOAD /opt/st/stm32cubeide_1.12.0/plugins/com.st.stm32cube.ide.mcu.externaltools.gnu-tools-for-stm32.10.3-2021.10.linux64_1.0.200.202301161003/tools/bin/../lib/gcc/arm-none-eabi/10.3.1/../../../../arm-none-eabi/lib/thumb/v7e-m+fp/hard/libc_nano.a
LOAD /opt/st/stm32cubeide_1.12.0/plugins/com.st.stm32cube.ide.mcu.externaltools.gnu-tools-for-stm32.10.3-2021.10.linux64_1.0.200.202301161003/tools/bin/../lib/gcc/arm-none-eabi/10.3.1/../../../../arm-none-eabi/lib/thumb/v7e-m+fp/hard/libnosys.a
END GROUP
LOAD /opt/st/stm32cubeide_1.12.0/plugins/com.st.stm32cube.ide.mcu.externaltools.gnu-tools-for-stm32.10.3-2021.10.linux64_1.0.200.202301161003/tools/bin/../lib/gcc/arm-none-eabi/10.3.1/thumb/v7e-m+fp/hard/crtend.o
LOAD /opt/st/stm32cubeide_1.12.0/plugins/com.st.stm32cube.ide.mcu.externaltools.gnu-tools-for-stm32.10.3-2021.10.linux64_1.0.200.202301161003/tools/bin/../lib/gcc/arm-none-eabi/10.3.1/thumb/v7e-m+fp/hard/crtn.o
                0x0000000020018000                _estack = (ORIGIN (RAM) + LENGTH (RAM))
                0x0000000000000200                _Min_Heap_Size = 0x200
                0x0000000000000400                _Min_Stack_Size = 0x400

.isr_vector     0x0000000008000000      0x188
                0x0000000008000000                . = ALIGN (0x4)
 *(.isr_vector)
 .isr_vector    0x0000000008000000      0x188 ./Startup/startup_stm32l476rgtx.o
                0x0000000008000000                g_pfnVectors
                0x0000000008000188                . = ALIGN (0x4)

.text           0x0000000008000188      0x4b8
                0x0000000008000188                . = ALIGN (0x4)
 *(.text)
 .text          0x0000000008000188       0x40 /opt/st/stm32cubeide_1.12.0/plugins/com.st.stm32cube.ide.mcu.externaltools.gnu-tools-for-stm32.10.3-2021.10.linux64_1.0.200.202301161003/tools/bin/../lib/gcc/arm-none-eabi/10.3.1/thumb/v7e-m+fp/hard/crtbegin.o
 *(.text*)
 .text.LL_AHB2_GRP1_EnableClock
                0x00000000080001c8       0x30 ./Core/Source/main.o
 .text.LL_GPIO_SetPinMode
                0x00000000080001f8       0x7a ./Core/Source/main.o
 .text.LL_GPIO_SetOutputPin
                0x0000000008000272       0x1c ./Core/Source/main.o
 .text.LL_GPIO_ResetOutputPin
                0x000000000800028e       0x1c ./Core/Source/main.o
 *fill*         0x00000000080002aa        0x2 
 .text.SysTick_Handler
                0x00000000080002ac       0x1c ./Core/Source/main.o
                0x00000000080002ac                SysTick_Handler
 .text.main     0x00000000080002c8       0x26 ./Core/Source/main.o
                0x00000000080002c8                main
 *fill*         0x00000000080002ee        0x2 
 .text.MFS_Sx_Init
                0x00000000080002f0       0x3c ./Core/Source/main.o
                0x00000000080002f0                MFS_Sx_Init
 .text.MSP_Init1msTick
                0x000000000800032c       0x18 ./Core/Source/main.o
                0x000000000800032c                MSP_Init1msTick
 .text.MFS_Dx_Init
                0x0000000008000344       0x48 ./Core/Source/main.o
                0x0000000008000344                MFS_Dx_Init
 .text.MFS_D1_On
                0x000000000800038c       0x12 ./Core/Source/main.o
                0x000000000800038c                MFS_D1_On
 .text.MFS_D2_On
                0x000000000800039e       0x12 ./Core/Source/main.o
                0x000000000800039e                MFS_D2_On
 .text.MFS_D3_On
                0x00000000080003b0       0x12 ./Core/Source/main.o
                0x00000000080003b0                MFS_D3_On
 *fill*         0x00000000080003c2        0x2 
 .text.MFS_D4_On
                0x00000000080003c4       0x14 ./Core/Source/main.o
                0x00000000080003c4                MFS_D4_On
 .text.MFS_D1_Off
                0x00000000080003d8       0x12 ./Core/Source/main.o
                0x00000000080003d8                MFS_D1_Off
 .text.MFS_D2_Off
                0x00000000080003ea       0x12 ./Core/Source/main.o
                0x00000000080003ea                MFS_D2_Off
 .text.MFS_D3_Off
                0x00000000080003fc       0x12 ./Core/Source/main.o
                0x00000000080003fc                MFS_D3_Off
 *fill*         0x000000000800040e        0x2 
 .text.MFS_D4_Off
                0x0000000008000410       0x14 ./Core/Source/main.o
                0x0000000008000410                MFS_D4_Off
 .text.fsm_Pong_Sequence
                0x0000000008000424      0x118 ./Core/Source/main.o
                0x0000000008000424                fsm_Pong_Sequence
 .text.LL_InitTick
                0x000000000800053c       0x34 ./Drivers/STM32L4xx_HAL_Driver/Src/stm32l4xx_ll_utils.o
 .text.LL_Init1msTick
                0x0000000008000570       0x1a ./Drivers/STM32L4xx_HAL_Driver/Src/stm32l4xx_ll_utils.o
                0x0000000008000570                LL_Init1msTick
 *fill*         0x000000000800058a        0x2 
 .text.Reset_Handler
                0x000000000800058c       0x50 ./Startup/startup_stm32l476rgtx.o
                0x000000000800058c                Reset_Handler
 .text.Default_Handler
                0x00000000080005dc        0x2 ./Startup/startup_stm32l476rgtx.o
                0x00000000080005dc                EXTI2_IRQHandler
                0x00000000080005dc                TIM8_TRG_COM_IRQHandler
                0x00000000080005dc                TIM8_CC_IRQHandler
                0x00000000080005dc                DebugMon_Handler
                0x00000000080005dc                DMA1_CH4_IRQHandler
                0x00000000080005dc                TIM1_CC_IRQHandler
                0x00000000080005dc                TSC_IRQHandler
                0x00000000080005dc                HardFault_Handler
                0x00000000080005dc                TAMP_STAMP_IRQHandler
                0x00000000080005dc                PendSV_Handler
                0x00000000080005dc                NMI_Handler
                0x00000000080005dc                EXTI3_IRQHandler
                0x00000000080005dc                LPTIM2_IRQHandler
                0x00000000080005dc                DFSDM1_FLT1_IRQHandler
                0x00000000080005dc                I2C3_ER_IRQHandler
                0x00000000080005dc                DFSDM1_FLT2_IRQHandler
                0x00000000080005dc                TIM6_DACUNDER_IRQHandler
                0x00000000080005dc                EXTI0_IRQHandler
                0x00000000080005dc                I2C2_EV_IRQHandler
                0x00000000080005dc                DMA2_CH1_IRQHandler
                0x00000000080005dc                CAN1_RX0_IRQHandler
                0x00000000080005dc                FPU_IRQHandler
                0x00000000080005dc                TIM1_UP_TIM16_IRQHandler
                0x00000000080005dc                DMA2_CH7_IRQHandler
                0x00000000080005dc                UsageFault_Handler
                0x00000000080005dc                ADC1_2_IRQHandler
                0x00000000080005dc                SPI1_IRQHandler
                0x00000000080005dc                DMA1_CH7_IRQHandler
                0x00000000080005dc                TIM8_UP_IRQHandler
                0x00000000080005dc                RTC_ALARM_IRQHandler
                0x00000000080005dc                SAI2_IRQHandler
                0x00000000080005dc                DFSDM1_FLT3_IRQHandler
                0x00000000080005dc                DMA1_CH6_IRQHandler
                0x00000000080005dc                USART3_IRQHandler
                0x00000000080005dc                CAN1_RX1_IRQHandler
                0x00000000080005dc                LCD_IRQHandler
                0x00000000080005dc                UART5_IRQHandler
                0x00000000080005dc                ADC3_IRQHandler
                0x00000000080005dc                TIM4_IRQHandler
                0x00000000080005dc                QUADSPI_IRQHandler
                0x00000000080005dc                I2C1_EV_IRQHandler
                0x00000000080005dc                DMA2_CH5_IRQHandler
                0x00000000080005dc                UART4_IRQHandler
                0x00000000080005dc                DMA1_CH3_IRQHandler
                0x00000000080005dc                TIM3_IRQHandler
                0x00000000080005dc                RCC_IRQHandler
                0x00000000080005dc                Default_Handler
                0x00000000080005dc                EXTI15_10_IRQHandler
                0x00000000080005dc                TIM7_IRQHandler
                0x00000000080005dc                SDMMC1_IRQHandler
                0x00000000080005dc                TIM5_IRQHandler
                0x00000000080005dc                I2C3_EV_IRQHandler
                0x00000000080005dc                EXTI9_5_IRQHandler
                0x00000000080005dc                DMA1_CH2_IRQHandler
                0x00000000080005dc                RTC_WKUP_IRQHandler
                0x00000000080005dc                PVD_PVM_IRQHandler
                0x00000000080005dc                SPI2_IRQHandler
                0x00000000080005dc                DMA1_CH1_IRQHandler
                0x00000000080005dc                MemManage_Handler
                0x00000000080005dc                CAN1_TX_IRQHandler
                0x00000000080005dc                SVC_Handler
                0x00000000080005dc                EXTI4_IRQHandler
                0x00000000080005dc                RNG_IRQHandler
                0x00000000080005dc                TIM1_TRG_COM_TIM17_IRQHandler
                0x00000000080005dc                COMP_IRQHandler
                0x00000000080005dc                WWDG_IRQHandler
                0x00000000080005dc                LPUART1_IRQHandler
                0x00000000080005dc                TIM2_IRQHandler
                0x00000000080005dc                EXTI1_IRQHandler
                0x00000000080005dc                AES_IRQHandler
                0x00000000080005dc                USART2_IRQHandler
                0x00000000080005dc                DFSDM1_FLT0_IRQHandler
                0x00000000080005dc                I2C2_ER_IRQHandler
                0x00000000080005dc                TIM8_BRK_IRQHandler
                0x00000000080005dc                CAN1_SCE_IRQHandler
                0x00000000080005dc                FLASH_IRQHandler
                0x00000000080005dc                BusFault_Handler
                0x00000000080005dc                USART1_IRQHandler
                0x00000000080005dc                OTG_FS_IRQHandler
                0x00000000080005dc                SPI3_IRQHandler
                0x00000000080005dc                DMA2_CH6_IRQHandler
                0x00000000080005dc                DMA2_CH3_IRQHandler
                0x00000000080005dc                DMA2_CH2_IRQHandler
                0x00000000080005dc                I2C1_ER_IRQHandler
                0x00000000080005dc                FMC_IRQHandler
                0x00000000080005dc                DMA1_CH5_IRQHandler
                0x00000000080005dc                DMA2_CH4_IRQHandler
                0x00000000080005dc                SWPMI1_IRQHandler
                0x00000000080005dc                LPTIM1_IRQHandler
                0x00000000080005dc                SAI1_IRQHandler
                0x00000000080005dc                TIM1_BRK_TIM15_IRQHandler
 *fill*         0x00000000080005de        0x2 
 .text.__libc_init_array
                0x00000000080005e0       0x48 /opt/st/stm32cubeide_1.12.0/plugins/com.st.stm32cube.ide.mcu.externaltools.gnu-tools-for-stm32.10.3-2021.10.linux64_1.0.200.202301161003/tools/bin/../lib/gcc/arm-none-eabi/10.3.1/../../../../arm-none-eabi/lib/thumb/v7e-m+fp/hard/libc_nano.a(lib_a-init.o)
                0x00000000080005e0                __libc_init_array
 *(.glue_7)
 .glue_7        0x0000000008000628        0x0 linker stubs
 *(.glue_7t)
 .glue_7t       0x0000000008000628        0x0 linker stubs
 *(.eh_frame)
 .eh_frame      0x0000000008000628        0x0 /opt/st/stm32cubeide_1.12.0/plugins/com.st.stm32cube.ide.mcu.externaltools.gnu-tools-for-stm32.10.3-2021.10.linux64_1.0.200.202301161003/tools/bin/../lib/gcc/arm-none-eabi/10.3.1/thumb/v7e-m+fp/hard/crtbegin.o
 *(.init)
 .init          0x0000000008000628        0x4 /opt/st/stm32cubeide_1.12.0/plugins/com.st.stm32cube.ide.mcu.externaltools.gnu-tools-for-stm32.10.3-2021.10.linux64_1.0.200.202301161003/tools/bin/../lib/gcc/arm-none-eabi/10.3.1/thumb/v7e-m+fp/hard/crti.o
                0x0000000008000628                _init
 .init          0x000000000800062c        0x8 /opt/st/stm32cubeide_1.12.0/plugins/com.st.stm32cube.ide.mcu.externaltools.gnu-tools-for-stm32.10.3-2021.10.linux64_1.0.200.202301161003/tools/bin/../lib/gcc/arm-none-eabi/10.3.1/thumb/v7e-m+fp/hard/crtn.o
 *(.fini)
 .fini          0x0000000008000634        0x4 /opt/st/stm32cubeide_1.12.0/plugins/com.st.stm32cube.ide.mcu.externaltools.gnu-tools-for-stm32.10.3-2021.10.linux64_1.0.200.202301161003/tools/bin/../lib/gcc/arm-none-eabi/10.3.1/thumb/v7e-m+fp/hard/crti.o
                0x0000000008000634                _fini
 .fini          0x0000000008000638        0x8 /opt/st/stm32cubeide_1.12.0/plugins/com.st.stm32cube.ide.mcu.externaltools.gnu-tools-for-stm32.10.3-2021.10.linux64_1.0.200.202301161003/tools/bin/../lib/gcc/arm-none-eabi/10.3.1/thumb/v7e-m+fp/hard/crtn.o
                0x0000000008000640                . = ALIGN (0x4)
                0x0000000008000640                _etext = .

.vfp11_veneer   0x0000000008000640        0x0
 .vfp11_veneer  0x0000000008000640        0x0 linker stubs

.v4_bx          0x0000000008000640        0x0
 .v4_bx         0x0000000008000640        0x0 linker stubs

.iplt           0x0000000008000640        0x0
 .iplt          0x0000000008000640        0x0 /opt/st/stm32cubeide_1.12.0/plugins/com.st.stm32cube.ide.mcu.externaltools.gnu-tools-for-stm32.10.3-2021.10.linux64_1.0.200.202301161003/tools/bin/../lib/gcc/arm-none-eabi/10.3.1/thumb/v7e-m+fp/hard/crtbegin.o

.rel.dyn        0x0000000008000640        0x0
 .rel.iplt      0x0000000008000640        0x0 /opt/st/stm32cubeide_1.12.0/plugins/com.st.stm32cube.ide.mcu.externaltools.gnu-tools-for-stm32.10.3-2021.10.linux64_1.0.200.202301161003/tools/bin/../lib/gcc/arm-none-eabi/10.3.1/thumb/v7e-m+fp/hard/crtbegin.o

.rodata         0x0000000008000640        0x0
                0x0000000008000640                . = ALIGN (0x4)
 *(.rodata)
 *(.rodata*)
                0x0000000008000640                . = ALIGN (0x4)

.ARM.extab      0x0000000008000640        0x0
                0x0000000008000640                . = ALIGN (0x4)
 *(.ARM.extab* .gnu.linkonce.armextab.*)
                0x0000000008000640                . = ALIGN (0x4)

.ARM            0x0000000008000640        0x0
                0x0000000008000640                . = ALIGN (0x4)
                0x0000000008000640                __exidx_start = .
 *(.ARM.exidx*)
                0x0000000008000640                __exidx_end = .
                0x0000000008000640                . = ALIGN (0x4)

.preinit_array  0x0000000008000640        0x0
                0x0000000008000640                . = ALIGN (0x4)
                0x0000000008000640                PROVIDE (__preinit_array_start = .)
 *(.preinit_array*)
                0x0000000008000640                PROVIDE (__preinit_array_end = .)
                0x0000000008000640                . = ALIGN (0x4)

.init_array     0x0000000008000640        0x4
                0x0000000008000640                . = ALIGN (0x4)
                0x0000000008000640                PROVIDE (__init_array_start = .)
 *(SORT_BY_NAME(.init_array.*))
 *(.init_array*)
 .init_array    0x0000000008000640        0x4 /opt/st/stm32cubeide_1.12.0/plugins/com.st.stm32cube.ide.mcu.externaltools.gnu-tools-for-stm32.10.3-2021.10.linux64_1.0.200.202301161003/tools/bin/../lib/gcc/arm-none-eabi/10.3.1/thumb/v7e-m+fp/hard/crtbegin.o
                0x0000000008000644                PROVIDE (__init_array_end = .)
                0x0000000008000644                . = ALIGN (0x4)

.fini_array     0x0000000008000644        0x4
                0x0000000008000644                . = ALIGN (0x4)
                [!provide]                        PROVIDE (__fini_array_start = .)
 *(SORT_BY_NAME(.fini_array.*))
 *(.fini_array*)
 .fini_array    0x0000000008000644        0x4 /opt/st/stm32cubeide_1.12.0/plugins/com.st.stm32cube.ide.mcu.externaltools.gnu-tools-for-stm32.10.3-2021.10.linux64_1.0.200.202301161003/tools/bin/../lib/gcc/arm-none-eabi/10.3.1/thumb/v7e-m+fp/hard/crtbegin.o
                [!provide]                        PROVIDE (__fini_array_end = .)
                0x0000000008000648                . = ALIGN (0x4)
                0x0000000008000648                _sidata = LOADADDR (.data)

.data           0x0000000020000000        0x4 load address 0x0000000008000648
                0x0000000020000000                . = ALIGN (0x4)
                0x0000000020000000                _sdata = .
 *(.data)
 *(.data*)
 .data.state.0  0x0000000020000000        0x1 ./Core/Source/main.o
 *(.RamFunc)
 *(.RamFunc*)
                0x0000000020000004                . = ALIGN (0x4)
 *fill*         0x0000000020000001        0x3 
                0x0000000020000004                _edata = .
                0x000000000800064c                _sisram2 = LOADADDR (.sram2)

.igot.plt       0x0000000020000004        0x0 load address 0x000000000800064c
 .igot.plt      0x0000000020000004        0x0 /opt/st/stm32cubeide_1.12.0/plugins/com.st.stm32cube.ide.mcu.externaltools.gnu-tools-for-stm32.10.3-2021.10.linux64_1.0.200.202301161003/tools/bin/../lib/gcc/arm-none-eabi/10.3.1/thumb/v7e-m+fp/hard/crtbegin.o

.sram2          0x0000000010000000        0x0 load address 0x000000000800064c
                0x0000000010000000                . = ALIGN (0x4)
                0x0000000010000000                _ssram2 = .
 *(.sram2)
 *(.sram2*)
                0x0000000010000000                . = ALIGN (0x4)
                0x0000000010000000                _esram2 = .
                0x0000000010000000                . = ALIGN (0x4)

.bss            0x0000000020000004       0x24
                0x0000000020000004                _sbss = .
                0x0000000020000004                __bss_start__ = _sbss
 *(.bss)
 .bss           0x0000000020000004       0x1c /opt/st/stm32cubeide_1.12.0/plugins/com.st.stm32cube.ide.mcu.externaltools.gnu-tools-for-stm32.10.3-2021.10.linux64_1.0.200.202301161003/tools/bin/../lib/gcc/arm-none-eabi/10.3.1/thumb/v7e-m+fp/hard/crtbegin.o
 *(.bss*)
 .bss.unTick    0x0000000020000020        0x4 ./Core/Source/main.o
                0x0000000020000020                unTick
 .bss.lastTick.1
                0x0000000020000024        0x4 ./Core/Source/main.o
 *(COMMON)
                0x0000000020000028                . = ALIGN (0x4)
                0x0000000020000028                _ebss = .
                0x0000000020000028                __bss_end__ = _ebss

._user_heap_stack
                0x0000000020000028      0x600
                0x0000000020000028                . = ALIGN (0x8)
                [!provide]                        PROVIDE (end = .)
                [!provide]                        PROVIDE (_end = .)
                0x0000000020000228                . = (. + _Min_Heap_Size)
 *fill*         0x0000000020000028      0x200 
                0x0000000020000628                . = (. + _Min_Stack_Size)
 *fill*         0x0000000020000228      0x400 
                0x0000000020000628                . = ALIGN (0x8)

/DISCARD/
 libc.a(*)
 libm.a(*)
 libgcc.a(*)

.ARM.attributes
                0x0000000000000000       0x30
 *(.ARM.attributes)
 .ARM.attributes
                0x0000000000000000       0x1e /opt/st/stm32cubeide_1.12.0/plugins/com.st.stm32cube.ide.mcu.externaltools.gnu-tools-for-stm32.10.3-2021.10.linux64_1.0.200.202301161003/tools/bin/../lib/gcc/arm-none-eabi/10.3.1/thumb/v7e-m+fp/hard/crti.o
 .ARM.attributes
                0x000000000000001e       0x34 /opt/st/stm32cubeide_1.12.0/plugins/com.st.stm32cube.ide.mcu.externaltools.gnu-tools-for-stm32.10.3-2021.10.linux64_1.0.200.202301161003/tools/bin/../lib/gcc/arm-none-eabi/10.3.1/thumb/v7e-m+fp/hard/crtbegin.o
 .ARM.attributes
                0x0000000000000052       0x34 ./Core/Source/main.o
 .ARM.attributes
                0x0000000000000086       0x34 ./Drivers/STM32L4xx_HAL_Driver/Src/stm32l4xx_ll_utils.o
 .ARM.attributes
                0x00000000000000ba       0x21 ./Startup/startup_stm32l476rgtx.o
 .ARM.attributes
                0x00000000000000db       0x34 /opt/st/stm32cubeide_1.12.0/plugins/com.st.stm32cube.ide.mcu.externaltools.gnu-tools-for-stm32.10.3-2021.10.linux64_1.0.200.202301161003/tools/bin/../lib/gcc/arm-none-eabi/10.3.1/../../../../arm-none-eabi/lib/thumb/v7e-m+fp/hard/libc_nano.a(lib_a-init.o)
 .ARM.attributes
                0x000000000000010f       0x1e /opt/st/stm32cubeide_1.12.0/plugins/com.st.stm32cube.ide.mcu.externaltools.gnu-tools-for-stm32.10.3-2021.10.linux64_1.0.200.202301161003/tools/bin/../lib/gcc/arm-none-eabi/10.3.1/thumb/v7e-m+fp/hard/crtn.o
OUTPUT(LedBLink-C-Timing.elf elf32-littlearm)
LOAD linker stubs
LOAD /opt/st/stm32cubeide_1.12.0/plugins/com.st.stm32cube.ide.mcu.externaltools.gnu-tools-for-stm32.10.3-2021.10.linux64_1.0.200.202301161003/tools/bin/../lib/gcc/arm-none-eabi/10.3.1/../../../../arm-none-eabi/lib/thumb/v7e-m+fp/hard/libc.a
LOAD /opt/st/stm32cubeide_1.12.0/plugins/com.st.stm32cube.ide.mcu.externaltools.gnu-tools-for-stm32.10.3-2021.10.linux64_1.0.200.202301161003/tools/bin/../lib/gcc/arm-none-eabi/10.3.1/../../../../arm-none-eabi/lib/thumb/v7e-m+fp/hard/libm.a
LOAD /opt/st/stm32cubeide_1.12.0/plugins/com.st.stm32cube.ide.mcu.externaltools.gnu-tools-for-stm32.10.3-2021.10.linux64_1.0.200.202301161003/tools/bin/../lib/gcc/arm-none-eabi/10.3.1/thumb/v7e-m+fp/hard/libgcc.a

.debug_info     0x0000000000000000     0x1534
 .debug_info    0x0000000000000000      0x87b ./Core/Source/main.o
 .debug_info    0x000000000000087b      0xc97 ./Drivers/STM32L4xx_HAL_Driver/Src/stm32l4xx_ll_utils.o
 .debug_info    0x0000000000001512       0x22 ./Startup/startup_stm32l476rgtx.o

.debug_abbrev   0x0000000000000000      0x4c1
 .debug_abbrev  0x0000000000000000      0x258 ./Core/Source/main.o
 .debug_abbrev  0x0000000000000258      0x257 ./Drivers/STM32L4xx_HAL_Driver/Src/stm32l4xx_ll_utils.o
 .debug_abbrev  0x00000000000004af       0x12 ./Startup/startup_stm32l476rgtx.o

.debug_aranges  0x0000000000000000      0x270
 .debug_aranges
                0x0000000000000000      0x110 ./Core/Source/main.o
 .debug_aranges
                0x0000000000000110      0x138 ./Drivers/STM32L4xx_HAL_Driver/Src/stm32l4xx_ll_utils.o
 .debug_aranges
                0x0000000000000248       0x28 ./Startup/startup_stm32l476rgtx.o

.debug_ranges   0x0000000000000000      0x248
 .debug_ranges  0x0000000000000000      0x100 ./Core/Source/main.o
 .debug_ranges  0x0000000000000100      0x128 ./Drivers/STM32L4xx_HAL_Driver/Src/stm32l4xx_ll_utils.o
 .debug_ranges  0x0000000000000228       0x20 ./Startup/startup_stm32l476rgtx.o

.debug_macro    0x0000000000000000    0x1d69a
 .debug_macro   0x0000000000000000       0xf9 ./Core/Source/main.o
 .debug_macro   0x00000000000000f9      0xa8a ./Core/Source/main.o
 .debug_macro   0x0000000000000b83       0x28 ./Core/Source/main.o
 .debug_macro   0x0000000000000bab       0x28 ./Core/Source/main.o
 .debug_macro   0x0000000000000bd3       0x22 ./Core/Source/main.o
 .debug_macro   0x0000000000000bf5       0x8e ./Core/Source/main.o
 .debug_macro   0x0000000000000c83       0x51 ./Core/Source/main.o
 .debug_macro   0x0000000000000cd4      0x103 ./Core/Source/main.o
 .debug_macro   0x0000000000000dd7       0x6a ./Core/Source/main.o
 .debug_macro   0x0000000000000e41      0x1df ./Core/Source/main.o
 .debug_macro   0x0000000000001020       0x1c ./Core/Source/main.o
 .debug_macro   0x000000000000103c       0x22 ./Core/Source/main.o
 .debug_macro   0x000000000000105e       0xfb ./Core/Source/main.o
 .debug_macro   0x0000000000001159     0x1011 ./Core/Source/main.o
 .debug_macro   0x000000000000216a      0x11f ./Core/Source/main.o
 .debug_macro   0x0000000000002289    0x1a17a ./Core/Source/main.o
 .debug_macro   0x000000000001c403       0x6d ./Core/Source/main.o
 .debug_macro   0x000000000001c470      0x1b9 ./Core/Source/main.o
 .debug_macro   0x000000000001c629       0xa7 ./Core/Source/main.o
 .debug_macro   0x000000000001c6d0      0x169 ./Core/Source/main.o
 .debug_macro   0x000000000001c839      0x19e ./Drivers/STM32L4xx_HAL_Driver/Src/stm32l4xx_ll_utils.o
 .debug_macro   0x000000000001c9d7       0xa1 ./Drivers/STM32L4xx_HAL_Driver/Src/stm32l4xx_ll_utils.o
 .debug_macro   0x000000000001ca78      0x720 ./Drivers/STM32L4xx_HAL_Driver/Src/stm32l4xx_ll_utils.o
 .debug_macro   0x000000000001d198      0x2f5 ./Drivers/STM32L4xx_HAL_Driver/Src/stm32l4xx_ll_utils.o
 .debug_macro   0x000000000001d48d      0x20d ./Drivers/STM32L4xx_HAL_Driver/Src/stm32l4xx_ll_utils.o

.debug_line     0x0000000000000000     0x1591
 .debug_line    0x0000000000000000      0x97e ./Core/Source/main.o
 .debug_line    0x000000000000097e      0xb8f ./Drivers/STM32L4xx_HAL_Driver/Src/stm32l4xx_ll_utils.o
 .debug_line    0x000000000000150d       0x84 ./Startup/startup_stm32l476rgtx.o

.debug_str      0x0000000000000000    0xa6ba1
 .debug_str     0x0000000000000000    0xa0146 ./Core/Source/main.o
                                      0xa02ec (size before relaxing)
 .debug_str     0x00000000000a0146     0x6a2a ./Drivers/STM32L4xx_HAL_Driver/Src/stm32l4xx_ll_utils.o
                                      0xa572e (size before relaxing)
 .debug_str     0x00000000000a6b70       0x31 ./Startup/startup_stm32l476rgtx.o
                                         0x65 (size before relaxing)

.comment        0x0000000000000000       0x50
 .comment       0x0000000000000000       0x50 ./Core/Source/main.o
                                         0x51 (size before relaxing)
 .comment       0x0000000000000050       0x51 ./Drivers/STM32L4xx_HAL_Driver/Src/stm32l4xx_ll_utils.o

.debug_frame    0x0000000000000000      0x8f0
 .debug_frame   0x0000000000000000      0x3c8 ./Core/Source/main.o
 .debug_frame   0x00000000000003c8      0x4fc ./Drivers/STM32L4xx_HAL_Driver/Src/stm32l4xx_ll_utils.o
 .debug_frame   0x00000000000008c4       0x2c /opt/st/stm32cubeide_1.12.0/plugins/com.st.stm32cube.ide.mcu.externaltools.gnu-tools-for-stm32.10.3-2021.10.linux64_1.0.200.202301161003/tools/bin/../lib/gcc/arm-none-eabi/10.3.1/../../../../arm-none-eabi/lib/thumb/v7e-m+fp/hard/libc_nano.a(lib_a-init.o)
