../Drivers/STM32L4xx_HAL_Driver/Src/stm32l4xx_hal_timebase_tim_template.c:70:19:HAL_InitTick	64	static
../Drivers/STM32L4xx_HAL_Driver/Src/stm32l4xx_hal_timebase_tim_template.c:161:6:HAL_SuspendTick	4	static
../Drivers/STM32L4xx_HAL_Driver/Src/stm32l4xx_hal_timebase_tim_template.c:172:6:HAL_ResumeTick	4	static
../Drivers/STM32L4xx_HAL_Driver/Src/stm32l4xx_hal_timebase_tim_template.c:186:6:HAL_TIM_PeriodElapsedCallback	16	static
../Drivers/STM32L4xx_HAL_Driver/Src/stm32l4xx_hal_timebase_tim_template.c:198:6:TIM6_DAC_IRQHandler	8	static
