15:41:40 **** Incremental Build of configuration Debug for project ADC ****
make -j12 all 
arm-none-eabi-gcc "../Peripherals/Core/ADC.c" -mcpu=cortex-m4 -std=gnu11 -g3 -DDEBUG -DUSE_HAL_DRIVER -DSTM32L476xx -c -I../Core/Inc -I../Drivers/STM32L4xx_HAL_Driver/Inc -I../Drivers/STM32L4xx_HAL_Driver/Inc/Legacy -I../Drivers/CMSIS/Device/ST/STM32L4xx/Include -I../Drivers/CMSIS/Include -I"/home/felipe/Documents/Estructuras/ETst/Peripherals/Inc" -O0 -ffunction-sections -fdata-sections -Wall -fstack-usage -fcyclomatic-complexity -MMD -MP -MF"Peripherals/Core/ADC.d" -MT"Peripherals/Core/ADC.o" --specs=nano.specs -mfpu=fpv4-sp-d16 -mfloat-abi=hard -mthumb -o "Peripherals/Core/ADC.o"
arm-none-eabi-gcc -o "ADC.elf" @"objects.list"   -mcpu=cortex-m4 -T"/home/felipe/Documents/Estructuras/ETst/STM32L476RGTX_FLASH.ld" --specs=nosys.specs -Wl,-Map="ADC.map" -Wl,--gc-sections -static --specs=nano.specs -mfpu=fpv4-sp-d16 -mfloat-abi=hard -mthumb -u _printf_float -u _scanf_float -Wl,--start-group -lc -lm -Wl,--end-group
Finished building target: ADC.elf
 
arm-none-eabi-size   ADC.elf 
arm-none-eabi-objdump -h -S  ADC.elf  > "ADC.list"
   text	   data	    bss	    dec	    hex	filename
  38596	    512	   1712	  40820	   9f74	ADC.elf
Finished building: default.size.stdout
 
Finished building: ADC.list
 

15:41:40 Build Finished. 0 errors, 0 warnings. (took 317ms)

