09:07:21 **** Build of configuration Debug for project fgfgfgf ****
make -j12 all 
arm-none-eabi-gcc -mcpu=cortex-m0plus -g3 -DDEBUG -c -x assembler-with-cpp -MMD -MP -MF"Startup/startup_stm32l072czyx.d" -MT"Startup/startup_stm32l072czyx.o" --specs=nano.specs -mfloat-abi=soft -mthumb -o "Startup/startup_stm32l072czyx.o" "../Startup/startup_stm32l072czyx.s"
arm-none-eabi-gcc "../Src/main.c" -mcpu=cortex-m0plus -std=gnu11 -g3 -DDEBUG -DB_L072Z_LRWAN1 -DSTM32 -DSTM32L072CZYx -DSTM32L0 -c -I../Inc -O0 -ffunction-sections -fdata-sections -Wall -fstack-usage -MMD -MP -MF"Src/main.d" -MT"Src/main.o" --specs=nano.specs -mfloat-abi=soft -mthumb -o "Src/main.o"
arm-none-eabi-gcc "../Src/syscalls.c" -mcpu=cortex-m0plus -std=gnu11 -g3 -DDEBUG -DB_L072Z_LRWAN1 -DSTM32 -DSTM32L072CZYx -DSTM32L0 -c -I../Inc -O0 -ffunction-sections -fdata-sections -Wall -fstack-usage -MMD -MP -MF"Src/syscalls.d" -MT"Src/syscalls.o" --specs=nano.specs -mfloat-abi=soft -mthumb -o "Src/syscalls.o"
arm-none-eabi-gcc "../Src/sysmem.c" -mcpu=cortex-m0plus -std=gnu11 -g3 -DDEBUG -DB_L072Z_LRWAN1 -DSTM32 -DSTM32L072CZYx -DSTM32L0 -c -I../Inc -O0 -ffunction-sections -fdata-sections -Wall -fstack-usage -MMD -MP -MF"Src/sysmem.d" -MT"Src/sysmem.o" --specs=nano.specs -mfloat-abi=soft -mthumb -o "Src/sysmem.o"
arm-none-eabi-gcc -o "fgfgfgf.elf" @"objects.list"   -mcpu=cortex-m0plus -T"/home/felipe/Documents/Estructuras/fgfgfgf/STM32L072CZYX_FLASH.ld" --specs=nosys.specs -Wl,-Map="fgfgfgf.map" -Wl,--gc-sections -static --specs=nano.specs -mfloat-abi=soft -mthumb -Wl,--start-group -lc -lm -Wl,--end-group
Finished building target: fgfgfgf.elf
 
arm-none-eabi-size   fgfgfgf.elf 
arm-none-eabi-objdump -h -S  fgfgfgf.elf  > "fgfgfgf.list"
   text	   data	    bss	    dec	    hex	filename
    452	      8	   1568	   2028	    7ec	fgfgfgf.elf
Finished building: default.size.stdout
 
Finished building: fgfgfgf.list
 

09:07:21 Build Finished. 0 errors, 0 warnings. (took 217ms)

