11:40:01 **** Incremental Build of configuration Debug for project Robot_ARM ****
make -j12 all 
arm-none-eabi-gcc "../Core/Src/ROBOT.c" -mcpu=cortex-m4 -std=gnu11 -g3 -DDEBUG -DUSE_HAL_DRIVER -DSTM32L476xx -c -I../Core/Inc -I../Drivers/STM32L4xx_HAL_Driver/Inc -I../Drivers/STM32L4xx_HAL_Driver/Inc/Legacy -I../Drivers/CMSIS/Device/ST/STM32L4xx/Include -I../Drivers/CMSIS/Include -I"/home/felipe/Documents/Estructuras/Robot_ARM/Peripherals/Inc" -O0 -ffunction-sections -fdata-sections -Wall -fstack-usage -fcyclomatic-complexity -MMD -MP -MF"Core/Src/ROBOT.d" -MT"Core/Src/ROBOT.o" --specs=nano.specs -mfpu=fpv4-sp-d16 -mfloat-abi=hard -mthumb -o "Core/Src/ROBOT.o"
arm-none-eabi-gcc "../Core/Src/main.c" -mcpu=cortex-m4 -std=gnu11 -g3 -DDEBUG -DUSE_HAL_DRIVER -DSTM32L476xx -c -I../Core/Inc -I../Drivers/STM32L4xx_HAL_Driver/Inc -I../Drivers/STM32L4xx_HAL_Driver/Inc/Legacy -I../Drivers/CMSIS/Device/ST/STM32L4xx/Include -I../Drivers/CMSIS/Include -I"/home/felipe/Documents/Estructuras/Robot_ARM/Peripherals/Inc" -O0 -ffunction-sections -fdata-sections -Wall -fstack-usage -fcyclomatic-complexity -MMD -MP -MF"Core/Src/main.d" -MT"Core/Src/main.o" --specs=nano.specs -mfpu=fpv4-sp-d16 -mfloat-abi=hard -mthumb -o "Core/Src/main.o"
arm-none-eabi-gcc -o "Robot_ARM.elf" @"objects.list"   -mcpu=cortex-m4 -T"/home/felipe/Documents/Estructuras/Robot_ARM/STM32L476RGTX_FLASH.ld" --specs=nosys.specs -Wl,-Map="Robot_ARM.map" -Wl,--gc-sections -static --specs=nano.specs -mfpu=fpv4-sp-d16 -mfloat-abi=hard -mthumb -u _printf_float -u _scanf_float -Wl,--start-group -lc -lm -Wl,--end-group
Finished building target: Robot_ARM.elf
 
arm-none-eabi-size   Robot_ARM.elf 
arm-none-eabi-objdump -h -S  Robot_ARM.elf  > "Robot_ARM.list"
   text	   data	    bss	    dec	    hex	filename
  60388	    512	   2168	  63068	   f65c	Robot_ARM.elf
Finished building: default.size.stdout
 
Finished building: Robot_ARM.list
 
11:40:07 **** Incremental Build of configuration Debug for project Robot_ARM ****
make -j12 all 
arm-none-eabi-size   Robot_ARM.elf 
   text	   data	    bss	    dec	    hex	filename
  60388	    512	   2168	  63068	   f65c	Robot_ARM.elf
Finished building: default.size.stdout
 
11:41:20 **** Incremental Build of configuration Debug for project Robot_ARM ****
make -j12 all 
arm-none-eabi-gcc "../Core/Src/ROBOT.c" -mcpu=cortex-m4 -std=gnu11 -g3 -DDEBUG -DUSE_HAL_DRIVER -DSTM32L476xx -c -I../Core/Inc -I../Drivers/STM32L4xx_HAL_Driver/Inc -I../Drivers/STM32L4xx_HAL_Driver/Inc/Legacy -I../Drivers/CMSIS/Device/ST/STM32L4xx/Include -I../Drivers/CMSIS/Include -I"/home/felipe/Documents/Estructuras/Robot_ARM/Peripherals/Inc" -O0 -ffunction-sections -fdata-sections -Wall -fstack-usage -fcyclomatic-complexity -MMD -MP -MF"Core/Src/ROBOT.d" -MT"Core/Src/ROBOT.o" --specs=nano.specs -mfpu=fpv4-sp-d16 -mfloat-abi=hard -mthumb -o "Core/Src/ROBOT.o"
arm-none-eabi-gcc "../Core/Src/main.c" -mcpu=cortex-m4 -std=gnu11 -g3 -DDEBUG -DUSE_HAL_DRIVER -DSTM32L476xx -c -I../Core/Inc -I../Drivers/STM32L4xx_HAL_Driver/Inc -I../Drivers/STM32L4xx_HAL_Driver/Inc/Legacy -I../Drivers/CMSIS/Device/ST/STM32L4xx/Include -I../Drivers/CMSIS/Include -I"/home/felipe/Documents/Estructuras/Robot_ARM/Peripherals/Inc" -O0 -ffunction-sections -fdata-sections -Wall -fstack-usage -fcyclomatic-complexity -MMD -MP -MF"Core/Src/main.d" -MT"Core/Src/main.o" --specs=nano.specs -mfpu=fpv4-sp-d16 -mfloat-abi=hard -mthumb -o "Core/Src/main.o"
arm-none-eabi-gcc -o "Robot_ARM.elf" @"objects.list"   -mcpu=cortex-m4 -T"/home/felipe/Documents/Estructuras/Robot_ARM/STM32L476RGTX_FLASH.ld" --specs=nosys.specs -Wl,-Map="Robot_ARM.map" -Wl,--gc-sections -static --specs=nano.specs -mfpu=fpv4-sp-d16 -mfloat-abi=hard -mthumb -u _printf_float -u _scanf_float -Wl,--start-group -lc -lm -Wl,--end-group
Finished building target: Robot_ARM.elf
 
arm-none-eabi-size   Robot_ARM.elf 
arm-none-eabi-objdump -h -S  Robot_ARM.elf  > "Robot_ARM.list"
   text	   data	    bss	    dec	    hex	filename
  60388	    512	   2168	  63068	   f65c	Robot_ARM.elf
Finished building: default.size.stdout
 
Finished building: Robot_ARM.list
 
11:41:49 **** Incremental Build of configuration Debug for project Robot_ARM ****
make -j12 all 
arm-none-eabi-gcc "../Core/Src/main.c" -mcpu=cortex-m4 -std=gnu11 -g3 -DDEBUG -DUSE_HAL_DRIVER -DSTM32L476xx -c -I../Core/Inc -I../Drivers/STM32L4xx_HAL_Driver/Inc -I../Drivers/STM32L4xx_HAL_Driver/Inc/Legacy -I../Drivers/CMSIS/Device/ST/STM32L4xx/Include -I../Drivers/CMSIS/Include -I"/home/felipe/Documents/Estructuras/Robot_ARM/Peripherals/Inc" -O0 -ffunction-sections -fdata-sections -Wall -fstack-usage -fcyclomatic-complexity -MMD -MP -MF"Core/Src/main.d" -MT"Core/Src/main.o" --specs=nano.specs -mfpu=fpv4-sp-d16 -mfloat-abi=hard -mthumb -o "Core/Src/main.o"
arm-none-eabi-gcc -o "Robot_ARM.elf" @"objects.list"   -mcpu=cortex-m4 -T"/home/felipe/Documents/Estructuras/Robot_ARM/STM32L476RGTX_FLASH.ld" --specs=nosys.specs -Wl,-Map="Robot_ARM.map" -Wl,--gc-sections -static --specs=nano.specs -mfpu=fpv4-sp-d16 -mfloat-abi=hard -mthumb -u _printf_float -u _scanf_float -Wl,--start-group -lc -lm -Wl,--end-group
Finished building target: Robot_ARM.elf
 
arm-none-eabi-size   Robot_ARM.elf 
arm-none-eabi-objdump -h -S  Robot_ARM.elf  > "Robot_ARM.list"
   text	   data	    bss	    dec	    hex	filename
  60396	    512	   2168	  63076	   f664	Robot_ARM.elf
Finished building: default.size.stdout
 
Finished building: Robot_ARM.list
 
11:45:45 **** Incremental Build of configuration Debug for project Robot_ARM ****
make -j12 all 
arm-none-eabi-gcc "../Core/Src/main.c" -mcpu=cortex-m4 -std=gnu11 -g3 -DDEBUG -DUSE_HAL_DRIVER -DSTM32L476xx -c -I../Core/Inc -I../Drivers/STM32L4xx_HAL_Driver/Inc -I../Drivers/STM32L4xx_HAL_Driver/Inc/Legacy -I../Drivers/CMSIS/Device/ST/STM32L4xx/Include -I../Drivers/CMSIS/Include -I"/home/felipe/Documents/Estructuras/Robot_ARM/Peripherals/Inc" -O0 -ffunction-sections -fdata-sections -Wall -fstack-usage -fcyclomatic-complexity -MMD -MP -MF"Core/Src/main.d" -MT"Core/Src/main.o" --specs=nano.specs -mfpu=fpv4-sp-d16 -mfloat-abi=hard -mthumb -o "Core/Src/main.o"
arm-none-eabi-gcc -o "Robot_ARM.elf" @"objects.list"   -mcpu=cortex-m4 -T"/home/felipe/Documents/Estructuras/Robot_ARM/STM32L476RGTX_FLASH.ld" --specs=nosys.specs -Wl,-Map="Robot_ARM.map" -Wl,--gc-sections -static --specs=nano.specs -mfpu=fpv4-sp-d16 -mfloat-abi=hard -mthumb -u _printf_float -u _scanf_float -Wl,--start-group -lc -lm -Wl,--end-group
Finished building target: Robot_ARM.elf
 
arm-none-eabi-size   Robot_ARM.elf 
arm-none-eabi-objdump -h -S  Robot_ARM.elf  > "Robot_ARM.list"
   text	   data	    bss	    dec	    hex	filename
  60420	    512	   2168	  63100	   f67c	Robot_ARM.elf
Finished building: default.size.stdout
 
Finished building: Robot_ARM.list
 
11:47:31 **** Incremental Build of configuration Debug for project Robot_ARM ****
make -j12 all 
arm-none-eabi-gcc "../Core/Src/main.c" -mcpu=cortex-m4 -std=gnu11 -g3 -DDEBUG -DUSE_HAL_DRIVER -DSTM32L476xx -c -I../Core/Inc -I../Drivers/STM32L4xx_HAL_Driver/Inc -I../Drivers/STM32L4xx_HAL_Driver/Inc/Legacy -I../Drivers/CMSIS/Device/ST/STM32L4xx/Include -I../Drivers/CMSIS/Include -I"/home/felipe/Documents/Estructuras/Robot_ARM/Peripherals/Inc" -O0 -ffunction-sections -fdata-sections -Wall -fstack-usage -fcyclomatic-complexity -MMD -MP -MF"Core/Src/main.d" -MT"Core/Src/main.o" --specs=nano.specs -mfpu=fpv4-sp-d16 -mfloat-abi=hard -mthumb -o "Core/Src/main.o"
arm-none-eabi-gcc -o "Robot_ARM.elf" @"objects.list"   -mcpu=cortex-m4 -T"/home/felipe/Documents/Estructuras/Robot_ARM/STM32L476RGTX_FLASH.ld" --specs=nosys.specs -Wl,-Map="Robot_ARM.map" -Wl,--gc-sections -static --specs=nano.specs -mfpu=fpv4-sp-d16 -mfloat-abi=hard -mthumb -u _printf_float -u _scanf_float -Wl,--start-group -lc -lm -Wl,--end-group
Finished building target: Robot_ARM.elf
 
arm-none-eabi-size   Robot_ARM.elf 
arm-none-eabi-objdump -h -S  Robot_ARM.elf  > "Robot_ARM.list"
   text	   data	    bss	    dec	    hex	filename
  60420	    512	   2168	  63100	   f67c	Robot_ARM.elf
Finished building: default.size.stdout
 
Finished building: Robot_ARM.list
 
11:48:27 **** Incremental Build of configuration Debug for project Robot_ARM ****
make -j12 all 
arm-none-eabi-gcc "../Core/Src/main.c" -mcpu=cortex-m4 -std=gnu11 -g3 -DDEBUG -DUSE_HAL_DRIVER -DSTM32L476xx -c -I../Core/Inc -I../Drivers/STM32L4xx_HAL_Driver/Inc -I../Drivers/STM32L4xx_HAL_Driver/Inc/Legacy -I../Drivers/CMSIS/Device/ST/STM32L4xx/Include -I../Drivers/CMSIS/Include -I"/home/felipe/Documents/Estructuras/Robot_ARM/Peripherals/Inc" -O0 -ffunction-sections -fdata-sections -Wall -fstack-usage -fcyclomatic-complexity -MMD -MP -MF"Core/Src/main.d" -MT"Core/Src/main.o" --specs=nano.specs -mfpu=fpv4-sp-d16 -mfloat-abi=hard -mthumb -o "Core/Src/main.o"
arm-none-eabi-gcc -o "Robot_ARM.elf" @"objects.list"   -mcpu=cortex-m4 -T"/home/felipe/Documents/Estructuras/Robot_ARM/STM32L476RGTX_FLASH.ld" --specs=nosys.specs -Wl,-Map="Robot_ARM.map" -Wl,--gc-sections -static --specs=nano.specs -mfpu=fpv4-sp-d16 -mfloat-abi=hard -mthumb -u _printf_float -u _scanf_float -Wl,--start-group -lc -lm -Wl,--end-group
Finished building target: Robot_ARM.elf
 
arm-none-eabi-size   Robot_ARM.elf 
arm-none-eabi-objdump -h -S  Robot_ARM.elf  > "Robot_ARM.list"
   text	   data	    bss	    dec	    hex	filename
  60420	    512	   2168	  63100	   f67c	Robot_ARM.elf
Finished building: default.size.stdout
 
Finished building: Robot_ARM.list
 
11:49:18 **** Incremental Build of configuration Debug for project Robot_ARM ****
make -j12 all 
arm-none-eabi-size   Robot_ARM.elf 
   text	   data	    bss	    dec	    hex	filename
  60420	    512	   2168	  63100	   f67c	Robot_ARM.elf
Finished building: default.size.stdout
 
11:50:38 **** Incremental Build of configuration Debug for project Robot_ARM ****
make -j12 all 
arm-none-eabi-gcc "../Core/Src/main.c" -mcpu=cortex-m4 -std=gnu11 -g3 -DDEBUG -DUSE_HAL_DRIVER -DSTM32L476xx -c -I../Core/Inc -I../Drivers/STM32L4xx_HAL_Driver/Inc -I../Drivers/STM32L4xx_HAL_Driver/Inc/Legacy -I../Drivers/CMSIS/Device/ST/STM32L4xx/Include -I../Drivers/CMSIS/Include -I"/home/felipe/Documents/Estructuras/Robot_ARM/Peripherals/Inc" -O0 -ffunction-sections -fdata-sections -Wall -fstack-usage -fcyclomatic-complexity -MMD -MP -MF"Core/Src/main.d" -MT"Core/Src/main.o" --specs=nano.specs -mfpu=fpv4-sp-d16 -mfloat-abi=hard -mthumb -o "Core/Src/main.o"
arm-none-eabi-gcc -o "Robot_ARM.elf" @"objects.list"   -mcpu=cortex-m4 -T"/home/felipe/Documents/Estructuras/Robot_ARM/STM32L476RGTX_FLASH.ld" --specs=nosys.specs -Wl,-Map="Robot_ARM.map" -Wl,--gc-sections -static --specs=nano.specs -mfpu=fpv4-sp-d16 -mfloat-abi=hard -mthumb -u _printf_float -u _scanf_float -Wl,--start-group -lc -lm -Wl,--end-group
Finished building target: Robot_ARM.elf
 
arm-none-eabi-size   Robot_ARM.elf 
arm-none-eabi-objdump -h -S  Robot_ARM.elf  > "Robot_ARM.list"
   text	   data	    bss	    dec	    hex	filename
  60444	    512	   2168	  63124	   f694	Robot_ARM.elf
Finished building: default.size.stdout
 
Finished building: Robot_ARM.list
 
11:53:18 **** Incremental Build of configuration Debug for project Robot_ARM ****
make -j12 all 
arm-none-eabi-gcc "../Core/Src/main.c" -mcpu=cortex-m4 -std=gnu11 -g3 -DDEBUG -DUSE_HAL_DRIVER -DSTM32L476xx -c -I../Core/Inc -I../Drivers/STM32L4xx_HAL_Driver/Inc -I../Drivers/STM32L4xx_HAL_Driver/Inc/Legacy -I../Drivers/CMSIS/Device/ST/STM32L4xx/Include -I../Drivers/CMSIS/Include -I"/home/felipe/Documents/Estructuras/Robot_ARM/Peripherals/Inc" -O0 -ffunction-sections -fdata-sections -Wall -fstack-usage -fcyclomatic-complexity -MMD -MP -MF"Core/Src/main.d" -MT"Core/Src/main.o" --specs=nano.specs -mfpu=fpv4-sp-d16 -mfloat-abi=hard -mthumb -o "Core/Src/main.o"
arm-none-eabi-gcc -o "Robot_ARM.elf" @"objects.list"   -mcpu=cortex-m4 -T"/home/felipe/Documents/Estructuras/Robot_ARM/STM32L476RGTX_FLASH.ld" --specs=nosys.specs -Wl,-Map="Robot_ARM.map" -Wl,--gc-sections -static --specs=nano.specs -mfpu=fpv4-sp-d16 -mfloat-abi=hard -mthumb -u _printf_float -u _scanf_float -Wl,--start-group -lc -lm -Wl,--end-group
Finished building target: Robot_ARM.elf
 
arm-none-eabi-size   Robot_ARM.elf 
arm-none-eabi-objdump -h -S  Robot_ARM.elf  > "Robot_ARM.list"
   text	   data	    bss	    dec	    hex	filename
  60444	    512	   2160	  63116	   f68c	Robot_ARM.elf
Finished building: default.size.stdout
 
Finished building: Robot_ARM.list
 
11:54:29 **** Incremental Build of configuration Debug for project Robot_ARM ****
make -j12 all 
arm-none-eabi-gcc "../Core/Src/main.c" -mcpu=cortex-m4 -std=gnu11 -g3 -DDEBUG -DUSE_HAL_DRIVER -DSTM32L476xx -c -I../Core/Inc -I../Drivers/STM32L4xx_HAL_Driver/Inc -I../Drivers/STM32L4xx_HAL_Driver/Inc/Legacy -I../Drivers/CMSIS/Device/ST/STM32L4xx/Include -I../Drivers/CMSIS/Include -I"/home/felipe/Documents/Estructuras/Robot_ARM/Peripherals/Inc" -O0 -ffunction-sections -fdata-sections -Wall -fstack-usage -fcyclomatic-complexity -MMD -MP -MF"Core/Src/main.d" -MT"Core/Src/main.o" --specs=nano.specs -mfpu=fpv4-sp-d16 -mfloat-abi=hard -mthumb -o "Core/Src/main.o"
arm-none-eabi-gcc -o "Robot_ARM.elf" @"objects.list"   -mcpu=cortex-m4 -T"/home/felipe/Documents/Estructuras/Robot_ARM/STM32L476RGTX_FLASH.ld" --specs=nosys.specs -Wl,-Map="Robot_ARM.map" -Wl,--gc-sections -static --specs=nano.specs -mfpu=fpv4-sp-d16 -mfloat-abi=hard -mthumb -u _printf_float -u _scanf_float -Wl,--start-group -lc -lm -Wl,--end-group
Finished building target: Robot_ARM.elf
 
arm-none-eabi-size   Robot_ARM.elf 
arm-none-eabi-objdump -h -S  Robot_ARM.elf  > "Robot_ARM.list"
   text	   data	    bss	    dec	    hex	filename
  60420	    512	   2160	  63092	   f674	Robot_ARM.elf
Finished building: default.size.stdout
 
Finished building: Robot_ARM.list
 
