11:38:29 **** Incremental Build of configuration Debug for project Joystick ****
make -j12 all 
arm-none-eabi-gcc "../Peripherals/Src/Joystick.c" -mcpu=cortex-m4 -std=gnu11 -g3 -DDEBUG -DUSE_HAL_DRIVER -DSTM32L476xx -c -I../Core/Inc -I../Drivers/STM32L4xx_HAL_Driver/Inc -I../Drivers/STM32L4xx_HAL_Driver/Inc/Legacy -I../Drivers/CMSIS/Device/ST/STM32L4xx/Include -I../Drivers/CMSIS/Include -I"/home/felipe/Documents/Estructuras/Joystick/Peripherals/Inc" -O0 -ffunction-sections -fdata-sections -Wall -fstack-usage -fcyclomatic-complexity -MMD -MP -MF"Peripherals/Src/Joystick.d" -MT"Peripherals/Src/Joystick.o" --specs=nano.specs -mfpu=fpv4-sp-d16 -mfloat-abi=hard -mthumb -o "Peripherals/Src/Joystick.o"
arm-none-eabi-gcc -o "Joystick.elf" @"objects.list"   -mcpu=cortex-m4 -T"/home/felipe/Documents/Estructuras/Joystick/STM32L476RGTX_FLASH.ld" --specs=nosys.specs -Wl,-Map="Joystick.map" -Wl,--gc-sections -static --specs=nano.specs -mfpu=fpv4-sp-d16 -mfloat-abi=hard -mthumb -u _printf_float -u _scanf_float -Wl,--start-group -lc -lm -Wl,--end-group
Finished building target: Joystick.elf
 
arm-none-eabi-size   Joystick.elf 
arm-none-eabi-objdump -h -S  Joystick.elf  > "Joystick.list"
   text	   data	    bss	    dec	    hex	filename
  40316	    512	   1872	  42700	   a6cc	Joystick.elf
Finished building: default.size.stdout
 
Finished building: Joystick.list
 

11:38:29 Build Finished. 0 errors, 0 warnings. (took 420ms)

