12:01:29 **** Incremental Build of configuration Debug for project LedBLink-C ****
make -j12 all 
arm-none-eabi-gcc "../Core/Source/main.c" -mcpu=cortex-m4 -std=gnu11 -g3 -DDEBUG -DSTM32L4 -DSTM32 -DNUCLEO_L476RG -DSTM32L476RGTx -DSTM32L476xx -c -I/home/felipe/Documents/Estructuras/LedBLink-C/Core/Include -I/home/felipe/Documents/Estructuras/LedBLink-C/Drivers/STM32L4xx_HAL_Driver/Inc -I/home/felipe/Documents/Estructuras/LedBLink-C/Drivers/CMSIS/Include -I/home/felipe/Documents/Estructuras/LedBLink-C/Drivers/CMSIS/Device/ST/STM32L4xx/Include -O0 -ffunction-sections -fdata-sections -Wall -fstack-usage -fcyclomatic-complexity -MMD -MP -MF"Core/Source/main.d" -MT"Core/Source/main.o" --specs=nano.specs -mfpu=fpv4-sp-d16 -mfloat-abi=hard -mthumb -o "Core/Source/main.o"
arm-none-eabi-gcc -o "LedBLink-C.elf" @"objects.list"   -mcpu=cortex-m4 -T"/home/felipe/Documents/Estructuras/LedBLink-C/STM32L476RGTX_FLASH.ld" --specs=nosys.specs -Wl,-Map="LedBLink-C.map" -Wl,--gc-sections -static --specs=nano.specs -mfpu=fpv4-sp-d16 -mfloat-abi=hard -mthumb -Wl,--start-group -lc -lm -Wl,--end-group
Finished building target: LedBLink-C.elf
 
arm-none-eabi-size   LedBLink-C.elf 
arm-none-eabi-objdump -h -S  LedBLink-C.elf  > "LedBLink-C.list"
   text	   data	    bss	    dec	    hex	filename
   1184	      8	   1568	   2760	    ac8	LedBLink-C.elf
Finished building: default.size.stdout
 
Finished building: LedBLink-C.list
 

12:01:30 Build Finished. 0 errors, 0 warnings. (took 214ms)

