14:08:17 **** Incremental Build of configuration Debug for project ServomotorControl ****
make -j12 all 
arm-none-eabi-gcc "../Core/Src/main.c" -mcpu=cortex-m4 -std=gnu11 -g3 -DDEBUG -DSTM32L4 -DSTM32 -DNUCLEO_L476RG -DSTM32L476RGTx -c -I../Inc -I"/home/felipe/Documents/Estructuras/ServomotorControl/Core/Inc" -I"/home/felipe/Documents/Estructuras/ServomotorControl/Drivers/CMSIS/Include" -I"/home/felipe/Documents/Estructuras/ServomotorControl/Drivers/CMSIS/Device/ST/STM32L4xx/Include" -I"/home/felipe/Documents/Estructuras/ServomotorControl/Drivers/STM32L4xx_HAL_Driver/Inc" -I"/home/felipe/Documents/Estructuras/ServomotorControl/Drivers/SERVO/Inc" -I"/home/felipe/Documents/Estructuras/ServomotorControl/Drivers/UTIL/DWT_Delay/Inc" -O0 -ffunction-sections -fdata-sections -Wall -fstack-usage -fcyclomatic-complexity -MMD -MP -MF"Core/Src/main.d" -MT"Core/Src/main.o" --specs=nano.specs -mfpu=fpv4-sp-d16 -mfloat-abi=hard -mthumb -o "Core/Src/main.o"
arm-none-eabi-gcc -o "ServomotorControl.elf" @"objects.list"   -mcpu=cortex-m4 -T"/home/felipe/Documents/Estructuras/ServomotorControl/STM32L476RGTX_FLASH.ld" --specs=nosys.specs -Wl,-Map="ServomotorControl.map" -Wl,--gc-sections -static --specs=nano.specs -mfpu=fpv4-sp-d16 -mfloat-abi=hard -mthumb -Wl,--start-group -lc -lm -Wl,--end-group
Finished building target: ServomotorControl.elf
 
arm-none-eabi-size   ServomotorControl.elf 
arm-none-eabi-objdump -h -S  ServomotorControl.elf  > "ServomotorControl.list"
   text	   data	    bss	    dec	    hex	filename
   9308	     12	   1572	  10892	   2a8c	ServomotorControl.elf
Finished building: default.size.stdout
 
Finished building: ServomotorControl.list
 

14:08:18 Build Finished. 0 errors, 0 warnings. (took 421ms)

