09:58:49 **** Incremental Build of configuration Debug for project SG90_Servo ****
make -j12 all 
arm-none-eabi-gcc "../Core/Src/main.c" -mcpu=cortex-m4 -std=gnu11 -g3 -DDEBUG -DUSE_HAL_DRIVER -DSTM32L476xx -c -I../Core/Inc -I../Drivers/STM32L4xx_HAL_Driver/Inc -I../Drivers/STM32L4xx_HAL_Driver/Inc/Legacy -I../Drivers/CMSIS/Device/ST/STM32L4xx/Include -I../Drivers/CMSIS/Include -I"/home/felipe/Documents/Estructuras/SG90_Servo/Peripherals/Inc" -O0 -ffunction-sections -fdata-sections -Wall -fstack-usage -fcyclomatic-complexity -MMD -MP -MF"Core/Src/main.d" -MT"Core/Src/main.o" --specs=nano.specs -mfpu=fpv4-sp-d16 -mfloat-abi=hard -mthumb -o "Core/Src/main.o"
arm-none-eabi-gcc -o "SG90_Servo.elf" @"objects.list"   -mcpu=cortex-m4 -T"/home/felipe/Documents/Estructuras/SG90_Servo/STM32L476RGTX_FLASH.ld" --specs=nosys.specs -Wl,-Map="SG90_Servo.map" -Wl,--gc-sections -static --specs=nano.specs -mfpu=fpv4-sp-d16 -mfloat-abi=hard -mthumb -u _printf_float -u _scanf_float -Wl,--start-group -lc -lm -Wl,--end-group
Finished building target: SG90_Servo.elf
 
arm-none-eabi-size   SG90_Servo.elf 
arm-none-eabi-objdump -h -S  SG90_Servo.elf  > "SG90_Servo.list"
   text	   data	    bss	    dec	    hex	filename
  34924	    488	   1800	  37212	   915c	SG90_Servo.elf
Finished building: default.size.stdout
 
Finished building: SG90_Servo.list
 

09:58:49 Build Finished. 0 errors, 0 warnings. (took 369ms)

