16:27:48 **** Incremental Build of configuration Debug for project USART_Printf ****
make -j12 all 
arm-none-eabi-gcc "../Core/Src/main.c" -mcpu=cortex-m4 -std=gnu11 -g3 -DDEBUG -DUSE_HAL_DRIVER -DSTM32L476xx -c -I../Core/Inc -I../Drivers/STM32L4xx_HAL_Driver/Inc -I../Drivers/STM32L4xx_HAL_Driver/Inc/Legacy -I../Drivers/CMSIS/Device/ST/STM32L4xx/Include -I../Drivers/CMSIS/Include -I"/home/felipe/Documents/Estructuras/USART_Printf/Peripherals/Inc" -O0 -ffunction-sections -fdata-sections -Wall -fstack-usage -fcyclomatic-complexity -MMD -MP -MF"Core/Src/main.d" -MT"Core/Src/main.o" --specs=nano.specs -mfpu=fpv4-sp-d16 -mfloat-abi=hard -mthumb -o "Core/Src/main.o"
arm-none-eabi-gcc -o "USART_Printf.elf" @"objects.list"   -mcpu=cortex-m4 -T"/home/felipe/Documents/Estructuras/USART_Printf/STM32L476RGTX_FLASH.ld" --specs=nosys.specs -Wl,-Map="USART_Printf.map" -Wl,--gc-sections -static --specs=nano.specs -mfpu=fpv4-sp-d16 -mfloat-abi=hard -mthumb -u _printf_float -u _scanf_float -Wl,--start-group -lc -lm -Wl,--end-group
Finished building target: USART_Printf.elf
 
arm-none-eabi-size   USART_Printf.elf 
arm-none-eabi-objdump -h -S  USART_Printf.elf  > "USART_Printf.list"
   text	   data	    bss	    dec	    hex	filename
  33360	    488	   1728	  35576	   8af8	USART_Printf.elf
Finished building: default.size.stdout
 
Finished building: USART_Printf.list
 

16:27:49 Build Finished. 0 errors, 0 warnings. (took 328ms)

